******************************************************************************
                  TI ARM Linker PC v5.2.6                      
******************************************************************************
>> Linked Thu May 03 20:25:32 2018

OUTPUT FILE NAME:   <blinkyTouch.out>
ENTRY POINT SYMBOL: "_c_int00"  address: 00002019


MEMORY CONFIGURATION

         name            origin    length      used     unused   attr    fill
----------------------  --------  ---------  --------  --------  ----  --------
  FLASH                 00000000   00040000  000024ac  0003db54  R  X
  SRAM                  20000000   00008000  00000576  00007a8a  RW X


SEGMENT ALLOCATION MAP

run origin  load origin   length   init length attrs members
----------  ----------- ---------- ----------- ----- -------
00000000    00000000    000024b0   000024b0    r-x
  00000000    00000000    0000026c   0000026c    r-- .intvecs
  0000026c    0000026c    00002158   00002158    r-x .text
  000023c8    000023c8    00000080   00000080    r-- .const
  00002448    00002448    00000068   00000068    r-- .cinit
20000000    20000000    00000578   00000000    rw-
  20000000    20000000    00000226   00000000    rw- .bss
  20000228    20000228    00000200   00000000    rw- .stack
  20000428    20000428    00000150   00000000    rw- .data


SECTION ALLOCATION MAP

 output                                  attributes/
section   page    origin      length       input sections
--------  ----  ----------  ----------   ----------------
.intvecs   0    00000000    0000026c     
                  00000000    0000026c     tm4c123gh6pm_startup_ccs.obj (.intvecs)

.text      0    0000026c    00002158     
                  0000026c    00000a7c     blinky.obj (.text)
                  00000ce8    0000059c     ssd1289.obj (.text)
                  00001284    00000294     rtsv7M4_T_le_v4SPD16_eabi.lib : xsin.obj (.text)
                  00001518    000001b6                                   : fd_add_t2.obj (.text)
                  000016ce    00000002     --HOLE-- [fill = 0]
                  000016d0    00000174                                   : fmod.obj (.text)
                  00001844    00000132     driverlib.lib : gpio.obj (.text:GPIOPadConfigSet)
                  00001976    00000002     --HOLE-- [fill = 0]
                  00001978    00000110     rtsv7M4_T_le_v4SPD16_eabi.lib : xdscale.obj (.text)
                  00001a88    000000fc                                   : fd_mul_t2.obj (.text)
                  00001b84    000000f4     driverlib.lib : sysctl.obj (.text:SysCtlClockSet)
                  00001c78    000000be     rtsv7M4_T_le_v4SPD16_eabi.lib : xdnorm.obj (.text)
                  00001d36    0000009c                                   : memcpy_t2.obj (.text)
                  00001dd2    00000086                                   : fd_cmp_t2.obj (.text:__aeabi_cdcmple)
                  00001e58    0000007a                                   : memset_t2.obj (.text)
                  00001ed2    0000006e                                   : fd_tos_t2.obj (.text)
                  00001f40    0000006c                                   : autoinit.obj (.text)
                  00001fac    0000006a                                   : copy_decompress_rle.obj (.text)
                  00002016    00000002     --HOLE-- [fill = 0]
                  00002018    00000050                                   : boot.obj (.text)
                  00002068    0000004c                                   : cpy_tbl.obj (.text)
                  000020b4    00000048                                   : fd_toi_t2.obj (.text)
                  000020fc    00000044                                   : exit.obj (.text)
                  00002140    00000040                                   : signal.obj (.text)
                  00002180    00000038     driverlib.lib : sysctl.obj (.text:SysCtlPeripheralReady)
                  000021b8    00000038     rtsv7M4_T_le_v4SPD16_eabi.lib : fs_tod_t2.obj (.text)
                  000021f0    00000034     driverlib.lib : sysctl.obj (.text:SysCtlPeripheralEnable)
                  00002224    00000034     rtsv7M4_T_le_v4SPD16_eabi.lib : feraiseexcept.obj (.text)
                  00002258    00000030                                   : xferaise.obj (.text)
                  00002288    0000002e                                   : i_tofd_t2.obj (.text)
                  000022b6    0000002e                                   : raise.obj (.text)
                  000022e4    0000002a     driverlib.lib : gpio.obj (.text:GPIODirModeSet)
                  0000230e    0000001a     rtsv7M4_T_le_v4SPD16_eabi.lib : cos.obj (.text)
                  00002328    0000001a                                   : sin.obj (.text)
                  00002342    00000018     driverlib.lib : gpio.obj (.text:GPIOPinTypeGPIOOutput)
                  0000235a    00000002     --HOLE-- [fill = 0]
                  0000235c    00000018     rtsv7M4_T_le_v4SPD16_eabi.lib : args_main.obj (.text)
                  00002374    00000014                                   : _lock.obj (.text)
                  00002388    0000000e                                   : copy_decompress_none.obj (.text:decompress:none)
                  00002396    0000000c                                   : copy_zero_init.obj (.text:decompress:ZI)
                  000023a2    0000000c     tm4c123gh6pm_startup_ccs.obj (.text)
                  000023ae    00000006     driverlib.lib : gpio.obj (.text:GPIOPinWrite)
                  000023b4    00000006                   : sysctl.obj (.text:SysCtlDelay)
                  000023ba    00000006     rtsv7M4_T_le_v4SPD16_eabi.lib : copy_decompress_rle.obj (.text:decompress:rle24)
                  000023c0    00000004                                   : pre_init.obj (.text)

.const     0    000023c8    00000080     
                  000023c8    00000080     rtsv7M4_T_le_v4SPD16_eabi.lib : xsin.obj (.const)

.cinit     0    00002448    00000068     
                  00002448    00000041     (.cinit..data.load) [load image, compression = rle]
                  00002489    00000003     --HOLE-- [fill = 0]
                  0000248c    0000000c     (__TI_handler_table)
                  00002498    00000008     (.cinit..bss.load) [load image, compression = zero_init]
                  000024a0    00000010     (__TI_cinit_table)

.init_array 
*          0    00000000    00000000     UNINITIALIZED

.bss       0    20000000    00000226     UNINITIALIZED
                  20000000    00000120     blinky.obj (.bss:Lines)
                  20000120    000000c0     blinky.obj (.bss:Render)
                  200001e0    00000004     (.common:LinestoRender)
                  200001e4    00000004     (.common:Xan)
                  200001e8    00000004     (.common:Xoff)
                  200001ec    00000004     (.common:Yan)
                  200001f0    00000004     (.common:Yoff)
                  200001f4    00000004     (.common:Zoff)
                  200001f8    00000004     (.common:fact)
                  200001fc    00000004     (.common:xx)
                  20000200    00000004     (.common:xy)
                  20000204    00000004     (.common:xz)
                  20000208    00000004     (.common:yx)
                  2000020c    00000004     (.common:yy)
                  20000210    00000004     (.common:yz)
                  20000214    00000004     (.common:zx)
                  20000218    00000004     (.common:zy)
                  2000021c    00000004     (.common:zz)
                  20000220    00000001     (.common:bcolorb)
                  20000221    00000001     (.common:bcolorg)
                  20000222    00000001     (.common:bcolorr)
                  20000223    00000001     (.common:fcolorb)
                  20000224    00000001     (.common:fcolorg)
                  20000225    00000001     (.common:fcolorr)

.TI.noinit 
*          0    20000000    00000000     UNINITIALIZED

.stack     0    20000228    00000200     UNINITIALIZED
                  20000228    00000200     --HOLE--

.data      0    20000428    00000150     UNINITIALIZED
                  20000428    000000b0     rtsv7M4_T_le_v4SPD16_eabi.lib : signal.obj (.data:sigtable)
                  200004d8    00000080                                   : xvalues.obj (.data)
                  20000558    00000008                                   : _lock.obj (.data)
                  20000560    00000008                                   : exit.obj (.data)
                  20000568    00000008                                   : feraiseexcept.obj (.data)
                  20000570    00000004                                   : errno.obj (.data)
                  20000574    00000004                                   : stkdepth_vars.obj (.data)

.TI.persistent 
*          0    20000428    00000000     UNINITIALIZED


LINKER GENERATED COPY TABLES

__TI_cinit_table @ 000024a0 records: 2, size/record: 8, table size: 16
	.data: load addr=00002448, load size=00000041 bytes, run addr=20000428, run size=00000150 bytes, compression=rle
	.bss: load addr=00002498, load size=00000008 bytes, run addr=20000000, run size=00000226 bytes, compression=zero_init


LINKER GENERATED HANDLER TABLE

__TI_handler_table @ 0000248c records: 3, size/record: 4, table size: 12
	index: 0, handler: __TI_decompress_rle24
	index: 1, handler: __TI_decompress_none
	index: 2, handler: __TI_zero_init


GLOBAL SYMBOLS: SORTED ALPHABETICALLY BY Name 

address   name                     
-------   ----                     
000020fd  C$$EXIT                  
000022e5  GPIODirModeSet           
00001845  GPIOPadConfigSet         
00002343  GPIOPinTypeGPIOOutput    
000023af  GPIOPinWrite             
00000909  HideLine                 
00000ce9  LCD_Writ_Bus             
00000d2d  LCD_Write_COM            
00000d7f  LCD_Write_COM_DATA       
00000d5d  LCD_Write_DATA           
0000105d  LCD_clrXY                
00000f79  LCD_fillScr              
00000da3  LCD_init                 
00001007  LCD_setXY                
20000000  Lines                    
200001e0  LinestoRender            
000003a1  ProcessLine              
UNDEFED   ROM_FPUEnable            
UNDEFED   ROM_FPULazyStackingEnable
20000120  Render                   
00000931  RenderLine               
000023a3  ResetISR                 
UNDEFED   SHT$$INIT_ARRAY$$Base    
UNDEFED   SHT$$INIT_ARRAY$$Limit   
0000026d  SetVars                  
00001b85  SysCtlClockSet           
000023b5  SysCtlDelay              
000021f1  SysCtlPeripheralEnable   
00002181  SysCtlPeripheralReady    
200001e4  Xan                      
200001e8  Xoff                     
200001ec  Yan                      
200001f0  Yoff                     
200001f4  Zoff                     
200004d8  _Denorm                  
00001c79  _Dnorm                   
00001979  _Dscale                  
200004e8  _Eps                     
20000570  _Errno                   
20000568  _Fenv                    
00002259  _Feraise                 
200004f8  _Hugeval                 
20000508  _Inf                     
20000518  _Nan                     
20000538  _Rteps                   
00001285  _Sin                     
20000528  _Snan                    
2000056c  _Tls_setup__Fenv         
20000548  _Xbig                    
20000550  _Zero                    
20000428  __STACK_END              
00000200  __STACK_SIZE             
20000428  __STACK_TOP              
000024a0  __TI_CINIT_Base          
000024b0  __TI_CINIT_Limit         
0000248c  __TI_Handler_Table_Base  
00002498  __TI_Handler_Table_Limit 
00001f41  __TI_auto_init           
20000560  __TI_cleanup_ptr         
00002389  __TI_decompress_none     
000023bb  __TI_decompress_rle24    
20000564  __TI_dtors_ptr           
00000000  __TI_static_base__       
00002397  __TI_zero_init           
00001dd3  __aeabi_cdcmpeq          
00001dd3  __aeabi_cdcmple          
00001ed3  __aeabi_d2f              
000020b5  __aeabi_d2iz             
00001523  __aeabi_dadd             
00001a89  __aeabi_dmul             
00001519  __aeabi_dsub             
000021b9  __aeabi_f2d              
00002289  __aeabi_i2d              
00001e59  __aeabi_memclr           
00001e59  __aeabi_memclr4          
00001e59  __aeabi_memclr8          
00001d37  __aeabi_memcpy           
00001d37  __aeabi_memcpy4          
00001d37  __aeabi_memcpy8          
00001e5b  __aeabi_memset           
00001e5b  __aeabi_memset4          
00001e5b  __aeabi_memset8          
ffffffff  __binit__                
ffffffff  __c_args__               
20000228  __stack                  
0000235d  _args_main               
00002019  _c_int00                 
20000558  _lock                    
00002383  _nop                     
0000237b  _register_lock           
00002375  _register_unlock         
000023c1  _system_pre_init         
2000055c  _unlock                  
00002101  abort                    
20000220  bcolorb                  
20000221  bcolorg                  
20000222  bcolorr                  
ffffffff  binit                    
00002069  copy_in                  
0000230f  cos                      
00001175  drawLine                 
00001117  drawPixel                
00002109  exit                     
200001f8  fact                     
20000223  fcolorb                  
20000224  fcolorg                  
20000225  fcolorr                  
00002225  feraiseexcept            
000016d1  fmod                     
00000000  g_pfnVectors             
00000a7d  main                     
20000574  main_func_sp             
00001d37  memcpy                   
00001e61  memset                   
000022b7  raise                    
000010a9  setBackColor             
0000106f  setColor                 
000010dd  setPixel                 
000006d9  setup                    
00001147  sign                     
00002141  signal                   
00002329  sin                      
200001fc  xx                       
20000200  xy                       
20000204  xz                       
20000208  yx                       
2000020c  yy                       
20000210  yz                       
20000214  zx                       
20000218  zy                       
2000021c  zz                       


GLOBAL SYMBOLS: SORTED BY Symbol Address 

address   name                     
-------   ----                     
00000000  __TI_static_base__       
00000000  g_pfnVectors             
00000200  __STACK_SIZE             
0000026d  SetVars                  
000003a1  ProcessLine              
000006d9  setup                    
00000909  HideLine                 
00000931  RenderLine               
00000a7d  main                     
00000ce9  LCD_Writ_Bus             
00000d2d  LCD_Write_COM            
00000d5d  LCD_Write_DATA           
00000d7f  LCD_Write_COM_DATA       
00000da3  LCD_init                 
00000f79  LCD_fillScr              
00001007  LCD_setXY                
0000105d  LCD_clrXY                
0000106f  setColor                 
000010a9  setBackColor             
000010dd  setPixel                 
00001117  drawPixel                
00001147  sign                     
00001175  drawLine                 
00001285  _Sin                     
00001519  __aeabi_dsub             
00001523  __aeabi_dadd             
000016d1  fmod                     
00001845  GPIOPadConfigSet         
00001979  _Dscale                  
00001a89  __aeabi_dmul             
00001b85  SysCtlClockSet           
00001c79  _Dnorm                   
00001d37  __aeabi_memcpy           
00001d37  __aeabi_memcpy4          
00001d37  __aeabi_memcpy8          
00001d37  memcpy                   
00001dd3  __aeabi_cdcmpeq          
00001dd3  __aeabi_cdcmple          
00001e59  __aeabi_memclr           
00001e59  __aeabi_memclr4          
00001e59  __aeabi_memclr8          
00001e5b  __aeabi_memset           
00001e5b  __aeabi_memset4          
00001e5b  __aeabi_memset8          
00001e61  memset                   
00001ed3  __aeabi_d2f              
00001f41  __TI_auto_init           
00002019  _c_int00                 
00002069  copy_in                  
000020b5  __aeabi_d2iz             
000020fd  C$$EXIT                  
00002101  abort                    
00002109  exit                     
00002141  signal                   
00002181  SysCtlPeripheralReady    
000021b9  __aeabi_f2d              
000021f1  SysCtlPeripheralEnable   
00002225  feraiseexcept            
00002259  _Feraise                 
00002289  __aeabi_i2d              
000022b7  raise                    
000022e5  GPIODirModeSet           
0000230f  cos                      
00002329  sin                      
00002343  GPIOPinTypeGPIOOutput    
0000235d  _args_main               
00002375  _register_unlock         
0000237b  _register_lock           
00002383  _nop                     
00002389  __TI_decompress_none     
00002397  __TI_zero_init           
000023a3  ResetISR                 
000023af  GPIOPinWrite             
000023b5  SysCtlDelay              
000023bb  __TI_decompress_rle24    
000023c1  _system_pre_init         
0000248c  __TI_Handler_Table_Base  
00002498  __TI_Handler_Table_Limit 
000024a0  __TI_CINIT_Base          
000024b0  __TI_CINIT_Limit         
20000000  Lines                    
20000120  Render                   
200001e0  LinestoRender            
200001e4  Xan                      
200001e8  Xoff                     
200001ec  Yan                      
200001f0  Yoff                     
200001f4  Zoff                     
200001f8  fact                     
200001fc  xx                       
20000200  xy                       
20000204  xz                       
20000208  yx                       
2000020c  yy                       
20000210  yz                       
20000214  zx                       
20000218  zy                       
2000021c  zz                       
20000220  bcolorb                  
20000221  bcolorg                  
20000222  bcolorr                  
20000223  fcolorb                  
20000224  fcolorg                  
20000225  fcolorr                  
20000228  __stack                  
20000428  __STACK_END              
20000428  __STACK_TOP              
200004d8  _Denorm                  
200004e8  _Eps                     
200004f8  _Hugeval                 
20000508  _Inf                     
20000518  _Nan                     
20000528  _Snan                    
20000538  _Rteps                   
20000548  _Xbig                    
20000550  _Zero                    
20000558  _lock                    
2000055c  _unlock                  
20000560  __TI_cleanup_ptr         
20000564  __TI_dtors_ptr           
20000568  _Fenv                    
2000056c  _Tls_setup__Fenv         
20000570  _Errno                   
20000574  main_func_sp             
ffffffff  __binit__                
ffffffff  __c_args__               
ffffffff  binit                    
UNDEFED   ROM_FPUEnable            
UNDEFED   ROM_FPULazyStackingEnable
UNDEFED   SHT$$INIT_ARRAY$$Base    
UNDEFED   SHT$$INIT_ARRAY$$Limit   

[131 symbols]
