******************************************************************************
                  TI ARM Linker PC v5.2.6                      
******************************************************************************
>> Linked Wed May 16 14:27:04 2018

OUTPUT FILE NAME:   <blinkyClock.out>
ENTRY POINT SYMBOL: "_c_int00"  address: 0000153d


MEMORY CONFIGURATION

         name            origin    length      used     unused   attr    fill
----------------------  --------  ---------  --------  --------  ----  --------
  FLASH                 00000000   00040000  00002880  0003d780  R  X
  SRAM                  20000000   00008000  0000058b  00007a75  RW X


SEGMENT ALLOCATION MAP

run origin  load origin   length   init length attrs members
----------  ----------- ---------- ----------- ----- -------
00000000    00000000    00002880   00002880    r-x
  00000000    00000000    0000026c   0000026c    r-- .intvecs
  0000026c    0000026c    00001bc0   00001bc0    r-x .text
  00001e2c    00001e2c    000009ec   000009ec    r-- .const
  00002818    00002818    00000068   00000068    r-- .cinit
20000000    20000000    0000058c   00000000    rw-
  20000000    20000000    0000026c   00000000    rw- .vtable
  2000026c    2000026c    00000200   00000000    rw- .stack
  2000046c    2000046c    000000b7   00000000    rw- .bss
  20000524    20000524    00000068   00000000    rw- .data


SECTION ALLOCATION MAP

 output                                  attributes/
section   page    origin      length       input sections
--------  ----  ----------  ----------   ----------------
.intvecs   0    00000000    0000026c     
                  00000000    0000026c     tm4c123gh6pm_startup_ccs.obj (.intvecs)

.text      0    0000026c    00001bc0     
                  0000026c    000002a8     rtsv7M4_T_le_v4SPD16_eabi.lib : mktime.obj (.text)
                  00000514    0000022c     blinky.obj (.text:main)
                  00000740    000001f8     ssd1289.obj (.text:LCD_init)
                  00000938    00000132     driverlib.lib : gpio.obj (.text:GPIOPadConfigSet)
                  00000a6a    00000002     tm4c123gh6pm_startup_ccs.obj (.text:FaultISR)
                  00000a6c    00000118     XPT2046.obj (.text:Touch_init)
                  00000b84    00000110     driverlib.lib : sysctl.obj (.text:SysCtlClockGet)
                  00000c94    000000f4                   : sysctl.obj (.text:SysCtlClockSet)
                  00000d88    000000f0     blinky.obj (.text:init_calc)
                  00000e78    000000a8     blinky.obj (.text:init_cells)
                  00000f20    000000a4     rtsv7M4_T_le_v4SPD16_eabi.lib : asctime.obj (.text)
                  00000fc4    000000a0     ssd1289.obj (.text:drawLine)
                  00001064    0000009c     rtsv7M4_T_le_v4SPD16_eabi.lib : memcpy_t2.obj (.text)
                  00001100    0000007a                                   : memset_t2.obj (.text)
                  0000117a    00000002     tm4c123gh6pm_startup_ccs.obj (.text:IntDefaultHandler)
                  0000117c    0000006c     rtsv7M4_T_le_v4SPD16_eabi.lib : autoinit.obj (.text)
                  000011e8    0000006a                                   : copy_decompress_rle.obj (.text)
                  00001252    00000002     tm4c123gh6pm_startup_ccs.obj (.text:NmiSR)
                  00001254    00000068     driverlib.lib : interrupt.obj (.text:IntEnable)
                  000012bc    00000064     blinky.obj (.text:openEditMode)
                  00001320    00000060     blinky.obj (.text:SetPress)
                  00001380    00000060     blinky.obj (.text:findClickedButton)
                  000013e0    0000005c     ssd1289.obj (.text:LCD_fillScr)
                  0000143c    00000058     XPT2046.obj (.text:Touch_getxy)
                  00001494    00000058     ssd1289.obj (.text:ssd1289_char)
                  000014ec    00000050     rtsv7M4_T_le_v4SPD16_eabi.lib : _tvaltostr.obj (.text)
                  0000153c    00000050                                   : boot.obj (.text)
                  0000158c    0000004c     ssd1289.obj (.text:LCD_Writ_Bus)
                  000015d8    0000004c     rtsv7M4_T_le_v4SPD16_eabi.lib : cpy_tbl.obj (.text)
                  00001624    0000004c                                   : localtim.obj (.text)
                  00001670    00000048     blinky.obj (.text:ClearPress)
                  000016b8    00000048     driverlib.lib : gpio.obj (.text:GPIOPinConfigure)
                  00001700    00000048     blinky.obj (.text:renderActualTime)
                  00001748    00000048     blinky.obj (.text:renderClockTime)
                  00001790    00000044     XPT2046.obj (.text:Touch_spi)
                  000017d4    00000044     driverlib.lib : gpio.obj (.text:_GPIOIntNumberGet)
                  00001818    00000044     blinky.obj (.text:numberMinusPress)
                  0000185c    00000044     rtsv7M4_T_le_v4SPD16_eabi.lib : exit.obj (.text)
                  000018a0    00000040     blinky.obj (.text:closeEditingMode)
                  000018e0    00000040     blinky.obj (.text:isClicked)
                  00001920    00000040     rtsv7M4_T_le_v4SPD16_eabi.lib : u_divt2.obj (.text)
                  00001960    0000003c     ssd1289.obj (.text:LCD_setXY)
                  0000199c    0000003c     driverlib.lib : ssi.obj (.text:SSIConfigSetExpClk)
                  000019d8    00000038     ssd1289.obj (.text:LCD_Write_COM)
                  00001a10    00000038     blinky.obj (.text:MoveLeft)
                  00001a48    00000038     driverlib.lib : sysctl.obj (.text:SysCtlPeripheralReady)
                  00001a80    00000034                   : interrupt.obj (.text:IntRegister)
                  00001ab4    00000034     blinky.obj (.text:MoveRight)
                  00001ae8    00000034     driverlib.lib : sysctl.obj (.text:SysCtlPeripheralEnable)
                  00001b1c    00000034     blinky.obj (.text:numberPlusPress)
                  00001b50    00000030     ssd1289.obj (.text:drawPixel)
                  00001b80    00000030     blinky.obj (.text:fireAlarm)
                  00001bb0    0000002a     driverlib.lib : gpio.obj (.text:GPIODirModeSet)
                  00001bda    00000002     rtsv7M4_T_le_v4SPD16_eabi.lib : i_div0.obj (.text)
                  00001bdc    00000028     XPT2046.obj (.text:IntGPIOf)
                  00001c04    00000024     ssd1289.obj (.text:ssd1289_string)
                  00001c28    00000020     ssd1289.obj (.text:LCD_Write_DATA)
                  00001c48    00000020     ssd1289.obj (.text:setColor)
                  00001c68    0000001e     XPT2046.obj (.text:Touch_prepare)
                  00001c86    0000001e     rtsv7M4_T_le_v4SPD16_eabi.lib : strcat.obj (.text)
                  00001ca4    00000018     driverlib.lib : gpio.obj (.text:GPIOIntRegister)
                  00001cbc    00000018                   : gpio.obj (.text:GPIOPinTypeGPIOOutput)
                  00001cd4    00000018     rtsv7M4_T_le_v4SPD16_eabi.lib : args_main.obj (.text)
                  00001cec    00000016     ssd1289.obj (.text:setPixel)
                  00001d02    00000014     ssd1289.obj (.text:LCD_Write_COM_DATA)
                  00001d16    00000002     --HOLE-- [fill = 0]
                  00001d18    00000014     rtsv7M4_T_le_v4SPD16_eabi.lib : _lock.obj (.text)
                  00001d2c    00000014                                   : strcpy.obj (.text)
                  00001d40    00000014     ssd1289.obj (.text:sign)
                  00001d54    00000012     driverlib.lib : gpio.obj (.text:GPIOPinTypeSSI)
                  00001d66    00000012                   : ssi.obj (.text:SSIDataGetNonBlocking)
                  00001d78    0000000e                   : gpio.obj (.text:GPIOIntStatus)
                  00001d86    0000000e     ssd1289.obj (.text:LCD_clrXY)
                  00001d94    0000000e     rtsv7M4_T_le_v4SPD16_eabi.lib : copy_decompress_none.obj (.text:decompress:none)
                  00001da2    0000000c     driverlib.lib : gpio.obj (.text:GPIOIntEnable)
                  00001dae    0000000c     XPT2046.obj (.text:Touch_ccs)
                  00001dba    0000000c     XPT2046.obj (.text:Touch_scs)
                  00001dc6    0000000c     rtsv7M4_T_le_v4SPD16_eabi.lib : copy_zero_init.obj (.text:decompress:ZI)
                  00001dd2    0000000c     blinky.obj (.text:refreshData)
                  00001dde    0000000a     driverlib.lib : ssi.obj (.text:SSIDataPut)
                  00001de8    0000000a                   : ssi.obj (.text:SSIDisable)
                  00001df2    0000000a                   : ssi.obj (.text:SSIEnable)
                  00001dfc    00000008                   : ssi.obj (.text:SSIBusy)
                  00001e04    00000006                   : gpio.obj (.text:GPIOIntClear)
                  00001e0a    00000006                   : gpio.obj (.text:GPIOPinWrite)
                  00001e10    00000006     tm4c123gh6pm_startup_ccs.obj (.text:ResetISR)
                  00001e16    00000006     driverlib.lib : ssi.obj (.text:SSIClockSourceSet)
                  00001e1c    00000006                   : sysctl.obj (.text:SysCtlDelay)
                  00001e22    00000006     rtsv7M4_T_le_v4SPD16_eabi.lib : copy_decompress_rle.obj (.text:decompress:rle24)
                  00001e28    00000004                                   : pre_init.obj (.text)

.const     0    00001e2c    000009ec     
                  00001e2c    000005f0     ssd1289.obj (.const:font_ascii)
                  0000241c    000000d8     driverlib.lib : gpio.obj (.const:g_ppui32GPIOIntMapSnowflake)
                  000024f4    000000c0                   : gpio.obj (.const:g_ppui32GPIOIntMapBlizzard)
                  000025b4    00000090                   : gpio.obj (.const:g_pui32GPIOBaseAddrs)
                  00002644    00000070                   : interrupt.obj (.const)
                  000026b4    0000006c                   : sysctl.obj (.const:g_pui32Xtals)
                  00002720    00000060     rtsv7M4_T_le_v4SPD16_eabi.lib : mktime.obj (.const)
                  00002780    0000004c                                   : asctime.obj (.const:.string)
                  000027cc    0000004c                                   : asctime.obj (.const)

.cinit     0    00002818    00000068     
                  00002818    00000030     (.cinit..data.load) [load image, compression = rle]
                  00002848    0000000c     (__TI_handler_table)
                  00002854    00000004     --HOLE-- [fill = 0]
                  00002858    00000008     (.cinit..bss.load) [load image, compression = zero_init]
                  00002860    00000008     (.cinit..vtable.load) [load image, compression = zero_init]
                  00002868    00000018     (__TI_cinit_table)

.init_array 
*          0    00000000    00000000     UNINITIALIZED

.vtable    0    20000000    0000026c     UNINITIALIZED
                  20000000    0000026c     driverlib.lib : interrupt.obj (.vtable)

.stack     0    2000026c    00000200     UNINITIALIZED
                  2000026c    00000200     --HOLE--

.bss       0    2000046c    000000b7     UNINITIALIZED
                  2000046c    00000078     blinky.obj (.bss:Cells)
                  200004e4    0000001c     (.common:time_buf)
                  20000500    0000000c     (.common:tstr_out)
                  2000050c    00000004     (.common:actual_time)
                  20000510    00000004     (.common:current_time)
                  20000514    00000004     (.common:line_x)
                  20000518    00000004     (.common:line_y)
                  2000051c    00000004     (.common:width)
                  20000520    00000001     (.common:fcolorb)
                  20000521    00000001     (.common:fcolorg)
                  20000522    00000001     (.common:fcolorr)

.TI.noinit 
*          0    2000046c    00000000     UNINITIALIZED

.data      0    20000524    00000068     UNINITIALIZED
                  20000524    00000024     rtsv7M4_T_le_v4SPD16_eabi.lib : localtim.obj (.data:local_tm)
                  20000548    00000011     blinky.obj (.data)
                  20000559    00000003     --HOLE--
                  2000055c    00000010     rtsv7M4_T_le_v4SPD16_eabi.lib : tmzone.obj (.data)
                  2000056c    0000000c     XPT2046.obj (.data)
                  20000578    00000008     rtsv7M4_T_le_v4SPD16_eabi.lib : _lock.obj (.data)
                  20000580    00000008                                   : exit.obj (.data)
                  20000588    00000004                                   : stkdepth_vars.obj (.data)

.TI.persistent 
*          0    20000524    00000000     UNINITIALIZED


LINKER GENERATED COPY TABLES

__TI_cinit_table @ 00002868 records: 3, size/record: 8, table size: 24
	.data: load addr=00002818, load size=00000030 bytes, run addr=20000524, run size=00000068 bytes, compression=rle
	.bss: load addr=00002858, load size=00000008 bytes, run addr=2000046c, run size=000000b7 bytes, compression=zero_init
	.vtable: load addr=00002860, load size=00000008 bytes, run addr=20000000, run size=0000026c bytes, compression=zero_init


LINKER GENERATED HANDLER TABLE

__TI_handler_table @ 00002848 records: 3, size/record: 4, table size: 12
	index: 0, handler: __TI_zero_init
	index: 1, handler: __TI_decompress_rle24
	index: 2, handler: __TI_decompress_none


GLOBAL SYMBOLS: SORTED ALPHABETICALLY BY Name 

address   name                    
-------   ----                    
0000185d  C$$EXIT                 
2000046c  Cells                   
00001671  ClearPress              
00001bb1  GPIODirModeSet          
00001e05  GPIOIntClear            
00001da3  GPIOIntEnable           
00001ca5  GPIOIntRegister         
00001d79  GPIOIntStatus           
00000939  GPIOPadConfigSet        
000016b9  GPIOPinConfigure        
00001cbd  GPIOPinTypeGPIOOutput   
00001d55  GPIOPinTypeSSI          
00001e0b  GPIOPinWrite            
00001255  IntEnable               
00001bdd  IntGPIOf                
00001a81  IntRegister             
0000158d  LCD_Writ_Bus            
000019d9  LCD_Write_COM           
00001d03  LCD_Write_COM_DATA      
00001c29  LCD_Write_DATA          
00001d87  LCD_clrXY               
000013e1  LCD_fillScr             
00000741  LCD_init                
00001961  LCD_setXY               
00001a11  MoveLeft                
00001ab5  MoveRight               
00001e11  ResetISR                
UNDEFED   SHT$$INIT_ARRAY$$Base   
UNDEFED   SHT$$INIT_ARRAY$$Limit  
00001dfd  SSIBusy                 
00001e17  SSIClockSourceSet       
0000199d  SSIConfigSetExpClk      
00001d67  SSIDataGetNonBlocking   
00001ddf  SSIDataPut              
00001de9  SSIDisable              
00001df3  SSIEnable               
00001321  SetPress                
20000558  Switch                  
00000b85  SysCtlClockGet          
00000c95  SysCtlClockSet          
00001e1d  SysCtlDelay             
00001ae9  SysCtlPeripheralEnable  
00001a49  SysCtlPeripheralReady   
00001daf  Touch_ccs               
0000143d  Touch_getxy             
00000a6d  Touch_init              
00001c69  Touch_prepare           
00001dbb  Touch_scs               
00001791  Touch_spi               
2000046c  __STACK_END             
00000200  __STACK_SIZE            
2000046c  __STACK_TOP             
00002868  __TI_CINIT_Base         
00002880  __TI_CINIT_Limit        
00002848  __TI_Handler_Table_Base 
00002854  __TI_Handler_Table_Limit
0000117d  __TI_auto_init          
20000580  __TI_cleanup_ptr        
00001d95  __TI_decompress_none    
00001e23  __TI_decompress_rle24   
20000584  __TI_dtors_ptr          
00000000  __TI_static_base__      
000014ed  __TI_tvaltostr          
00001dc7  __TI_zero_init          
00001bdb  __aeabi_idiv0           
00001101  __aeabi_memclr          
00001101  __aeabi_memclr4         
00001101  __aeabi_memclr8         
00001065  __aeabi_memcpy          
00001065  __aeabi_memcpy4         
00001065  __aeabi_memcpy8         
00001103  __aeabi_memset          
00001103  __aeabi_memset4         
00001103  __aeabi_memset8         
00001921  __aeabi_uidiv           
00001921  __aeabi_uidivmod        
ffffffff  __binit__               
ffffffff  __c_args__              
2000026c  __stack                 
00001cd5  _args_main              
0000153d  _c_int00                
20000578  _lock                   
20000574  _n                      
00001d27  _nop                    
00001d1f  _register_lock          
00001d19  _register_unlock        
00001e29  _system_pre_init        
2000055c  _tz                     
2000057c  _unlock                 
2000056c  _x                      
20000570  _y                      
00001861  abort                   
2000050c  actual_time             
00000f21  asctime                 
ffffffff  binit                   
2000054c  bounce_time             
20000548  cells_length            
000018a1  closeEditingMode        
000015d9  copy_in                 
20000510  current_time            
00000fc5  drawLine                
00001b51  drawPixel               
20000550  editing                 
00001869  exit                    
20000520  fcolorb                 
20000521  fcolorg                 
20000522  fcolorr                 
00001381  findClickedButton       
00001b81  fireAlarm               
00001e2c  font_ascii              
20000000  g_pfnRAMVectors         
00000000  g_pfnVectors            
00000d89  init_calc               
00000e79  init_cells              
000018e1  isClicked               
20000514  line_x                  
20000518  line_y                  
00001625  localtime               
00000515  main                    
20000588  main_func_sp            
00001065  memcpy                  
00001109  memset                  
0000026d  mktime                  
00001819  numberMinusPress        
00001b1d  numberPlusPress         
000012bd  openEditMode            
00001dd3  refreshData             
00001701  renderActualTime        
00001749  renderClockTime         
00001c49  setColor                
00001ced  setPixel                
00001d41  sign                    
00001495  ssd1289_char            
00001c05  ssd1289_string          
20000554  stoped                  
00001c87  strcat                  
00001d2d  strcpy                  
2000051c  width                   


GLOBAL SYMBOLS: SORTED BY Symbol Address 

address   name                    
-------   ----                    
00000000  __TI_static_base__      
00000000  g_pfnVectors            
00000200  __STACK_SIZE            
0000026d  mktime                  
00000515  main                    
00000741  LCD_init                
00000939  GPIOPadConfigSet        
00000a6d  Touch_init              
00000b85  SysCtlClockGet          
00000c95  SysCtlClockSet          
00000d89  init_calc               
00000e79  init_cells              
00000f21  asctime                 
00000fc5  drawLine                
00001065  __aeabi_memcpy          
00001065  __aeabi_memcpy4         
00001065  __aeabi_memcpy8         
00001065  memcpy                  
00001101  __aeabi_memclr          
00001101  __aeabi_memclr4         
00001101  __aeabi_memclr8         
00001103  __aeabi_memset          
00001103  __aeabi_memset4         
00001103  __aeabi_memset8         
00001109  memset                  
0000117d  __TI_auto_init          
00001255  IntEnable               
000012bd  openEditMode            
00001321  SetPress                
00001381  findClickedButton       
000013e1  LCD_fillScr             
0000143d  Touch_getxy             
00001495  ssd1289_char            
000014ed  __TI_tvaltostr          
0000153d  _c_int00                
0000158d  LCD_Writ_Bus            
000015d9  copy_in                 
00001625  localtime               
00001671  ClearPress              
000016b9  GPIOPinConfigure        
00001701  renderActualTime        
00001749  renderClockTime         
00001791  Touch_spi               
00001819  numberMinusPress        
0000185d  C$$EXIT                 
00001861  abort                   
00001869  exit                    
000018a1  closeEditingMode        
000018e1  isClicked               
00001921  __aeabi_uidiv           
00001921  __aeabi_uidivmod        
00001961  LCD_setXY               
0000199d  SSIConfigSetExpClk      
000019d9  LCD_Write_COM           
00001a11  MoveLeft                
00001a49  SysCtlPeripheralReady   
00001a81  IntRegister             
00001ab5  MoveRight               
00001ae9  SysCtlPeripheralEnable  
00001b1d  numberPlusPress         
00001b51  drawPixel               
00001b81  fireAlarm               
00001bb1  GPIODirModeSet          
00001bdb  __aeabi_idiv0           
00001bdd  IntGPIOf                
00001c05  ssd1289_string          
00001c29  LCD_Write_DATA          
00001c49  setColor                
00001c69  Touch_prepare           
00001c87  strcat                  
00001ca5  GPIOIntRegister         
00001cbd  GPIOPinTypeGPIOOutput   
00001cd5  _args_main              
00001ced  setPixel                
00001d03  LCD_Write_COM_DATA      
00001d19  _register_unlock        
00001d1f  _register_lock          
00001d27  _nop                    
00001d2d  strcpy                  
00001d41  sign                    
00001d55  GPIOPinTypeSSI          
00001d67  SSIDataGetNonBlocking   
00001d79  GPIOIntStatus           
00001d87  LCD_clrXY               
00001d95  __TI_decompress_none    
00001da3  GPIOIntEnable           
00001daf  Touch_ccs               
00001dbb  Touch_scs               
00001dc7  __TI_zero_init          
00001dd3  refreshData             
00001ddf  SSIDataPut              
00001de9  SSIDisable              
00001df3  SSIEnable               
00001dfd  SSIBusy                 
00001e05  GPIOIntClear            
00001e0b  GPIOPinWrite            
00001e11  ResetISR                
00001e17  SSIClockSourceSet       
00001e1d  SysCtlDelay             
00001e23  __TI_decompress_rle24   
00001e29  _system_pre_init        
00001e2c  font_ascii              
00002848  __TI_Handler_Table_Base 
00002854  __TI_Handler_Table_Limit
00002868  __TI_CINIT_Base         
00002880  __TI_CINIT_Limit        
20000000  g_pfnRAMVectors         
2000026c  __stack                 
2000046c  Cells                   
2000046c  __STACK_END             
2000046c  __STACK_TOP             
2000050c  actual_time             
20000510  current_time            
20000514  line_x                  
20000518  line_y                  
2000051c  width                   
20000520  fcolorb                 
20000521  fcolorg                 
20000522  fcolorr                 
20000548  cells_length            
2000054c  bounce_time             
20000550  editing                 
20000554  stoped                  
20000558  Switch                  
2000055c  _tz                     
2000056c  _x                      
20000570  _y                      
20000574  _n                      
20000578  _lock                   
2000057c  _unlock                 
20000580  __TI_cleanup_ptr        
20000584  __TI_dtors_ptr          
20000588  main_func_sp            
ffffffff  __binit__               
ffffffff  __c_args__              
ffffffff  binit                   
UNDEFED   SHT$$INIT_ARRAY$$Base   
UNDEFED   SHT$$INIT_ARRAY$$Limit  

[138 symbols]
