<?xml version="1.0"?>
<link_info>
   <banner>TI ARM Linker PC v5.2.6</banner>
   <copyright>Copyright (c) 1996-2015 Texas Instruments Incorporated</copyright>
   <link_time>0x5afc1588</link_time>
   <link_errors>0x0</link_errors>
   <output_file>blinkyClock.out</output_file>
   <entry_point>
      <name>_c_int00</name>
      <address>0x153d</address>
   </entry_point>
   <input_file_list>
      <input_file id="fl-2">
         <path>.\</path>
         <kind>object</kind>
         <file>XPT2046.obj</file>
         <name>XPT2046.obj</name>
      </input_file>
      <input_file id="fl-3">
         <path>.\</path>
         <kind>object</kind>
         <file>blinky.obj</file>
         <name>blinky.obj</name>
      </input_file>
      <input_file id="fl-4">
         <path>.\</path>
         <kind>object</kind>
         <file>rgb.obj</file>
         <name>rgb.obj</name>
      </input_file>
      <input_file id="fl-5">
         <path>.\</path>
         <kind>object</kind>
         <file>ssd1289.obj</file>
         <name>ssd1289.obj</name>
      </input_file>
      <input_file id="fl-6">
         <path>.\</path>
         <kind>object</kind>
         <file>startup_ccs.obj</file>
         <name>startup_ccs.obj</name>
      </input_file>
      <input_file id="fl-7">
         <path>.\</path>
         <kind>object</kind>
         <file>tm4c123gh6pm_startup_ccs.obj</file>
         <name>tm4c123gh6pm_startup_ccs.obj</name>
      </input_file>
      <input_file id="fl-12e">
         <path>C:\ti\ccsv8\tools\compiler\ti-cgt-arm_5.2.6\lib\</path>
         <kind>archive</kind>
         <file>rtsv7M4_T_le_v4SPD16_eabi.lib</file>
         <name>asctime.obj</name>
      </input_file>
      <input_file id="fl-12f">
         <path>C:\ti\ccsv8\tools\compiler\ti-cgt-arm_5.2.6\lib\</path>
         <kind>archive</kind>
         <file>rtsv7M4_T_le_v4SPD16_eabi.lib</file>
         <name>boot.obj</name>
      </input_file>
      <input_file id="fl-130">
         <path>C:\ti\ccsv8\tools\compiler\ti-cgt-arm_5.2.6\lib\</path>
         <kind>archive</kind>
         <file>rtsv7M4_T_le_v4SPD16_eabi.lib</file>
         <name>copy_decompress_none.obj</name>
      </input_file>
      <input_file id="fl-131">
         <path>C:\ti\ccsv8\tools\compiler\ti-cgt-arm_5.2.6\lib\</path>
         <kind>archive</kind>
         <file>rtsv7M4_T_le_v4SPD16_eabi.lib</file>
         <name>copy_decompress_rle.obj</name>
      </input_file>
      <input_file id="fl-132">
         <path>C:\ti\ccsv8\tools\compiler\ti-cgt-arm_5.2.6\lib\</path>
         <kind>archive</kind>
         <file>rtsv7M4_T_le_v4SPD16_eabi.lib</file>
         <name>copy_zero_init.obj</name>
      </input_file>
      <input_file id="fl-133">
         <path>C:\ti\ccsv8\tools\compiler\ti-cgt-arm_5.2.6\lib\</path>
         <kind>archive</kind>
         <file>rtsv7M4_T_le_v4SPD16_eabi.lib</file>
         <name>exit.obj</name>
      </input_file>
      <input_file id="fl-134">
         <path>C:\ti\ccsv8\tools\compiler\ti-cgt-arm_5.2.6\lib\</path>
         <kind>archive</kind>
         <file>rtsv7M4_T_le_v4SPD16_eabi.lib</file>
         <name>fs_toull_t2.obj</name>
      </input_file>
      <input_file id="fl-135">
         <path>C:\ti\ccsv8\tools\compiler\ti-cgt-arm_5.2.6\lib\</path>
         <kind>archive</kind>
         <file>rtsv7M4_T_le_v4SPD16_eabi.lib</file>
         <name>localtim.obj</name>
      </input_file>
      <input_file id="fl-136">
         <path>C:\ti\ccsv8\tools\compiler\ti-cgt-arm_5.2.6\lib\</path>
         <kind>archive</kind>
         <file>rtsv7M4_T_le_v4SPD16_eabi.lib</file>
         <name>memcpy_t2.obj</name>
      </input_file>
      <input_file id="fl-137">
         <path>C:\ti\ccsv8\tools\compiler\ti-cgt-arm_5.2.6\lib\</path>
         <kind>archive</kind>
         <file>rtsv7M4_T_le_v4SPD16_eabi.lib</file>
         <name>memset_t2.obj</name>
      </input_file>
      <input_file id="fl-138">
         <path>C:\ti\ccsv8\tools\compiler\ti-cgt-arm_5.2.6\lib\</path>
         <kind>archive</kind>
         <file>rtsv7M4_T_le_v4SPD16_eabi.lib</file>
         <name>mktime.obj</name>
      </input_file>
      <input_file id="fl-139">
         <path>C:\ti\ccsv8\tools\compiler\ti-cgt-arm_5.2.6\lib\</path>
         <kind>archive</kind>
         <file>rtsv7M4_T_le_v4SPD16_eabi.lib</file>
         <name>pre_init.obj</name>
      </input_file>
      <input_file id="fl-13a">
         <path>C:\ti\ccsv8\tools\compiler\ti-cgt-arm_5.2.6\lib\</path>
         <kind>archive</kind>
         <file>rtsv7M4_T_le_v4SPD16_eabi.lib</file>
         <name>stkdepth_vars.obj</name>
      </input_file>
      <input_file id="fl-13b">
         <path>C:\ti\ccsv8\tools\compiler\ti-cgt-arm_5.2.6\lib\</path>
         <kind>archive</kind>
         <file>rtsv7M4_T_le_v4SPD16_eabi.lib</file>
         <name>strcat.obj</name>
      </input_file>
      <input_file id="fl-13c">
         <path>C:\ti\ccsv8\tools\compiler\ti-cgt-arm_5.2.6\lib\</path>
         <kind>archive</kind>
         <file>rtsv7M4_T_le_v4SPD16_eabi.lib</file>
         <name>strcpy.obj</name>
      </input_file>
      <input_file id="fl-13d">
         <path>C:\ti\ccsv8\tools\compiler\ti-cgt-arm_5.2.6\lib\</path>
         <kind>archive</kind>
         <file>rtsv7M4_T_le_v4SPD16_eabi.lib</file>
         <name>tmzone.obj</name>
      </input_file>
      <input_file id="fl-13e">
         <path>C:\ti\ccsv8\tools\compiler\ti-cgt-arm_5.2.6\lib\</path>
         <kind>archive</kind>
         <file>rtsv7M4_T_le_v4SPD16_eabi.lib</file>
         <name>u_divt2.obj</name>
      </input_file>
      <input_file id="fl-13f">
         <path>C:\ti\ccsv8\tools\compiler\ti-cgt-arm_5.2.6\lib\</path>
         <kind>archive</kind>
         <file>rtsv7M4_T_le_v4SPD16_eabi.lib</file>
         <name>_lock.obj</name>
      </input_file>
      <input_file id="fl-140">
         <path>C:\ti\ccsv8\tools\compiler\ti-cgt-arm_5.2.6\lib\</path>
         <kind>archive</kind>
         <file>rtsv7M4_T_le_v4SPD16_eabi.lib</file>
         <name>_tvaltostr.obj</name>
      </input_file>
      <input_file id="fl-141">
         <path>C:\ti\ccsv8\tools\compiler\ti-cgt-arm_5.2.6\lib\</path>
         <kind>archive</kind>
         <file>rtsv7M4_T_le_v4SPD16_eabi.lib</file>
         <name>args_main.obj</name>
      </input_file>
      <input_file id="fl-142">
         <path>C:\ti\ccsv8\tools\compiler\ti-cgt-arm_5.2.6\lib\</path>
         <kind>archive</kind>
         <file>rtsv7M4_T_le_v4SPD16_eabi.lib</file>
         <name>autoinit.obj</name>
      </input_file>
      <input_file id="fl-143">
         <path>C:\ti\ccsv8\tools\compiler\ti-cgt-arm_5.2.6\lib\</path>
         <kind>archive</kind>
         <file>rtsv7M4_T_le_v4SPD16_eabi.lib</file>
         <name>cpy_tbl.obj</name>
      </input_file>
      <input_file id="fl-144">
         <path>C:\ti\ccsv8\tools\compiler\ti-cgt-arm_5.2.6\lib\</path>
         <kind>archive</kind>
         <file>rtsv7M4_T_le_v4SPD16_eabi.lib</file>
         <name>i_div0.obj</name>
      </input_file>
      <input_file id="fl-145">
         <path>C:\ti\TivaWare_C_Series-2.1.4.178\driverlib\ccs\Debug\</path>
         <kind>archive</kind>
         <file>driverlib.lib</file>
         <name>gpio.obj</name>
      </input_file>
      <input_file id="fl-146">
         <path>C:\ti\TivaWare_C_Series-2.1.4.178\driverlib\ccs\Debug\</path>
         <kind>archive</kind>
         <file>driverlib.lib</file>
         <name>interrupt.obj</name>
      </input_file>
      <input_file id="fl-147">
         <path>C:\ti\TivaWare_C_Series-2.1.4.178\driverlib\ccs\Debug\</path>
         <kind>archive</kind>
         <file>driverlib.lib</file>
         <name>ssi.obj</name>
      </input_file>
      <input_file id="fl-148">
         <path>C:\ti\TivaWare_C_Series-2.1.4.178\driverlib\ccs\Debug\</path>
         <kind>archive</kind>
         <file>driverlib.lib</file>
         <name>sysctl.obj</name>
      </input_file>
      <input_file id="fl-149">
         <path>C:\ti\TivaWare_C_Series-2.1.4.178\driverlib\ccs\Debug\</path>
         <kind>archive</kind>
         <file>driverlib.lib</file>
         <name>cpu.obj</name>
      </input_file>
   </input_file_list>
   <object_component_list>
      <object_component id="oc-f">
         <name>.intvecs</name>
         <load_address>0x0</load_address>
         <run_address>0x0</run_address>
         <size>0x26c</size>
         <input_file_ref idref="fl-7"/>
      </object_component>
      <object_component id="oc-313">
         <name>.text</name>
         <load_address>0x26c</load_address>
         <run_address>0x26c</run_address>
         <size>0x2a8</size>
         <input_file_ref idref="fl-138"/>
      </object_component>
      <object_component id="oc-b2">
         <name>.text:main</name>
         <load_address>0x514</load_address>
         <run_address>0x514</run_address>
         <size>0x22c</size>
         <input_file_ref idref="fl-3"/>
      </object_component>
      <object_component id="oc-f0">
         <name>.text:LCD_init</name>
         <load_address>0x740</load_address>
         <run_address>0x740</run_address>
         <size>0x1f8</size>
         <input_file_ref idref="fl-5"/>
      </object_component>
      <object_component id="oc-15b">
         <name>.text:GPIOPadConfigSet</name>
         <load_address>0x938</load_address>
         <run_address>0x938</run_address>
         <size>0x132</size>
         <input_file_ref idref="fl-145"/>
      </object_component>
      <object_component id="oc-36">
         <name>.text:FaultISR</name>
         <load_address>0xa6a</load_address>
         <run_address>0xa6a</run_address>
         <size>0x2</size>
         <input_file_ref idref="fl-7"/>
      </object_component>
      <object_component id="oc-102">
         <name>.text:Touch_init</name>
         <load_address>0xa6c</load_address>
         <run_address>0xa6c</run_address>
         <size>0x118</size>
         <input_file_ref idref="fl-2"/>
      </object_component>
      <object_component id="oc-1a7">
         <name>.text:SysCtlClockGet</name>
         <load_address>0xb84</load_address>
         <run_address>0xb84</run_address>
         <size>0x110</size>
         <input_file_ref idref="fl-148"/>
      </object_component>
      <object_component id="oc-d8">
         <name>.text:SysCtlClockSet</name>
         <load_address>0xc94</load_address>
         <run_address>0xc94</run_address>
         <size>0xf4</size>
         <input_file_ref idref="fl-148"/>
      </object_component>
      <object_component id="oc-10e">
         <name>.text:init_calc</name>
         <load_address>0xd88</load_address>
         <run_address>0xd88</run_address>
         <size>0xf0</size>
         <input_file_ref idref="fl-3"/>
      </object_component>
      <object_component id="oc-1e9">
         <name>.text:init_cells</name>
         <load_address>0xe78</load_address>
         <run_address>0xe78</run_address>
         <size>0xa8</size>
         <input_file_ref idref="fl-3"/>
      </object_component>
      <object_component id="oc-2d0">
         <name>.text</name>
         <load_address>0xf20</load_address>
         <run_address>0xf20</run_address>
         <size>0xa4</size>
         <input_file_ref idref="fl-12e"/>
      </object_component>
      <object_component id="oc-1e3">
         <name>.text:drawLine</name>
         <load_address>0xfc4</load_address>
         <run_address>0xfc4</run_address>
         <size>0xa0</size>
         <input_file_ref idref="fl-5"/>
      </object_component>
      <object_component id="oc-45">
         <name>.text</name>
         <load_address>0x1064</load_address>
         <run_address>0x1064</run_address>
         <size>0x9c</size>
         <input_file_ref idref="fl-136"/>
      </object_component>
      <object_component id="oc-5e">
         <name>.text</name>
         <load_address>0x1100</load_address>
         <run_address>0x1100</run_address>
         <size>0x7a</size>
         <input_file_ref idref="fl-137"/>
      </object_component>
      <object_component id="oc-3c">
         <name>.text:IntDefaultHandler</name>
         <load_address>0x117a</load_address>
         <run_address>0x117a</run_address>
         <size>0x2</size>
         <input_file_ref idref="fl-7"/>
      </object_component>
      <object_component id="oc-70">
         <name>.text</name>
         <load_address>0x117c</load_address>
         <run_address>0x117c</run_address>
         <size>0x6c</size>
         <input_file_ref idref="fl-142"/>
      </object_component>
      <object_component id="oc-51">
         <name>.text</name>
         <load_address>0x11e8</load_address>
         <run_address>0x11e8</run_address>
         <size>0x6a</size>
         <input_file_ref idref="fl-131"/>
      </object_component>
      <object_component id="oc-30">
         <name>.text:NmiSR</name>
         <load_address>0x1252</load_address>
         <run_address>0x1252</run_address>
         <size>0x2</size>
         <input_file_ref idref="fl-7"/>
      </object_component>
      <object_component id="oc-261">
         <name>.text:IntEnable</name>
         <load_address>0x1254</load_address>
         <run_address>0x1254</run_address>
         <size>0x68</size>
         <input_file_ref idref="fl-146"/>
      </object_component>
      <object_component id="oc-120">
         <name>.text:openEditMode</name>
         <load_address>0x12bc</load_address>
         <run_address>0x12bc</run_address>
         <size>0x64</size>
         <input_file_ref idref="fl-3"/>
      </object_component>
      <object_component id="oc-2b4">
         <name>.text:SetPress</name>
         <load_address>0x1320</load_address>
         <run_address>0x1320</run_address>
         <size>0x60</size>
         <input_file_ref idref="fl-3"/>
      </object_component>
      <object_component id="oc-126">
         <name>.text:findClickedButton</name>
         <load_address>0x1380</load_address>
         <run_address>0x1380</run_address>
         <size>0x60</size>
         <input_file_ref idref="fl-3"/>
      </object_component>
      <object_component id="oc-f6">
         <name>.text:LCD_fillScr</name>
         <load_address>0x13e0</load_address>
         <run_address>0x13e0</run_address>
         <size>0x5c</size>
         <input_file_ref idref="fl-5"/>
      </object_component>
      <object_component id="oc-114">
         <name>.text:Touch_getxy</name>
         <load_address>0x143c</load_address>
         <run_address>0x143c</run_address>
         <size>0x58</size>
         <input_file_ref idref="fl-2"/>
      </object_component>
      <object_component id="oc-2c1">
         <name>.text:ssd1289_char</name>
         <load_address>0x1494</load_address>
         <run_address>0x1494</run_address>
         <size>0x58</size>
         <input_file_ref idref="fl-5"/>
      </object_component>
      <object_component id="oc-32f">
         <name>.text</name>
         <load_address>0x14ec</load_address>
         <run_address>0x14ec</run_address>
         <size>0x50</size>
         <input_file_ref idref="fl-140"/>
      </object_component>
      <object_component id="oc-24">
         <name>.text</name>
         <load_address>0x153c</load_address>
         <run_address>0x153c</run_address>
         <size>0x50</size>
         <input_file_ref idref="fl-12f"/>
      </object_component>
      <object_component id="oc-182">
         <name>.text:LCD_Writ_Bus</name>
         <load_address>0x158c</load_address>
         <run_address>0x158c</run_address>
         <size>0x4c</size>
         <input_file_ref idref="fl-5"/>
      </object_component>
      <object_component id="oc-aa">
         <name>.text</name>
         <load_address>0x15d8</load_address>
         <run_address>0x15d8</run_address>
         <size>0x4c</size>
         <input_file_ref idref="fl-143"/>
      </object_component>
      <object_component id="oc-2ca">
         <name>.text</name>
         <load_address>0x1624</load_address>
         <run_address>0x1624</run_address>
         <size>0x4c</size>
         <input_file_ref idref="fl-135"/>
      </object_component>
      <object_component id="oc-2ba">
         <name>.text:ClearPress</name>
         <load_address>0x1670</load_address>
         <run_address>0x1670</run_address>
         <size>0x48</size>
         <input_file_ref idref="fl-3"/>
      </object_component>
      <object_component id="oc-195">
         <name>.text:GPIOPinConfigure</name>
         <load_address>0x16b8</load_address>
         <run_address>0x16b8</run_address>
         <size>0x48</size>
         <input_file_ref idref="fl-145"/>
      </object_component>
      <object_component id="oc-1fa">
         <name>.text:renderActualTime</name>
         <load_address>0x1700</load_address>
         <run_address>0x1700</run_address>
         <size>0x48</size>
         <input_file_ref idref="fl-3"/>
      </object_component>
      <object_component id="oc-200">
         <name>.text:renderClockTime</name>
         <load_address>0x1748</load_address>
         <run_address>0x1748</run_address>
         <size>0x48</size>
         <input_file_ref idref="fl-3"/>
      </object_component>
      <object_component id="oc-1d6">
         <name>.text:Touch_spi</name>
         <load_address>0x1790</load_address>
         <run_address>0x1790</run_address>
         <size>0x44</size>
         <input_file_ref idref="fl-2"/>
      </object_component>
      <object_component id="oc-255">
         <name>.text:_GPIOIntNumberGet</name>
         <load_address>0x17d4</load_address>
         <run_address>0x17d4</run_address>
         <size>0x44</size>
         <input_file_ref idref="fl-145"/>
      </object_component>
      <object_component id="oc-2a2">
         <name>.text:numberMinusPress</name>
         <load_address>0x1818</load_address>
         <run_address>0x1818</run_address>
         <size>0x44</size>
         <input_file_ref idref="fl-3"/>
      </object_component>
      <object_component id="oc-7c">
         <name>.text</name>
         <load_address>0x185c</load_address>
         <run_address>0x185c</run_address>
         <size>0x44</size>
         <input_file_ref idref="fl-133"/>
      </object_component>
      <object_component id="oc-302">
         <name>.text:closeEditingMode</name>
         <load_address>0x18a0</load_address>
         <run_address>0x18a0</run_address>
         <size>0x40</size>
         <input_file_ref idref="fl-3"/>
      </object_component>
      <object_component id="oc-20b">
         <name>.text:isClicked</name>
         <load_address>0x18e0</load_address>
         <run_address>0x18e0</run_address>
         <size>0x40</size>
         <input_file_ref idref="fl-3"/>
      </object_component>
      <object_component id="oc-30e">
         <name>.text</name>
         <load_address>0x1920</load_address>
         <run_address>0x1920</run_address>
         <size>0x40</size>
         <input_file_ref idref="fl-13e"/>
      </object_component>
      <object_component id="oc-23d">
         <name>.text:LCD_setXY</name>
         <load_address>0x1960</load_address>
         <run_address>0x1960</run_address>
         <size>0x3c</size>
         <input_file_ref idref="fl-5"/>
      </object_component>
      <object_component id="oc-1ad">
         <name>.text:SSIConfigSetExpClk</name>
         <load_address>0x199c</load_address>
         <run_address>0x199c</run_address>
         <size>0x3c</size>
         <input_file_ref idref="fl-147"/>
      </object_component>
      <object_component id="oc-175">
         <name>.text:LCD_Write_COM</name>
         <load_address>0x19d8</load_address>
         <run_address>0x19d8</run_address>
         <size>0x38</size>
         <input_file_ref idref="fl-5"/>
      </object_component>
      <object_component id="oc-2a8">
         <name>.text:MoveLeft</name>
         <load_address>0x1a10</load_address>
         <run_address>0x1a10</run_address>
         <size>0x38</size>
         <input_file_ref idref="fl-3"/>
      </object_component>
      <object_component id="oc-e4">
         <name>.text:SysCtlPeripheralReady</name>
         <load_address>0x1a48</load_address>
         <run_address>0x1a48</run_address>
         <size>0x38</size>
         <input_file_ref idref="fl-148"/>
      </object_component>
      <object_component id="oc-25b">
         <name>.text:IntRegister</name>
         <load_address>0x1a80</load_address>
         <run_address>0x1a80</run_address>
         <size>0x34</size>
         <input_file_ref idref="fl-146"/>
      </object_component>
      <object_component id="oc-2ae">
         <name>.text:MoveRight</name>
         <load_address>0x1ab4</load_address>
         <run_address>0x1ab4</run_address>
         <size>0x34</size>
         <input_file_ref idref="fl-3"/>
      </object_component>
      <object_component id="oc-de">
         <name>.text:SysCtlPeripheralEnable</name>
         <load_address>0x1ae8</load_address>
         <run_address>0x1ae8</run_address>
         <size>0x34</size>
         <input_file_ref idref="fl-148"/>
      </object_component>
      <object_component id="oc-29c">
         <name>.text:numberPlusPress</name>
         <load_address>0x1b1c</load_address>
         <run_address>0x1b1c</run_address>
         <size>0x34</size>
         <input_file_ref idref="fl-3"/>
      </object_component>
      <object_component id="oc-28f">
         <name>.text:drawPixel</name>
         <load_address>0x1b50</load_address>
         <run_address>0x1b50</run_address>
         <size>0x30</size>
         <input_file_ref idref="fl-5"/>
      </object_component>
      <object_component id="oc-12c">
         <name>.text:fireAlarm</name>
         <load_address>0x1b80</load_address>
         <run_address>0x1b80</run_address>
         <size>0x30</size>
         <input_file_ref idref="fl-3"/>
      </object_component>
      <object_component id="oc-161">
         <name>.text:GPIODirModeSet</name>
         <load_address>0x1bb0</load_address>
         <run_address>0x1bb0</run_address>
         <size>0x2a</size>
         <input_file_ref idref="fl-145"/>
      </object_component>
      <object_component id="oc-34b">
         <name>.text</name>
         <load_address>0x1bda</load_address>
         <run_address>0x1bda</run_address>
         <size>0x2</size>
         <input_file_ref idref="fl-144"/>
      </object_component>
      <object_component id="oc-1c8">
         <name>.text:IntGPIOf</name>
         <load_address>0x1bdc</load_address>
         <run_address>0x1bdc</run_address>
         <size>0x28</size>
         <input_file_ref idref="fl-2"/>
      </object_component>
      <object_component id="oc-1ef">
         <name>.text:ssd1289_string</name>
         <load_address>0x1c04</load_address>
         <run_address>0x1c04</run_address>
         <size>0x24</size>
         <input_file_ref idref="fl-5"/>
      </object_component>
      <object_component id="oc-235">
         <name>.text:LCD_Write_DATA</name>
         <load_address>0x1c28</load_address>
         <run_address>0x1c28</run_address>
         <size>0x20</size>
         <input_file_ref idref="fl-5"/>
      </object_component>
      <object_component id="oc-fc">
         <name>.text:setColor</name>
         <load_address>0x1c48</load_address>
         <run_address>0x1c48</run_address>
         <size>0x20</size>
         <input_file_ref idref="fl-5"/>
      </object_component>
      <object_component id="oc-108">
         <name>.text:Touch_prepare</name>
         <load_address>0x1c68</load_address>
         <run_address>0x1c68</run_address>
         <size>0x1e</size>
         <input_file_ref idref="fl-2"/>
      </object_component>
      <object_component id="oc-329">
         <name>.text</name>
         <load_address>0x1c86</load_address>
         <run_address>0x1c86</run_address>
         <size>0x1e</size>
         <input_file_ref idref="fl-13b"/>
      </object_component>
      <object_component id="oc-1b9">
         <name>.text:GPIOIntRegister</name>
         <load_address>0x1ca4</load_address>
         <run_address>0x1ca4</run_address>
         <size>0x18</size>
         <input_file_ref idref="fl-145"/>
      </object_component>
      <object_component id="oc-ea">
         <name>.text:GPIOPinTypeGPIOOutput</name>
         <load_address>0x1cbc</load_address>
         <run_address>0x1cbc</run_address>
         <size>0x18</size>
         <input_file_ref idref="fl-145"/>
      </object_component>
      <object_component id="oc-76">
         <name>.text</name>
         <load_address>0x1cd4</load_address>
         <run_address>0x1cd4</run_address>
         <size>0x18</size>
         <input_file_ref idref="fl-141"/>
      </object_component>
      <object_component id="oc-2f6">
         <name>.text:setPixel</name>
         <load_address>0x1cec</load_address>
         <run_address>0x1cec</run_address>
         <size>0x16</size>
         <input_file_ref idref="fl-5"/>
      </object_component>
      <object_component id="oc-16f">
         <name>.text:LCD_Write_COM_DATA</name>
         <load_address>0x1d02</load_address>
         <run_address>0x1d02</run_address>
         <size>0x14</size>
         <input_file_ref idref="fl-5"/>
      </object_component>
      <object_component id="oc-142">
         <name>.text</name>
         <load_address>0x1d18</load_address>
         <run_address>0x1d18</run_address>
         <size>0x14</size>
         <input_file_ref idref="fl-13f"/>
      </object_component>
      <object_component id="oc-323">
         <name>.text</name>
         <load_address>0x1d2c</load_address>
         <run_address>0x1d2c</run_address>
         <size>0x14</size>
         <input_file_ref idref="fl-13c"/>
      </object_component>
      <object_component id="oc-295">
         <name>.text:sign</name>
         <load_address>0x1d40</load_address>
         <run_address>0x1d40</run_address>
         <size>0x14</size>
         <input_file_ref idref="fl-5"/>
      </object_component>
      <object_component id="oc-19b">
         <name>.text:GPIOPinTypeSSI</name>
         <load_address>0x1d54</load_address>
         <run_address>0x1d54</run_address>
         <size>0x12</size>
         <input_file_ref idref="fl-145"/>
      </object_component>
      <object_component id="oc-27b">
         <name>.text:SSIDataGetNonBlocking</name>
         <load_address>0x1d66</load_address>
         <run_address>0x1d66</run_address>
         <size>0x12</size>
         <input_file_ref idref="fl-147"/>
      </object_component>
      <object_component id="oc-26b">
         <name>.text:GPIOIntStatus</name>
         <load_address>0x1d78</load_address>
         <run_address>0x1d78</run_address>
         <size>0xe</size>
         <input_file_ref idref="fl-145"/>
      </object_component>
      <object_component id="oc-17c">
         <name>.text:LCD_clrXY</name>
         <load_address>0x1d86</load_address>
         <run_address>0x1d86</run_address>
         <size>0xe</size>
         <input_file_ref idref="fl-5"/>
      </object_component>
      <object_component id="oc-12">
         <name>.text:decompress:none</name>
         <load_address>0x1d94</load_address>
         <run_address>0x1d94</run_address>
         <size>0xe</size>
         <input_file_ref idref="fl-130"/>
      </object_component>
      <object_component id="oc-1bf">
         <name>.text:GPIOIntEnable</name>
         <load_address>0x1da2</load_address>
         <run_address>0x1da2</run_address>
         <size>0xc</size>
         <input_file_ref idref="fl-145"/>
      </object_component>
      <object_component id="oc-1dc">
         <name>.text:Touch_ccs</name>
         <load_address>0x1dae</load_address>
         <run_address>0x1dae</run_address>
         <size>0xc</size>
         <input_file_ref idref="fl-2"/>
      </object_component>
      <object_component id="oc-1d0">
         <name>.text:Touch_scs</name>
         <load_address>0x1dba</load_address>
         <run_address>0x1dba</run_address>
         <size>0xc</size>
         <input_file_ref idref="fl-2"/>
      </object_component>
      <object_component id="oc-1e">
         <name>.text:decompress:ZI</name>
         <load_address>0x1dc6</load_address>
         <run_address>0x1dc6</run_address>
         <size>0xc</size>
         <input_file_ref idref="fl-132"/>
      </object_component>
      <object_component id="oc-11a">
         <name>.text:refreshData</name>
         <load_address>0x1dd2</load_address>
         <run_address>0x1dd2</run_address>
         <size>0xc</size>
         <input_file_ref idref="fl-3"/>
      </object_component>
      <object_component id="oc-281">
         <name>.text:SSIDataPut</name>
         <load_address>0x1dde</load_address>
         <run_address>0x1dde</run_address>
         <size>0xa</size>
         <input_file_ref idref="fl-147"/>
      </object_component>
      <object_component id="oc-18f">
         <name>.text:SSIDisable</name>
         <load_address>0x1de8</load_address>
         <run_address>0x1de8</run_address>
         <size>0xa</size>
         <input_file_ref idref="fl-147"/>
      </object_component>
      <object_component id="oc-1b3">
         <name>.text:SSIEnable</name>
         <load_address>0x1df2</load_address>
         <run_address>0x1df2</run_address>
         <size>0xa</size>
         <input_file_ref idref="fl-147"/>
      </object_component>
      <object_component id="oc-287">
         <name>.text:SSIBusy</name>
         <load_address>0x1dfc</load_address>
         <run_address>0x1dfc</run_address>
         <size>0x8</size>
         <input_file_ref idref="fl-147"/>
      </object_component>
      <object_component id="oc-271">
         <name>.text:GPIOIntClear</name>
         <load_address>0x1e04</load_address>
         <run_address>0x1e04</run_address>
         <size>0x6</size>
         <input_file_ref idref="fl-145"/>
      </object_component>
      <object_component id="oc-169">
         <name>.text:GPIOPinWrite</name>
         <load_address>0x1e0a</load_address>
         <run_address>0x1e0a</run_address>
         <size>0x6</size>
         <input_file_ref idref="fl-145"/>
      </object_component>
      <object_component id="oc-2a">
         <name>.text:ResetISR</name>
         <load_address>0x1e10</load_address>
         <run_address>0x1e10</run_address>
         <size>0x6</size>
         <input_file_ref idref="fl-7"/>
      </object_component>
      <object_component id="oc-1a1">
         <name>.text:SSIClockSourceSet</name>
         <load_address>0x1e16</load_address>
         <run_address>0x1e16</run_address>
         <size>0x6</size>
         <input_file_ref idref="fl-147"/>
      </object_component>
      <object_component id="oc-132">
         <name>.text:SysCtlDelay</name>
         <load_address>0x1e1c</load_address>
         <run_address>0x1e1c</run_address>
         <size>0x6</size>
         <input_file_ref idref="fl-148"/>
      </object_component>
      <object_component id="oc-18">
         <name>.text:decompress:rle24</name>
         <load_address>0x1e22</load_address>
         <run_address>0x1e22</run_address>
         <size>0x6</size>
         <input_file_ref idref="fl-131"/>
      </object_component>
      <object_component id="oc-6a">
         <name>.text</name>
         <load_address>0x1e28</load_address>
         <run_address>0x1e28</run_address>
         <size>0x4</size>
         <input_file_ref idref="fl-139"/>
      </object_component>
      <object_component id="oc-30a">
         <name>.const:font_ascii</name>
         <load_address>0x1e2c</load_address>
         <run_address>0x1e2c</run_address>
         <size>0x5f0</size>
         <input_file_ref idref="fl-5"/>
      </object_component>
      <object_component id="oc-2e4">
         <name>.const:g_ppui32GPIOIntMapSnowflake</name>
         <load_address>0x241c</load_address>
         <run_address>0x241c</run_address>
         <size>0xd8</size>
         <input_file_ref idref="fl-145"/>
      </object_component>
      <object_component id="oc-2e1">
         <name>.const:g_ppui32GPIOIntMapBlizzard</name>
         <load_address>0x24f4</load_address>
         <run_address>0x24f4</run_address>
         <size>0xc0</size>
         <input_file_ref idref="fl-145"/>
      </object_component>
      <object_component id="oc-249">
         <name>.const:g_pui32GPIOBaseAddrs</name>
         <load_address>0x25b4</load_address>
         <run_address>0x25b4</run_address>
         <size>0x90</size>
         <input_file_ref idref="fl-145"/>
      </object_component>
      <object_component id="oc-2ed">
         <name>.const</name>
         <load_address>0x2644</load_address>
         <run_address>0x2644</run_address>
         <size>0x70</size>
         <input_file_ref idref="fl-146"/>
      </object_component>
      <object_component id="oc-24f">
         <name>.const:g_pui32Xtals</name>
         <load_address>0x26b4</load_address>
         <run_address>0x26b4</run_address>
         <size>0x6c</size>
         <input_file_ref idref="fl-148"/>
      </object_component>
      <object_component id="oc-352">
         <name>.const</name>
         <load_address>0x2720</load_address>
         <run_address>0x2720</run_address>
         <size>0x60</size>
         <input_file_ref idref="fl-138"/>
      </object_component>
      <object_component id="oc-373">
         <name>.const:.string</name>
         <load_address>0x2780</load_address>
         <run_address>0x2780</run_address>
         <size>0x4c</size>
         <input_file_ref idref="fl-12e"/>
      </object_component>
      <object_component id="oc-339">
         <name>.const</name>
         <load_address>0x27cc</load_address>
         <run_address>0x27cc</run_address>
         <size>0x4c</size>
         <input_file_ref idref="fl-12e"/>
      </object_component>
      <object_component id="oc-3af">
         <name>.cinit..data.load</name>
         <load_address>0x2818</load_address>
         <run_address>0x2818</run_address>
         <size>0x30</size>
      </object_component>
      <object_component id="oc-3ac">
         <name>__TI_handler_table</name>
         <load_address>0x2848</load_address>
         <run_address>0x2848</run_address>
         <size>0xc</size>
      </object_component>
      <object_component id="oc-3b0">
         <name>.cinit..bss.load</name>
         <load_address>0x2858</load_address>
         <run_address>0x2858</run_address>
         <size>0x8</size>
      </object_component>
      <object_component id="oc-3ae">
         <name>.cinit..vtable.load</name>
         <load_address>0x2860</load_address>
         <run_address>0x2860</run_address>
         <size>0x8</size>
      </object_component>
      <object_component id="oc-3ad">
         <name>__TI_cinit_table</name>
         <load_address>0x2868</load_address>
         <run_address>0x2868</run_address>
         <size>0x18</size>
      </object_component>
      <object_component id="oc-2e8">
         <name>.vtable</name>
         <uninitialized>true</uninitialized>
         <run_address>0x20000000</run_address>
         <size>0x26c</size>
         <input_file_ref idref="fl-146"/>
      </object_component>
      <object_component id="oc-29">
         <name>.stack</name>
         <uninitialized>true</uninitialized>
         <run_address>0x2000026c</run_address>
         <size>0x0</size>
         <input_file_ref idref="fl-12f"/>
      </object_component>
      <object_component id="oc-3b1">
         <name>.stack</name>
         <uninitialized>true</uninitialized>
         <run_address>0x2000026c</run_address>
         <size>0x0</size>
      </object_component>
      <object_component id="oc-1f5">
         <name>.bss:Cells</name>
         <uninitialized>true</uninitialized>
         <run_address>0x2000046c</run_address>
         <size>0x78</size>
         <input_file_ref idref="fl-3"/>
      </object_component>
      <object_component id="oc-18b">
         <name>.common:fcolorr</name>
         <uninitialized>true</uninitialized>
         <run_address>0x20000522</run_address>
         <size>0x1</size>
      </object_component>
      <object_component id="oc-18c">
         <name>.common:fcolorg</name>
         <uninitialized>true</uninitialized>
         <run_address>0x20000521</run_address>
         <size>0x1</size>
      </object_component>
      <object_component id="oc-18d">
         <name>.common:fcolorb</name>
         <uninitialized>true</uninitialized>
         <run_address>0x20000520</run_address>
         <size>0x1</size>
      </object_component>
      <object_component id="oc-133">
         <name>.common:actual_time</name>
         <uninitialized>true</uninitialized>
         <run_address>0x2000050c</run_address>
         <size>0x4</size>
      </object_component>
      <object_component id="oc-136">
         <name>.common:current_time</name>
         <uninitialized>true</uninitialized>
         <run_address>0x20000510</run_address>
         <size>0x4</size>
      </object_component>
      <object_component id="oc-207">
         <name>.common:line_x</name>
         <uninitialized>true</uninitialized>
         <run_address>0x20000514</run_address>
         <size>0x4</size>
      </object_component>
      <object_component id="oc-208">
         <name>.common:line_y</name>
         <uninitialized>true</uninitialized>
         <run_address>0x20000518</run_address>
         <size>0x4</size>
      </object_component>
      <object_component id="oc-209">
         <name>.common:width</name>
         <uninitialized>true</uninitialized>
         <run_address>0x2000051c</run_address>
         <size>0x4</size>
      </object_component>
      <object_component id="oc-335">
         <name>.common:time_buf</name>
         <uninitialized>true</uninitialized>
         <run_address>0x200004e4</run_address>
         <size>0x1c</size>
      </object_component>
      <object_component id="oc-368">
         <name>.common:tstr_out</name>
         <uninitialized>true</uninitialized>
         <run_address>0x20000500</run_address>
         <size>0xc</size>
      </object_component>
      <object_component id="oc-1c5">
         <name>.data</name>
         <load_address>0x2000056c</load_address>
         <run_address>0x2000056c</run_address>
         <size>0xc</size>
         <input_file_ref idref="fl-2"/>
      </object_component>
      <object_component id="oc-137">
         <name>.data</name>
         <load_address>0x20000548</load_address>
         <run_address>0x20000548</run_address>
         <size>0x11</size>
         <input_file_ref idref="fl-3"/>
      </object_component>
      <object_component id="oc-bd">
         <name>.data</name>
         <load_address>0x20000580</load_address>
         <run_address>0x20000580</run_address>
         <size>0x8</size>
         <input_file_ref idref="fl-133"/>
      </object_component>
      <object_component id="oc-319">
         <name>.data:local_tm</name>
         <load_address>0x20000524</load_address>
         <run_address>0x20000524</run_address>
         <size>0x24</size>
         <input_file_ref idref="fl-135"/>
      </object_component>
      <object_component id="oc-82">
         <name>.data</name>
         <load_address>0x20000588</load_address>
         <run_address>0x20000588</run_address>
         <size>0x4</size>
         <input_file_ref idref="fl-13a"/>
      </object_component>
      <object_component id="oc-355">
         <name>.data</name>
         <load_address>0x2000055c</load_address>
         <run_address>0x2000055c</run_address>
         <size>0x10</size>
         <input_file_ref idref="fl-13d"/>
      </object_component>
      <object_component id="oc-ba">
         <name>.data</name>
         <load_address>0x20000578</load_address>
         <run_address>0x20000578</run_address>
         <size>0x8</size>
         <input_file_ref idref="fl-13f"/>
      </object_component>
      <object_component id="oc-1cf">
         <name>.debug_info</name>
         <load_address>0x0</load_address>
         <run_address>0x0</run_address>
         <size>0x46c</size>
         <input_file_ref idref="fl-2"/>
      </object_component>
      <object_component id="oc-1c6">
         <name>.debug_info</name>
         <load_address>0x46c</load_address>
         <run_address>0x46c</run_address>
         <size>0xe6</size>
         <input_file_ref idref="fl-2"/>
      </object_component>
      <object_component id="oc-1d7">
         <name>.debug_info</name>
         <load_address>0x552</load_address>
         <run_address>0x552</run_address>
         <size>0x19d</size>
         <input_file_ref idref="fl-2"/>
      </object_component>
      <object_component id="oc-1d2">
         <name>.debug_info</name>
         <load_address>0x6ef</load_address>
         <run_address>0x6ef</run_address>
         <size>0x108</size>
         <input_file_ref idref="fl-2"/>
      </object_component>
      <object_component id="oc-1de">
         <name>.debug_info</name>
         <load_address>0x7f7</load_address>
         <run_address>0x7f7</run_address>
         <size>0x108</size>
         <input_file_ref idref="fl-2"/>
      </object_component>
      <object_component id="oc-10a">
         <name>.debug_info</name>
         <load_address>0x8ff</load_address>
         <run_address>0x8ff</run_address>
         <size>0x152</size>
         <input_file_ref idref="fl-2"/>
      </object_component>
      <object_component id="oc-1ca">
         <name>.debug_info</name>
         <load_address>0xa51</load_address>
         <run_address>0xa51</run_address>
         <size>0x134</size>
         <input_file_ref idref="fl-2"/>
      </object_component>
      <object_component id="oc-104">
         <name>.debug_info</name>
         <load_address>0xb85</load_address>
         <run_address>0xb85</run_address>
         <size>0x31c</size>
         <input_file_ref idref="fl-2"/>
      </object_component>
      <object_component id="oc-116">
         <name>.debug_info</name>
         <load_address>0xea1</load_address>
         <run_address>0xea1</run_address>
         <size>0x1d8</size>
         <input_file_ref idref="fl-2"/>
      </object_component>
      <object_component id="oc-c5">
         <name>.debug_info</name>
         <load_address>0x1079</load_address>
         <run_address>0x1079</run_address>
         <size>0x8b</size>
         <input_file_ref idref="fl-2"/>
      </object_component>
      <object_component id="oc-91">
         <name>.debug_info</name>
         <load_address>0x1104</load_address>
         <run_address>0x1104</run_address>
         <size>0x18b</size>
         <input_file_ref idref="fl-2"/>
      </object_component>
      <object_component id="oc-134">
         <name>.debug_info</name>
         <load_address>0x128f</load_address>
         <run_address>0x128f</run_address>
         <size>0x56d</size>
         <input_file_ref idref="fl-3"/>
      </object_component>
      <object_component id="oc-1f6">
         <name>.debug_info</name>
         <load_address>0x17fc</load_address>
         <run_address>0x17fc</run_address>
         <size>0xc1</size>
         <input_file_ref idref="fl-3"/>
      </object_component>
      <object_component id="oc-138">
         <name>.debug_info</name>
         <load_address>0x18bd</load_address>
         <run_address>0x18bd</run_address>
         <size>0x14f</size>
         <input_file_ref idref="fl-3"/>
      </object_component>
      <object_component id="oc-201">
         <name>.debug_info</name>
         <load_address>0x1a0c</load_address>
         <run_address>0x1a0c</run_address>
         <size>0x17b</size>
         <input_file_ref idref="fl-3"/>
      </object_component>
      <object_component id="oc-1fb">
         <name>.debug_info</name>
         <load_address>0x1b87</load_address>
         <run_address>0x1b87</run_address>
         <size>0x17d</size>
         <input_file_ref idref="fl-3"/>
      </object_component>
      <object_component id="oc-11b">
         <name>.debug_info</name>
         <load_address>0x1d04</load_address>
         <run_address>0x1d04</run_address>
         <size>0x12b</size>
         <input_file_ref idref="fl-3"/>
      </object_component>
      <object_component id="oc-121">
         <name>.debug_info</name>
         <load_address>0x1e2f</load_address>
         <run_address>0x1e2f</run_address>
         <size>0x139</size>
         <input_file_ref idref="fl-3"/>
      </object_component>
      <object_component id="oc-29d">
         <name>.debug_info</name>
         <load_address>0x1f68</load_address>
         <run_address>0x1f68</run_address>
         <size>0x103</size>
         <input_file_ref idref="fl-3"/>
      </object_component>
      <object_component id="oc-2a3">
         <name>.debug_info</name>
         <load_address>0x206b</load_address>
         <run_address>0x206b</run_address>
         <size>0x105</size>
         <input_file_ref idref="fl-3"/>
      </object_component>
      <object_component id="oc-1ea">
         <name>.debug_info</name>
         <load_address>0x2170</load_address>
         <run_address>0x2170</run_address>
         <size>0xfa</size>
         <input_file_ref idref="fl-3"/>
      </object_component>
      <object_component id="oc-10f">
         <name>.debug_info</name>
         <load_address>0x226a</load_address>
         <run_address>0x226a</run_address>
         <size>0x1e5</size>
         <input_file_ref idref="fl-3"/>
      </object_component>
      <object_component id="oc-20c">
         <name>.debug_info</name>
         <load_address>0x244f</load_address>
         <run_address>0x244f</run_address>
         <size>0x13e</size>
         <input_file_ref idref="fl-3"/>
      </object_component>
      <object_component id="oc-303">
         <name>.debug_info</name>
         <load_address>0x258d</load_address>
         <run_address>0x258d</run_address>
         <size>0x132</size>
         <input_file_ref idref="fl-3"/>
      </object_component>
      <object_component id="oc-2bb">
         <name>.debug_info</name>
         <load_address>0x26bf</load_address>
         <run_address>0x26bf</run_address>
         <size>0x143</size>
         <input_file_ref idref="fl-3"/>
      </object_component>
      <object_component id="oc-2b5">
         <name>.debug_info</name>
         <load_address>0x2802</load_address>
         <run_address>0x2802</run_address>
         <size>0x178</size>
         <input_file_ref idref="fl-3"/>
      </object_component>
      <object_component id="oc-2af">
         <name>.debug_info</name>
         <load_address>0x297a</load_address>
         <run_address>0x297a</run_address>
         <size>0x10b</size>
         <input_file_ref idref="fl-3"/>
      </object_component>
      <object_component id="oc-2a9">
         <name>.debug_info</name>
         <load_address>0x2a85</load_address>
         <run_address>0x2a85</run_address>
         <size>0x108</size>
         <input_file_ref idref="fl-3"/>
      </object_component>
      <object_component id="oc-127">
         <name>.debug_info</name>
         <load_address>0x2b8d</load_address>
         <run_address>0x2b8d</run_address>
         <size>0x159</size>
         <input_file_ref idref="fl-3"/>
      </object_component>
      <object_component id="oc-12d">
         <name>.debug_info</name>
         <load_address>0x2ce6</load_address>
         <run_address>0x2ce6</run_address>
         <size>0x13d</size>
         <input_file_ref idref="fl-3"/>
      </object_component>
      <object_component id="oc-b3">
         <name>.debug_info</name>
         <load_address>0x2e23</load_address>
         <run_address>0x2e23</run_address>
         <size>0x3f0</size>
         <input_file_ref idref="fl-3"/>
      </object_component>
      <object_component id="oc-215">
         <name>.debug_info</name>
         <load_address>0x3213</load_address>
         <run_address>0x3213</run_address>
         <size>0xde</size>
         <input_file_ref idref="fl-3"/>
      </object_component>
      <object_component id="oc-21a">
         <name>.debug_info</name>
         <load_address>0x32f1</load_address>
         <run_address>0x32f1</run_address>
         <size>0x162</size>
         <input_file_ref idref="fl-3"/>
      </object_component>
      <object_component id="oc-21f">
         <name>.debug_info</name>
         <load_address>0x3453</load_address>
         <run_address>0x3453</run_address>
         <size>0x53</size>
         <input_file_ref idref="fl-3"/>
      </object_component>
      <object_component id="oc-a1">
         <name>.debug_info</name>
         <load_address>0x34a6</load_address>
         <run_address>0x34a6</run_address>
         <size>0x2c</size>
         <input_file_ref idref="fl-3"/>
      </object_component>
      <object_component id="oc-8c">
         <name>.debug_info</name>
         <load_address>0x34d2</load_address>
         <run_address>0x34d2</run_address>
         <size>0x84</size>
         <input_file_ref idref="fl-4"/>
      </object_component>
      <object_component id="oc-189">
         <name>.debug_info</name>
         <load_address>0x3556</load_address>
         <run_address>0x3556</run_address>
         <size>0x224</size>
         <input_file_ref idref="fl-5"/>
      </object_component>
      <object_component id="oc-30b">
         <name>.debug_info</name>
         <load_address>0x377a</load_address>
         <run_address>0x377a</run_address>
         <size>0xcd</size>
         <input_file_ref idref="fl-5"/>
      </object_component>
      <object_component id="oc-183">
         <name>.debug_info</name>
         <load_address>0x3847</load_address>
         <run_address>0x3847</run_address>
         <size>0x186</size>
         <input_file_ref idref="fl-5"/>
      </object_component>
      <object_component id="oc-176">
         <name>.debug_info</name>
         <load_address>0x39cd</load_address>
         <run_address>0x39cd</run_address>
         <size>0x168</size>
         <input_file_ref idref="fl-5"/>
      </object_component>
      <object_component id="oc-236">
         <name>.debug_info</name>
         <load_address>0x3b35</load_address>
         <run_address>0x3b35</run_address>
         <size>0x144</size>
         <input_file_ref idref="fl-5"/>
      </object_component>
      <object_component id="oc-170">
         <name>.debug_info</name>
         <load_address>0x3c79</load_address>
         <run_address>0x3c79</run_address>
         <size>0x168</size>
         <input_file_ref idref="fl-5"/>
      </object_component>
      <object_component id="oc-23e">
         <name>.debug_info</name>
         <load_address>0x3de1</load_address>
         <run_address>0x3de1</run_address>
         <size>0x1e6</size>
         <input_file_ref idref="fl-5"/>
      </object_component>
      <object_component id="oc-2f7">
         <name>.debug_info</name>
         <load_address>0x3fc7</load_address>
         <run_address>0x3fc7</run_address>
         <size>0x14a</size>
         <input_file_ref idref="fl-5"/>
      </object_component>
      <object_component id="oc-17d">
         <name>.debug_info</name>
         <load_address>0x4111</load_address>
         <run_address>0x4111</run_address>
         <size>0x105</size>
         <input_file_ref idref="fl-5"/>
      </object_component>
      <object_component id="oc-290">
         <name>.debug_info</name>
         <load_address>0x4216</load_address>
         <run_address>0x4216</run_address>
         <size>0x155</size>
         <input_file_ref idref="fl-5"/>
      </object_component>
      <object_component id="oc-2c4">
         <name>.debug_info</name>
         <load_address>0x436b</load_address>
         <run_address>0x436b</run_address>
         <size>0x191</size>
         <input_file_ref idref="fl-5"/>
      </object_component>
      <object_component id="oc-1f2">
         <name>.debug_info</name>
         <load_address>0x44fc</load_address>
         <run_address>0x44fc</run_address>
         <size>0x190</size>
         <input_file_ref idref="fl-5"/>
      </object_component>
      <object_component id="oc-298">
         <name>.debug_info</name>
         <load_address>0x468c</load_address>
         <run_address>0x468c</run_address>
         <size>0x10a</size>
         <input_file_ref idref="fl-5"/>
      </object_component>
      <object_component id="oc-ff">
         <name>.debug_info</name>
         <load_address>0x4796</load_address>
         <run_address>0x4796</run_address>
         <size>0x13a</size>
         <input_file_ref idref="fl-5"/>
      </object_component>
      <object_component id="oc-1e5">
         <name>.debug_info</name>
         <load_address>0x48d0</load_address>
         <run_address>0x48d0</run_address>
         <size>0x207</size>
         <input_file_ref idref="fl-5"/>
      </object_component>
      <object_component id="oc-f3">
         <name>.debug_info</name>
         <load_address>0x4ad7</load_address>
         <run_address>0x4ad7</run_address>
         <size>0x5ab</size>
         <input_file_ref idref="fl-5"/>
      </object_component>
      <object_component id="oc-f8">
         <name>.debug_info</name>
         <load_address>0x5082</load_address>
         <run_address>0x5082</run_address>
         <size>0x1b6</size>
         <input_file_ref idref="fl-5"/>
      </object_component>
      <object_component id="oc-44">
         <name>.debug_info</name>
         <load_address>0x5238</load_address>
         <run_address>0x5238</run_address>
         <size>0xfc</size>
         <input_file_ref idref="fl-7"/>
      </object_component>
      <object_component id="oc-10">
         <name>.debug_info</name>
         <load_address>0x5334</load_address>
         <run_address>0x5334</run_address>
         <size>0xe1</size>
         <input_file_ref idref="fl-7"/>
      </object_component>
      <object_component id="oc-2b">
         <name>.debug_info</name>
         <load_address>0x5415</load_address>
         <run_address>0x5415</run_address>
         <size>0x12b</size>
         <input_file_ref idref="fl-7"/>
      </object_component>
      <object_component id="oc-31">
         <name>.debug_info</name>
         <load_address>0x5540</load_address>
         <run_address>0x5540</run_address>
         <size>0x11c</size>
         <input_file_ref idref="fl-7"/>
      </object_component>
      <object_component id="oc-3d">
         <name>.debug_info</name>
         <load_address>0x565c</load_address>
         <run_address>0x565c</run_address>
         <size>0x134</size>
         <input_file_ref idref="fl-7"/>
      </object_component>
      <object_component id="oc-39">
         <name>.debug_info</name>
         <load_address>0x5790</load_address>
         <run_address>0x5790</run_address>
         <size>0x122</size>
         <input_file_ref idref="fl-7"/>
      </object_component>
      <object_component id="oc-336">
         <name>.debug_info</name>
         <load_address>0x58b2</load_address>
         <run_address>0x58b2</run_address>
         <size>0x219</size>
         <input_file_ref idref="fl-12e"/>
      </object_component>
      <object_component id="oc-33a">
         <name>.debug_info</name>
         <load_address>0x5acb</load_address>
         <run_address>0x5acb</run_address>
         <size>0xe8</size>
         <input_file_ref idref="fl-12e"/>
      </object_component>
      <object_component id="oc-2d2">
         <name>.debug_info</name>
         <load_address>0x5bb3</load_address>
         <run_address>0x5bb3</run_address>
         <size>0x213</size>
         <input_file_ref idref="fl-12e"/>
      </object_component>
      <object_component id="oc-36e">
         <name>.debug_info</name>
         <load_address>0x5dc6</load_address>
         <run_address>0x5dc6</run_address>
         <size>0xe1</size>
         <input_file_ref idref="fl-12e"/>
      </object_component>
      <object_component id="oc-25">
         <name>.debug_info</name>
         <load_address>0x5ea7</load_address>
         <run_address>0x5ea7</run_address>
         <size>0x134</size>
         <input_file_ref idref="fl-12f"/>
      </object_component>
      <object_component id="oc-50">
         <name>.debug_info</name>
         <load_address>0x5fdb</load_address>
         <run_address>0x5fdb</run_address>
         <size>0x121</size>
         <input_file_ref idref="fl-130"/>
      </object_component>
      <object_component id="oc-13">
         <name>.debug_info</name>
         <load_address>0x60fc</load_address>
         <run_address>0x60fc</run_address>
         <size>0x1c0</size>
         <input_file_ref idref="fl-130"/>
      </object_component>
      <object_component id="oc-4b">
         <name>.debug_info</name>
         <load_address>0x62bc</load_address>
         <run_address>0x62bc</run_address>
         <size>0x46</size>
         <input_file_ref idref="fl-130"/>
      </object_component>
      <object_component id="oc-97">
         <name>.debug_info</name>
         <load_address>0x6302</load_address>
         <run_address>0x6302</run_address>
         <size>0x2c</size>
         <input_file_ref idref="fl-130"/>
      </object_component>
      <object_component id="oc-58">
         <name>.debug_info</name>
         <load_address>0x632e</load_address>
         <run_address>0x632e</run_address>
         <size>0x115</size>
         <input_file_ref idref="fl-131"/>
      </object_component>
      <object_component id="oc-53">
         <name>.debug_info</name>
         <load_address>0x6443</load_address>
         <run_address>0x6443</run_address>
         <size>0x228</size>
         <input_file_ref idref="fl-131"/>
      </object_component>
      <object_component id="oc-1a">
         <name>.debug_info</name>
         <load_address>0x666b</load_address>
         <run_address>0x666b</run_address>
         <size>0x192</size>
         <input_file_ref idref="fl-131"/>
      </object_component>
      <object_component id="oc-59">
         <name>.debug_info</name>
         <load_address>0x67fd</load_address>
         <run_address>0x67fd</run_address>
         <size>0x39</size>
         <input_file_ref idref="fl-131"/>
      </object_component>
      <object_component id="oc-69">
         <name>.debug_info</name>
         <load_address>0x6836</load_address>
         <run_address>0x6836</run_address>
         <size>0x110</size>
         <input_file_ref idref="fl-132"/>
      </object_component>
      <object_component id="oc-21">
         <name>.debug_info</name>
         <load_address>0x6946</load_address>
         <run_address>0x6946</run_address>
         <size>0x18b</size>
         <input_file_ref idref="fl-132"/>
      </object_component>
      <object_component id="oc-64">
         <name>.debug_info</name>
         <load_address>0x6ad1</load_address>
         <run_address>0x6ad1</run_address>
         <size>0x46</size>
         <input_file_ref idref="fl-132"/>
      </object_component>
      <object_component id="oc-c1">
         <name>.debug_info</name>
         <load_address>0x6b17</load_address>
         <run_address>0x6b17</run_address>
         <size>0x172</size>
         <input_file_ref idref="fl-133"/>
      </object_component>
      <object_component id="oc-be">
         <name>.debug_info</name>
         <load_address>0x6c89</load_address>
         <run_address>0x6c89</run_address>
         <size>0x117</size>
         <input_file_ref idref="fl-133"/>
      </object_component>
      <object_component id="oc-7d">
         <name>.debug_info</name>
         <load_address>0x6da0</load_address>
         <run_address>0x6da0</run_address>
         <size>0x1ee</size>
         <input_file_ref idref="fl-133"/>
      </object_component>
      <object_component id="oc-31d">
         <name>.debug_info</name>
         <load_address>0x6f8e</load_address>
         <run_address>0x6f8e</run_address>
         <size>0xf5</size>
         <input_file_ref idref="fl-135"/>
      </object_component>
      <object_component id="oc-31a">
         <name>.debug_info</name>
         <load_address>0x7083</load_address>
         <run_address>0x7083</run_address>
         <size>0xdd</size>
         <input_file_ref idref="fl-135"/>
      </object_component>
      <object_component id="oc-2ce">
         <name>.debug_info</name>
         <load_address>0x7160</load_address>
         <run_address>0x7160</run_address>
         <size>0x16d</size>
         <input_file_ref idref="fl-135"/>
      </object_component>
      <object_component id="oc-31e">
         <name>.debug_info</name>
         <load_address>0x72cd</load_address>
         <run_address>0x72cd</run_address>
         <size>0xee</size>
         <input_file_ref idref="fl-135"/>
      </object_component>
      <object_component id="oc-46">
         <name>.debug_info</name>
         <load_address>0x73bb</load_address>
         <run_address>0x73bb</run_address>
         <size>0xf6</size>
         <input_file_ref idref="fl-136"/>
      </object_component>
      <object_component id="oc-61">
         <name>.debug_info</name>
         <load_address>0x74b1</load_address>
         <run_address>0x74b1</run_address>
         <size>0x124</size>
         <input_file_ref idref="fl-137"/>
      </object_component>
      <object_component id="oc-35e">
         <name>.debug_info</name>
         <load_address>0x75d5</load_address>
         <run_address>0x75d5</run_address>
         <size>0x13b</size>
         <input_file_ref idref="fl-138"/>
      </object_component>
      <object_component id="oc-353">
         <name>.debug_info</name>
         <load_address>0x7710</load_address>
         <run_address>0x7710</run_address>
         <size>0xf7</size>
         <input_file_ref idref="fl-138"/>
      </object_component>
      <object_component id="oc-314">
         <name>.debug_info</name>
         <load_address>0x7807</load_address>
         <run_address>0x7807</run_address>
         <size>0x1aa</size>
         <input_file_ref idref="fl-138"/>
      </object_component>
      <object_component id="oc-359">
         <name>.debug_info</name>
         <load_address>0x79b1</load_address>
         <run_address>0x79b1</run_address>
         <size>0x155</size>
         <input_file_ref idref="fl-138"/>
      </object_component>
      <object_component id="oc-6b">
         <name>.debug_info</name>
         <load_address>0x7b06</load_address>
         <run_address>0x7b06</run_address>
         <size>0x129</size>
         <input_file_ref idref="fl-139"/>
      </object_component>
      <object_component id="oc-83">
         <name>.debug_info</name>
         <load_address>0x7c2f</load_address>
         <run_address>0x7c2f</run_address>
         <size>0xea</size>
         <input_file_ref idref="fl-13a"/>
      </object_component>
      <object_component id="oc-367">
         <name>.debug_info</name>
         <load_address>0x7d19</load_address>
         <run_address>0x7d19</run_address>
         <size>0xd1</size>
         <input_file_ref idref="fl-13b"/>
      </object_component>
      <object_component id="oc-32d">
         <name>.debug_info</name>
         <load_address>0x7dea</load_address>
         <run_address>0x7dea</run_address>
         <size>0x216</size>
         <input_file_ref idref="fl-13b"/>
      </object_component>
      <object_component id="oc-365">
         <name>.debug_info</name>
         <load_address>0x8000</load_address>
         <run_address>0x8000</run_address>
         <size>0xd1</size>
         <input_file_ref idref="fl-13c"/>
      </object_component>
      <object_component id="oc-327">
         <name>.debug_info</name>
         <load_address>0x80d1</load_address>
         <run_address>0x80d1</run_address>
         <size>0x1fe</size>
         <input_file_ref idref="fl-13c"/>
      </object_component>
      <object_component id="oc-388">
         <name>.debug_info</name>
         <load_address>0x82cf</load_address>
         <run_address>0x82cf</run_address>
         <size>0xc9</size>
         <input_file_ref idref="fl-13d"/>
      </object_component>
      <object_component id="oc-356">
         <name>.debug_info</name>
         <load_address>0x8398</load_address>
         <run_address>0x8398</run_address>
         <size>0xd2</size>
         <input_file_ref idref="fl-13d"/>
      </object_component>
      <object_component id="oc-37b">
         <name>.debug_info</name>
         <load_address>0x846a</load_address>
         <run_address>0x846a</run_address>
         <size>0x86</size>
         <input_file_ref idref="fl-13d"/>
      </object_component>
      <object_component id="oc-30f">
         <name>.debug_info</name>
         <load_address>0x84f0</load_address>
         <run_address>0x84f0</run_address>
         <size>0x11f</size>
         <input_file_ref idref="fl-13e"/>
      </object_component>
      <object_component id="oc-14a">
         <name>.debug_info</name>
         <load_address>0x860f</load_address>
         <run_address>0x860f</run_address>
         <size>0x105</size>
         <input_file_ref idref="fl-13f"/>
      </object_component>
      <object_component id="oc-bb">
         <name>.debug_info</name>
         <load_address>0x8714</load_address>
         <run_address>0x8714</run_address>
         <size>0xf4</size>
         <input_file_ref idref="fl-13f"/>
      </object_component>
      <object_component id="oc-143">
         <name>.debug_info</name>
         <load_address>0x8808</load_address>
         <run_address>0x8808</run_address>
         <size>0x200</size>
         <input_file_ref idref="fl-13f"/>
      </object_component>
      <object_component id="oc-369">
         <name>.debug_info</name>
         <load_address>0x8a08</load_address>
         <run_address>0x8a08</run_address>
         <size>0x103</size>
         <input_file_ref idref="fl-140"/>
      </object_component>
      <object_component id="oc-331">
         <name>.debug_info</name>
         <load_address>0x8b0b</load_address>
         <run_address>0x8b0b</run_address>
         <size>0x1ff</size>
         <input_file_ref idref="fl-140"/>
      </object_component>
      <object_component id="oc-b9">
         <name>.debug_info</name>
         <load_address>0x8d0a</load_address>
         <run_address>0x8d0a</run_address>
         <size>0x147</size>
         <input_file_ref idref="fl-141"/>
      </object_component>
      <object_component id="oc-77">
         <name>.debug_info</name>
         <load_address>0x8e51</load_address>
         <run_address>0x8e51</run_address>
         <size>0x148</size>
         <input_file_ref idref="fl-141"/>
      </object_component>
      <object_component id="oc-13d">
         <name>.debug_info</name>
         <load_address>0x8f99</load_address>
         <run_address>0x8f99</run_address>
         <size>0x5e</size>
         <input_file_ref idref="fl-141"/>
      </object_component>
      <object_component id="oc-b1">
         <name>.debug_info</name>
         <load_address>0x8ff7</load_address>
         <run_address>0x8ff7</run_address>
         <size>0x29e</size>
         <input_file_ref idref="fl-142"/>
      </object_component>
      <object_component id="oc-71">
         <name>.debug_info</name>
         <load_address>0x9295</load_address>
         <run_address>0x9295</run_address>
         <size>0x158</size>
         <input_file_ref idref="fl-142"/>
      </object_component>
      <object_component id="oc-ce">
         <name>.debug_info</name>
         <load_address>0x93ed</load_address>
         <run_address>0x93ed</run_address>
         <size>0x39</size>
         <input_file_ref idref="fl-142"/>
      </object_component>
      <object_component id="oc-d3">
         <name>.debug_info</name>
         <load_address>0x9426</load_address>
         <run_address>0x9426</run_address>
         <size>0xcd</size>
         <input_file_ref idref="fl-142"/>
      </object_component>
      <object_component id="oc-cb">
         <name>.debug_info</name>
         <load_address>0x94f3</load_address>
         <run_address>0x94f3</run_address>
         <size>0x1c1</size>
         <input_file_ref idref="fl-143"/>
      </object_component>
      <object_component id="oc-ab">
         <name>.debug_info</name>
         <load_address>0x96b4</load_address>
         <run_address>0x96b4</run_address>
         <size>0x164</size>
         <input_file_ref idref="fl-143"/>
      </object_component>
      <object_component id="oc-152">
         <name>.debug_info</name>
         <load_address>0x9818</load_address>
         <run_address>0x9818</run_address>
         <size>0x2c</size>
         <input_file_ref idref="fl-143"/>
      </object_component>
      <object_component id="oc-34c">
         <name>.debug_info</name>
         <load_address>0x9844</load_address>
         <run_address>0x9844</run_address>
         <size>0x128</size>
         <input_file_ref idref="fl-144"/>
      </object_component>
      <object_component id="oc-168">
         <name>.debug_info</name>
         <load_address>0x996c</load_address>
         <run_address>0x996c</run_address>
         <size>0x240</size>
         <input_file_ref idref="fl-145"/>
      </object_component>
      <object_component id="oc-2e2">
         <name>.debug_info</name>
         <load_address>0x9bac</load_address>
         <run_address>0x9bac</run_address>
         <size>0x167</size>
         <input_file_ref idref="fl-145"/>
      </object_component>
      <object_component id="oc-2e5">
         <name>.debug_info</name>
         <load_address>0x9d13</load_address>
         <run_address>0x9d13</run_address>
         <size>0x169</size>
         <input_file_ref idref="fl-145"/>
      </object_component>
      <object_component id="oc-24a">
         <name>.debug_info</name>
         <load_address>0x9e7c</load_address>
         <run_address>0x9e7c</run_address>
         <size>0x15b</size>
         <input_file_ref idref="fl-145"/>
      </object_component>
      <object_component id="oc-16a">
         <name>.debug_info</name>
         <load_address>0x9fd7</load_address>
         <run_address>0x9fd7</run_address>
         <size>0x2a3</size>
         <input_file_ref idref="fl-145"/>
      </object_component>
      <object_component id="oc-162">
         <name>.debug_info</name>
         <load_address>0xa27a</load_address>
         <run_address>0xa27a</run_address>
         <size>0x2b3</size>
         <input_file_ref idref="fl-145"/>
      </object_component>
      <object_component id="oc-15c">
         <name>.debug_info</name>
         <load_address>0xa52d</load_address>
         <run_address>0xa52d</run_address>
         <size>0x316</size>
         <input_file_ref idref="fl-145"/>
      </object_component>
      <object_component id="oc-19c">
         <name>.debug_info</name>
         <load_address>0xa843</load_address>
         <run_address>0xa843</run_address>
         <size>0x279</size>
         <input_file_ref idref="fl-145"/>
      </object_component>
      <object_component id="oc-eb">
         <name>.debug_info</name>
         <load_address>0xaabc</load_address>
         <run_address>0xaabc</run_address>
         <size>0x2b7</size>
         <input_file_ref idref="fl-145"/>
      </object_component>
      <object_component id="oc-197">
         <name>.debug_info</name>
         <load_address>0xad73</load_address>
         <run_address>0xad73</run_address>
         <size>0x280</size>
         <input_file_ref idref="fl-145"/>
      </object_component>
      <object_component id="oc-257">
         <name>.debug_info</name>
         <load_address>0xaff3</load_address>
         <run_address>0xaff3</run_address>
         <size>0x298</size>
         <input_file_ref idref="fl-145"/>
      </object_component>
      <object_component id="oc-26d">
         <name>.debug_info</name>
         <load_address>0xb28b</load_address>
         <run_address>0xb28b</run_address>
         <size>0x27f</size>
         <input_file_ref idref="fl-145"/>
      </object_component>
      <object_component id="oc-1bb">
         <name>.debug_info</name>
         <load_address>0xb50a</load_address>
         <run_address>0xb50a</run_address>
         <size>0x2cf</size>
         <input_file_ref idref="fl-145"/>
      </object_component>
      <object_component id="oc-1c1">
         <name>.debug_info</name>
         <load_address>0xb7d9</load_address>
         <run_address>0xb7d9</run_address>
         <size>0x28f</size>
         <input_file_ref idref="fl-145"/>
      </object_component>
      <object_component id="oc-273">
         <name>.debug_info</name>
         <load_address>0xba68</load_address>
         <run_address>0xba68</run_address>
         <size>0x28d</size>
         <input_file_ref idref="fl-145"/>
      </object_component>
      <object_component id="oc-2ec">
         <name>.debug_info</name>
         <load_address>0xbcf5</load_address>
         <run_address>0xbcf5</run_address>
         <size>0x20e</size>
         <input_file_ref idref="fl-146"/>
      </object_component>
      <object_component id="oc-2ee">
         <name>.debug_info</name>
         <load_address>0xbf03</load_address>
         <run_address>0xbf03</run_address>
         <size>0x210</size>
         <input_file_ref idref="fl-146"/>
      </object_component>
      <object_component id="oc-2e9">
         <name>.debug_info</name>
         <load_address>0xc113</load_address>
         <run_address>0xc113</run_address>
         <size>0x157</size>
         <input_file_ref idref="fl-146"/>
      </object_component>
      <object_component id="oc-25c">
         <name>.debug_info</name>
         <load_address>0xc26a</load_address>
         <run_address>0xc26a</run_address>
         <size>0x2c1</size>
         <input_file_ref idref="fl-146"/>
      </object_component>
      <object_component id="oc-262">
         <name>.debug_info</name>
         <load_address>0xc52b</load_address>
         <run_address>0xc52b</run_address>
         <size>0x268</size>
         <input_file_ref idref="fl-146"/>
      </object_component>
      <object_component id="oc-248">
         <name>.debug_info</name>
         <load_address>0xc793</load_address>
         <run_address>0xc793</run_address>
         <size>0x21c</size>
         <input_file_ref idref="fl-147"/>
      </object_component>
      <object_component id="oc-1b6">
         <name>.debug_info</name>
         <load_address>0xc9af</load_address>
         <run_address>0xc9af</run_address>
         <size>0x242</size>
         <input_file_ref idref="fl-147"/>
      </object_component>
      <object_component id="oc-192">
         <name>.debug_info</name>
         <load_address>0xcbf1</load_address>
         <run_address>0xcbf1</run_address>
         <size>0x244</size>
         <input_file_ref idref="fl-147"/>
      </object_component>
      <object_component id="oc-284">
         <name>.debug_info</name>
         <load_address>0xce35</load_address>
         <run_address>0xce35</run_address>
         <size>0x276</size>
         <input_file_ref idref="fl-147"/>
      </object_component>
      <object_component id="oc-27e">
         <name>.debug_info</name>
         <load_address>0xd0ab</load_address>
         <run_address>0xd0ab</run_address>
         <size>0x29a</size>
         <input_file_ref idref="fl-147"/>
      </object_component>
      <object_component id="oc-1b0">
         <name>.debug_info</name>
         <load_address>0xd345</load_address>
         <run_address>0xd345</run_address>
         <size>0x3d9</size>
         <input_file_ref idref="fl-147"/>
      </object_component>
      <object_component id="oc-1a4">
         <name>.debug_info</name>
         <load_address>0xd71e</load_address>
         <run_address>0xd71e</run_address>
         <size>0x28c</size>
         <input_file_ref idref="fl-147"/>
      </object_component>
      <object_component id="oc-28a">
         <name>.debug_info</name>
         <load_address>0xd9aa</load_address>
         <run_address>0xd9aa</run_address>
         <size>0x242</size>
         <input_file_ref idref="fl-147"/>
      </object_component>
      <object_component id="oc-158">
         <name>.debug_info</name>
         <load_address>0xdbec</load_address>
         <run_address>0xdbec</run_address>
         <size>0x298</size>
         <input_file_ref idref="fl-148"/>
      </object_component>
      <object_component id="oc-250">
         <name>.debug_info</name>
         <load_address>0xde84</load_address>
         <run_address>0xde84</run_address>
         <size>0x14d</size>
         <input_file_ref idref="fl-148"/>
      </object_component>
      <object_component id="oc-e5">
         <name>.debug_info</name>
         <load_address>0xdfd1</load_address>
         <run_address>0xdfd1</run_address>
         <size>0x27f</size>
         <input_file_ref idref="fl-148"/>
      </object_component>
      <object_component id="oc-df">
         <name>.debug_info</name>
         <load_address>0xe250</load_address>
         <run_address>0xe250</run_address>
         <size>0x27d</size>
         <input_file_ref idref="fl-148"/>
      </object_component>
      <object_component id="oc-d9">
         <name>.debug_info</name>
         <load_address>0xe4cd</load_address>
         <run_address>0xe4cd</run_address>
         <size>0x2db</size>
         <input_file_ref idref="fl-148"/>
      </object_component>
      <object_component id="oc-1a8">
         <name>.debug_info</name>
         <load_address>0xe7a8</load_address>
         <run_address>0xe7a8</run_address>
         <size>0x2b5</size>
         <input_file_ref idref="fl-148"/>
      </object_component>
      <object_component id="oc-22b">
         <name>.debug_info</name>
         <load_address>0xea5d</load_address>
         <run_address>0xea5d</run_address>
         <size>0x5f</size>
         <input_file_ref idref="fl-148"/>
      </object_component>
      <object_component id="oc-3b2">
         <name>.debug_info</name>
         <load_address>0xeabc</load_address>
         <run_address>0xeabc</run_address>
         <size>0x9b</size>
      </object_component>
      <object_component id="oc-279">
         <name>.debug_line</name>
         <load_address>0x0</load_address>
         <run_address>0x0</run_address>
         <size>0xc3</size>
         <input_file_ref idref="fl-2"/>
      </object_component>
[...]
         <value>0x1c69</value>
         <object_component_ref idref="oc-108"/>
      </symbol>
      <symbol id="sm-82">
         <name>Touch_spi</name>
         <value>0x1791</value>
         <object_component_ref idref="oc-1d6"/>
      </symbol>
      <symbol id="sm-83">
         <name>Touch_ccs</name>
         <value>0x1daf</value>
         <object_component_ref idref="oc-1dc"/>
      </symbol>
      <symbol id="sm-84">
         <name>IntGPIOf</name>
         <value>0x1bdd</value>
         <object_component_ref idref="oc-1c8"/>
      </symbol>
      <symbol id="sm-85">
         <name>Touch_init</name>
         <value>0xa6d</value>
         <object_component_ref idref="oc-102"/>
      </symbol>
      <symbol id="sm-86">
         <name>Touch_scs</name>
         <value>0x1dbb</value>
         <object_component_ref idref="oc-1d0"/>
      </symbol>
      <symbol id="sm-87">
         <name>_y</name>
         <value>0x20000570</value>
         <object_component_ref idref="oc-1c5"/>
      </symbol>
      <symbol id="sm-88">
         <name>_x</name>
         <value>0x2000056c</value>
         <object_component_ref idref="oc-1c5"/>
      </symbol>
      <symbol id="sm-89">
         <name>_n</name>
         <value>0x20000574</value>
         <object_component_ref idref="oc-1c5"/>
      </symbol>
      <symbol id="sm-1b7">
         <name>fcolorr</name>
         <value>0x20000522</value>
      </symbol>
      <symbol id="sm-1b8">
         <name>fcolorg</name>
         <value>0x20000521</value>
      </symbol>
      <symbol id="sm-1b9">
         <name>fcolorb</name>
         <value>0x20000520</value>
      </symbol>
      <symbol id="sm-1ba">
         <name>actual_time</name>
         <value>0x2000050c</value>
      </symbol>
      <symbol id="sm-1bb">
         <name>current_time</name>
         <value>0x20000510</value>
      </symbol>
      <symbol id="sm-1bc">
         <name>line_x</name>
         <value>0x20000514</value>
      </symbol>
      <symbol id="sm-1bd">
         <name>line_y</name>
         <value>0x20000518</value>
      </symbol>
      <symbol id="sm-1be">
         <name>width</name>
         <value>0x2000051c</value>
      </symbol>
      <symbol id="sm-1bf">
         <name>init_calc</name>
         <value>0xd89</value>
         <object_component_ref idref="oc-10e"/>
      </symbol>
      <symbol id="sm-1c0">
         <name>numberMinusPress</name>
         <value>0x1819</value>
         <object_component_ref idref="oc-2a2"/>
      </symbol>
      <symbol id="sm-1c1">
         <name>bounce_time</name>
         <value>0x2000054c</value>
         <object_component_ref idref="oc-137"/>
      </symbol>
      <symbol id="sm-1c2">
         <name>renderClockTime</name>
         <value>0x1749</value>
         <object_component_ref idref="oc-200"/>
      </symbol>
      <symbol id="sm-1c3">
         <name>numberPlusPress</name>
         <value>0x1b1d</value>
         <object_component_ref idref="oc-29c"/>
      </symbol>
      <symbol id="sm-1c4">
         <name>Cells</name>
         <value>0x2000046c</value>
         <object_component_ref idref="oc-1f5"/>
      </symbol>
      <symbol id="sm-1c5">
         <name>isClicked</name>
         <value>0x18e1</value>
         <object_component_ref idref="oc-20b"/>
      </symbol>
      <symbol id="sm-1c6">
         <name>refreshData</name>
         <value>0x1dd3</value>
         <object_component_ref idref="oc-11a"/>
      </symbol>
      <symbol id="sm-1c7">
         <name>openEditMode</name>
         <value>0x12bd</value>
         <object_component_ref idref="oc-120"/>
      </symbol>
      <symbol id="sm-1c8">
         <name>MoveLeft</name>
         <value>0x1a11</value>
         <object_component_ref idref="oc-2a8"/>
      </symbol>
      <symbol id="sm-1c9">
         <name>cells_length</name>
         <value>0x20000548</value>
         <object_component_ref idref="oc-137"/>
      </symbol>
      <symbol id="sm-1ca">
         <name>editing</name>
         <value>0x20000550</value>
         <object_component_ref idref="oc-137"/>
      </symbol>
      <symbol id="sm-1cb">
         <name>ClearPress</name>
         <value>0x1671</value>
         <object_component_ref idref="oc-2ba"/>
      </symbol>
      <symbol id="sm-1cc">
         <name>renderActualTime</name>
         <value>0x1701</value>
         <object_component_ref idref="oc-1fa"/>
      </symbol>
      <symbol id="sm-1cd">
         <name>findClickedButton</name>
         <value>0x1381</value>
         <object_component_ref idref="oc-126"/>
      </symbol>
      <symbol id="sm-1ce">
         <name>main</name>
         <value>0x515</value>
         <object_component_ref idref="oc-b2"/>
      </symbol>
      <symbol id="sm-1cf">
         <name>stoped</name>
         <value>0x20000554</value>
         <object_component_ref idref="oc-137"/>
      </symbol>
      <symbol id="sm-1d0">
         <name>MoveRight</name>
         <value>0x1ab5</value>
         <object_component_ref idref="oc-2ae"/>
      </symbol>
      <symbol id="sm-1d1">
         <name>closeEditingMode</name>
         <value>0x18a1</value>
         <object_component_ref idref="oc-302"/>
      </symbol>
      <symbol id="sm-1d2">
         <name>fireAlarm</name>
         <value>0x1b81</value>
         <object_component_ref idref="oc-12c"/>
      </symbol>
      <symbol id="sm-1d3">
         <name>Switch</name>
         <value>0x20000558</value>
         <object_component_ref idref="oc-137"/>
      </symbol>
      <symbol id="sm-1d4">
         <name>init_cells</name>
         <value>0xe79</value>
         <object_component_ref idref="oc-1e9"/>
      </symbol>
      <symbol id="sm-1d5">
         <name>SetPress</name>
         <value>0x1321</value>
         <object_component_ref idref="oc-2b4"/>
      </symbol>
      <symbol id="sm-28c">
         <name>ssd1289_string</name>
         <value>0x1c05</value>
         <object_component_ref idref="oc-1ef"/>
      </symbol>
      <symbol id="sm-28d">
         <name>drawPixel</name>
         <value>0x1b51</value>
         <object_component_ref idref="oc-28f"/>
      </symbol>
      <symbol id="sm-28e">
         <name>setColor</name>
         <value>0x1c49</value>
         <object_component_ref idref="oc-fc"/>
      </symbol>
      <symbol id="sm-28f">
         <name>LCD_setXY</name>
         <value>0x1961</value>
         <object_component_ref idref="oc-23d"/>
      </symbol>
      <symbol id="sm-290">
         <name>LCD_clrXY</name>
         <value>0x1d87</value>
         <object_component_ref idref="oc-17c"/>
      </symbol>
      <symbol id="sm-291">
         <name>LCD_Write_COM</name>
         <value>0x19d9</value>
         <object_component_ref idref="oc-175"/>
      </symbol>
      <symbol id="sm-292">
         <name>sign</name>
         <value>0x1d41</value>
         <object_component_ref idref="oc-295"/>
      </symbol>
      <symbol id="sm-293">
         <name>font_ascii</name>
         <value>0x1e2c</value>
         <object_component_ref idref="oc-30a"/>
      </symbol>
      <symbol id="sm-294">
         <name>drawLine</name>
         <value>0xfc5</value>
         <object_component_ref idref="oc-1e3"/>
      </symbol>
      <symbol id="sm-295">
         <name>LCD_Write_DATA</name>
         <value>0x1c29</value>
         <object_component_ref idref="oc-235"/>
      </symbol>
      <symbol id="sm-296">
         <name>ssd1289_char</name>
         <value>0x1495</value>
         <object_component_ref idref="oc-2c1"/>
      </symbol>
      <symbol id="sm-297">
         <name>LCD_init</name>
         <value>0x741</value>
         <object_component_ref idref="oc-f0"/>
      </symbol>
      <symbol id="sm-298">
         <name>LCD_Writ_Bus</name>
         <value>0x158d</value>
         <object_component_ref idref="oc-182"/>
      </symbol>
      <symbol id="sm-299">
         <name>setPixel</name>
         <value>0x1ced</value>
         <object_component_ref idref="oc-2f6"/>
      </symbol>
      <symbol id="sm-29a">
         <name>LCD_Write_COM_DATA</name>
         <value>0x1d03</value>
         <object_component_ref idref="oc-16f"/>
      </symbol>
      <symbol id="sm-29b">
         <name>LCD_fillScr</name>
         <value>0x13e1</value>
         <object_component_ref idref="oc-f6"/>
      </symbol>
      <symbol id="sm-2cd">
         <name>ResetISR</name>
         <value>0x1e11</value>
         <object_component_ref idref="oc-2a"/>
      </symbol>
      <symbol id="sm-2ce">
         <name>g_pfnVectors</name>
         <value>0x0</value>
         <object_component_ref idref="oc-f"/>
      </symbol>
      <symbol id="sm-306">
         <name>asctime</name>
         <value>0xf21</value>
         <object_component_ref idref="oc-2d0"/>
      </symbol>
      <symbol id="sm-318">
         <name>_c_int00</name>
         <value>0x153d</value>
         <object_component_ref idref="oc-24"/>
      </symbol>
      <symbol id="sm-319">
         <name>__stack</name>
         <value>0x2000026c</value>
         <object_component_ref idref="oc-29"/>
      </symbol>
      <symbol id="sm-330">
         <name>__TI_decompress_none</name>
         <value>0x1d95</value>
         <object_component_ref idref="oc-12"/>
      </symbol>
      <symbol id="sm-353">
         <name>__TI_decompress_rle24</name>
         <value>0x1e23</value>
         <object_component_ref idref="oc-18"/>
      </symbol>
      <symbol id="sm-365">
         <name>__TI_zero_init</name>
         <value>0x1dc7</value>
         <object_component_ref idref="oc-1e"/>
      </symbol>
      <symbol id="sm-384">
         <name>C$$EXIT</name>
         <value>0x185d</value>
         <object_component_ref idref="oc-7c"/>
      </symbol>
      <symbol id="sm-385">
         <name>abort</name>
         <value>0x1861</value>
         <object_component_ref idref="oc-7c"/>
      </symbol>
      <symbol id="sm-386">
         <name>exit</name>
         <value>0x1869</value>
         <object_component_ref idref="oc-7c"/>
      </symbol>
      <symbol id="sm-387">
         <name>__TI_dtors_ptr</name>
         <value>0x20000584</value>
         <object_component_ref idref="oc-bd"/>
      </symbol>
      <symbol id="sm-388">
         <name>__TI_cleanup_ptr</name>
         <value>0x20000580</value>
         <object_component_ref idref="oc-bd"/>
      </symbol>
      <symbol id="sm-3a8">
         <name>localtime</name>
         <value>0x1625</value>
         <object_component_ref idref="oc-2ca"/>
      </symbol>
      <symbol id="sm-3c3">
         <name>memcpy</name>
         <value>0x1065</value>
         <object_component_ref idref="oc-45"/>
      </symbol>
      <symbol id="sm-3c4">
         <name>__aeabi_memcpy</name>
         <value>0x1065</value>
         <object_component_ref idref="oc-45"/>
      </symbol>
      <symbol id="sm-3c5">
         <name>__aeabi_memcpy8</name>
         <value>0x1065</value>
         <object_component_ref idref="oc-45"/>
      </symbol>
      <symbol id="sm-3c6">
         <name>__aeabi_memcpy4</name>
         <value>0x1065</value>
         <object_component_ref idref="oc-45"/>
      </symbol>
      <symbol id="sm-3d5">
         <name>__aeabi_memset</name>
         <value>0x1103</value>
         <object_component_ref idref="oc-5e"/>
      </symbol>
      <symbol id="sm-3d6">
         <name>memset</name>
         <value>0x1109</value>
         <object_component_ref idref="oc-5e"/>
      </symbol>
      <symbol id="sm-3d7">
         <name>__aeabi_memset8</name>
         <value>0x1103</value>
         <object_component_ref idref="oc-5e"/>
      </symbol>
      <symbol id="sm-3d8">
         <name>__aeabi_memset4</name>
         <value>0x1103</value>
         <object_component_ref idref="oc-5e"/>
      </symbol>
      <symbol id="sm-3d9">
         <name>__aeabi_memclr8</name>
         <value>0x1101</value>
         <object_component_ref idref="oc-5e"/>
      </symbol>
      <symbol id="sm-3da">
         <name>__aeabi_memclr4</name>
         <value>0x1101</value>
         <object_component_ref idref="oc-5e"/>
      </symbol>
      <symbol id="sm-3db">
         <name>__aeabi_memclr</name>
         <value>0x1101</value>
         <object_component_ref idref="oc-5e"/>
      </symbol>
      <symbol id="sm-40e">
         <name>mktime</name>
         <value>0x26d</value>
         <object_component_ref idref="oc-313"/>
      </symbol>
      <symbol id="sm-418">
         <name>_system_pre_init</name>
         <value>0x1e29</value>
         <object_component_ref idref="oc-6a"/>
      </symbol>
      <symbol id="sm-420">
         <name>main_func_sp</name>
         <value>0x20000588</value>
         <object_component_ref idref="oc-82"/>
      </symbol>
      <symbol id="sm-430">
         <name>strcat</name>
         <value>0x1c87</value>
         <object_component_ref idref="oc-329"/>
      </symbol>
      <symbol id="sm-43e">
         <name>strcpy</name>
         <value>0x1d2d</value>
         <object_component_ref idref="oc-323"/>
      </symbol>
      <symbol id="sm-44e">
         <name>_tz</name>
         <value>0x2000055c</value>
         <object_component_ref idref="oc-355"/>
      </symbol>
      <symbol id="sm-460">
         <name>__aeabi_uidivmod</name>
         <value>0x1921</value>
         <object_component_ref idref="oc-30e"/>
      </symbol>
      <symbol id="sm-461">
         <name>__aeabi_uidiv</name>
         <value>0x1921</value>
         <object_component_ref idref="oc-30e"/>
      </symbol>
      <symbol id="sm-47a">
         <name>_nop</name>
         <value>0x1d27</value>
         <object_component_ref idref="oc-142"/>
      </symbol>
      <symbol id="sm-47b">
         <name>_lock</name>
         <value>0x20000578</value>
         <object_component_ref idref="oc-ba"/>
      </symbol>
      <symbol id="sm-47c">
         <name>_unlock</name>
         <value>0x2000057c</value>
         <object_component_ref idref="oc-ba"/>
      </symbol>
      <symbol id="sm-47d">
         <name>_register_lock</name>
         <value>0x1d1f</value>
         <object_component_ref idref="oc-142"/>
      </symbol>
      <symbol id="sm-47e">
         <name>_register_unlock</name>
         <value>0x1d19</value>
         <object_component_ref idref="oc-142"/>
      </symbol>
      <symbol id="sm-494">
         <name>__TI_tvaltostr</name>
         <value>0x14ed</value>
         <object_component_ref idref="oc-32f"/>
      </symbol>
      <symbol id="sm-4a9">
         <name>_args_main</name>
         <value>0x1cd5</value>
         <object_component_ref idref="oc-76"/>
      </symbol>
      <symbol id="sm-4cf">
         <name>__TI_auto_init</name>
         <value>0x117d</value>
         <object_component_ref idref="oc-70"/>
      </symbol>
      <symbol id="sm-4e9">
         <name>copy_in</name>
         <value>0x15d9</value>
         <object_component_ref idref="oc-aa"/>
      </symbol>
      <symbol id="sm-4f3">
         <name>__aeabi_idiv0</name>
         <value>0x1bdb</value>
         <object_component_ref idref="oc-34b"/>
      </symbol>
      <symbol id="sm-574">
         <name>GPIOIntRegister</name>
         <value>0x1ca5</value>
         <object_component_ref idref="oc-1b9"/>
      </symbol>
      <symbol id="sm-575">
         <name>GPIOPinConfigure</name>
         <value>0x16b9</value>
         <object_component_ref idref="oc-195"/>
      </symbol>
      <symbol id="sm-576">
         <name>GPIOIntEnable</name>
         <value>0x1da3</value>
         <object_component_ref idref="oc-1bf"/>
      </symbol>
      <symbol id="sm-577">
         <name>GPIOIntClear</name>
         <value>0x1e05</value>
         <object_component_ref idref="oc-271"/>
      </symbol>
      <symbol id="sm-578">
         <name>GPIOIntStatus</name>
         <value>0x1d79</value>
         <object_component_ref idref="oc-26b"/>
      </symbol>
      <symbol id="sm-579">
         <name>GPIOPinTypeGPIOOutput</name>
         <value>0x1cbd</value>
         <object_component_ref idref="oc-ea"/>
      </symbol>
      <symbol id="sm-57a">
         <name>GPIODirModeSet</name>
         <value>0x1bb1</value>
         <object_component_ref idref="oc-161"/>
      </symbol>
      <symbol id="sm-57b">
         <name>GPIOPinWrite</name>
         <value>0x1e0b</value>
         <object_component_ref idref="oc-169"/>
      </symbol>
      <symbol id="sm-57c">
         <name>GPIOPadConfigSet</name>
         <value>0x939</value>
         <object_component_ref idref="oc-15b"/>
      </symbol>
      <symbol id="sm-57d">
         <name>GPIOPinTypeSSI</name>
         <value>0x1d55</value>
         <object_component_ref idref="oc-19b"/>
      </symbol>
      <symbol id="sm-5b6">
         <name>IntEnable</name>
         <value>0x1255</value>
         <object_component_ref idref="oc-261"/>
      </symbol>
      <symbol id="sm-5b7">
         <name>IntRegister</name>
         <value>0x1a81</value>
         <object_component_ref idref="oc-25b"/>
      </symbol>
      <symbol id="sm-5b8">
         <name>g_pfnRAMVectors</name>
         <value>0x20000000</value>
         <object_component_ref idref="oc-2e8"/>
      </symbol>
      <symbol id="sm-5f8">
         <name>SSIDataPut</name>
         <value>0x1ddf</value>
         <object_component_ref idref="oc-281"/>
      </symbol>
      <symbol id="sm-5f9">
         <name>SSIDataGetNonBlocking</name>
         <value>0x1d67</value>
         <object_component_ref idref="oc-27b"/>
      </symbol>
      <symbol id="sm-5fa">
         <name>SSIConfigSetExpClk</name>
         <value>0x199d</value>
         <object_component_ref idref="oc-1ad"/>
      </symbol>
      <symbol id="sm-5fb">
         <name>SSIEnable</name>
         <value>0x1df3</value>
         <object_component_ref idref="oc-1b3"/>
      </symbol>
      <symbol id="sm-5fc">
         <name>SSIClockSourceSet</name>
         <value>0x1e17</value>
         <object_component_ref idref="oc-1a1"/>
      </symbol>
      <symbol id="sm-5fd">
         <name>SSIBusy</name>
         <value>0x1dfd</value>
         <object_component_ref idref="oc-287"/>
      </symbol>
      <symbol id="sm-5fe">
         <name>SSIDisable</name>
         <value>0x1de9</value>
         <object_component_ref idref="oc-18f"/>
      </symbol>
      <symbol id="sm-65b">
         <name>SysCtlClockSet</name>
         <value>0xc95</value>
         <object_component_ref idref="oc-d8"/>
      </symbol>
      <symbol id="sm-65c">
         <name>SysCtlDelay</name>
         <value>0x1e1d</value>
         <object_component_ref idref="oc-132"/>
      </symbol>
      <symbol id="sm-65d">
         <name>SysCtlPeripheralEnable</name>
         <value>0x1ae9</value>
         <object_component_ref idref="oc-de"/>
      </symbol>
      <symbol id="sm-65e">
         <name>SysCtlClockGet</name>
         <value>0xb85</value>
         <object_component_ref idref="oc-1a7"/>
      </symbol>
      <symbol id="sm-65f">
         <name>SysCtlPeripheralReady</name>
         <value>0x1a49</value>
         <object_component_ref idref="oc-e4"/>
      </symbol>
      <symbol id="sm-661">
         <name>__TI_static_base__</name>
         <value>0x0</value>
      </symbol>
      <symbol id="sm-664">
         <name>SHT$$INIT_ARRAY$$Limit</name>
         <value>0x0</value>
      </symbol>
      <symbol id="sm-665">
         <name>SHT$$INIT_ARRAY$$Base</name>
         <value>0x0</value>
      </symbol>
   </symbol_table>
   <title>Link successful</title>
</link_info>
