******************************************************************************
                  TI ARM Linker PC v5.2.6                      
******************************************************************************
>> Linked Tue May 08 22:00:46 2018

OUTPUT FILE NAME:   <blinkyGraphs.out>
ENTRY POINT SYMBOL: "_c_int00"  address: 000015e1


MEMORY CONFIGURATION

         name            origin    length      used     unused   attr    fill
----------------------  --------  ---------  --------  --------  ----  --------
  FLASH                 00000000   00040000  00002251  0003ddaf  R  X
  SRAM                  20000000   00008000  0000023f  00007dc1  RW X


SEGMENT ALLOCATION MAP

run origin  load origin   length   init length attrs members
----------  ----------- ---------- ----------- ----- -------
00000000    00000000    00002258   00002258    r-x
  00000000    00000000    0000026c   0000026c    r-- .intvecs
  0000026c    0000026c    000018b6   000018b6    r-x .text
  00001b24    00001b24    000006f7   000006f7    r-- .const
  00002220    00002220    00000038   00000038    r-- .cinit
20000000    20000000    00000240   00000000    rw-
  20000000    20000000    00000200   00000000    rw- .stack
  20000200    20000200    0000002b   00000000    rw- .bss
  2000022c    2000022c    00000014   00000000    rw- .data


SECTION ALLOCATION MAP

 output                                  attributes/
section   page    origin      length       input sections
--------  ----  ----------  ----------   ----------------
.intvecs   0    00000000    0000026c     
                  00000000    0000026c     tm4c123gh6pm_startup_ccs.obj (.intvecs)

.text      0    0000026c    000018b6     
                  0000026c    0000021e     rtsv7M4_T_le_v4SPD16_eabi.lib : ll_div_t2.obj (.text)
                  0000048a    00000002     tm4c123gh6pm_startup_ccs.obj (.text:FaultISR)
                  0000048c    000001f8     ssd1289.obj (.text:LCD_init)
                  00000684    000001d8     bmp280.obj (.text:readPressure)
                  0000085c    00000188     blinky.obj (.text:main)
                  000009e4    00000132     driverlib.lib : gpio.obj (.text:GPIOPadConfigSet)
                  00000b16    00000002     tm4c123gh6pm_startup_ccs.obj (.text:IntDefaultHandler)
                  00000b18    00000110     driverlib.lib : sysctl.obj (.text:SysCtlClockGet)
                  00000c28    000000fc     blinky.obj (.text:drawChart)
                  00000d24    000000f4     driverlib.lib : sysctl.obj (.text:SysCtlClockSet)
                  00000e18    000000d8     blinky.obj (.text:print_sensor_data)
                  00000ef0    000000bc     bmp280.obj (.text:calibration)
                  00000fac    000000b8     bmp280.obj (.text:readHumidity)
                  00001064    000000a8     bmp280.obj (.text:bmp_i2cReadData)
                  0000110c    000000a0     ssd1289.obj (.text:drawLine)
                  000011ac    0000009c     rtsv7M4_T_le_v4SPD16_eabi.lib : memcpy_t2.obj (.text)
                  00001248    0000007a                                   : memset_t2.obj (.text)
                  000012c2    00000002     tm4c123gh6pm_startup_ccs.obj (.text:NmiSR)
                  000012c4    0000006c     bmp280.obj (.text:bmp_initI2C)
                  00001330    0000006c     bmp280.obj (.text:bmp_readTemperature)
                  0000139c    0000006c     rtsv7M4_T_le_v4SPD16_eabi.lib : autoinit.obj (.text)
                  00001408    0000006a                                   : copy_decompress_rle.obj (.text)
                  00001472    00000002                                   : l_div0.obj (.text)
                  00001474    00000064     bmp280.obj (.text:bmp_i2cRead)
                  000014d8    0000005c     ssd1289.obj (.text:LCD_fillScr)
                  00001534    00000058     ssd1289.obj (.text:ssd1289_char)
                  0000158c    00000054     blinky.obj (.text:itoa)
                  000015e0    00000050     rtsv7M4_T_le_v4SPD16_eabi.lib : boot.obj (.text)
                  00001630    0000004c     driverlib.lib : i2c.obj (.text:I2CMasterInitExpClk)
                  0000167c    0000004c     ssd1289.obj (.text:LCD_Writ_Bus)
                  000016c8    0000004c     rtsv7M4_T_le_v4SPD16_eabi.lib : cpy_tbl.obj (.text)
                  00001714    00000048     driverlib.lib : gpio.obj (.text:GPIOPinConfigure)
                  0000175c    00000048     rtsv7M4_T_le_v4SPD16_eabi.lib : ll_tofs_t2.obj (.text)
                  000017a4    00000044                                   : exit.obj (.text)
                  000017e8    0000003c     ssd1289.obj (.text:LCD_setXY)
                  00001824    00000038     ssd1289.obj (.text:LCD_Write_COM)
                  0000185c    00000038     driverlib.lib : sysctl.obj (.text:SysCtlPeripheralReady)
                  00001894    00000034                   : sysctl.obj (.text:SysCtlPeripheralEnable)
                  000018c8    00000030     ssd1289.obj (.text:drawPixel)
                  000018f8    0000002a     driverlib.lib : gpio.obj (.text:GPIODirModeSet)
                  00001922    00000026     blinky.obj (.text:concat)
                  00001948    00000024     bmp280.obj (.text:read24)
                  0000196c    00000024     ssd1289.obj (.text:ssd1289_string)
                  00001990    00000020     ssd1289.obj (.text:LCD_Write_DATA)
                  000019b0    00000020     ssd1289.obj (.text:setColor)
                  000019d0    0000001e     bmp280.obj (.text:read16_LE)
                  000019ee    00000018     driverlib.lib : gpio.obj (.text:GPIOPinTypeGPIOOutput)
                  00001a06    00000002     --HOLE-- [fill = 0]
                  00001a08    00000018     rtsv7M4_T_le_v4SPD16_eabi.lib : args_main.obj (.text)
                  00001a20    00000018                                   : ll_mul_t2.obj (.text)
                  00001a38    00000016     ssd1289.obj (.text:setPixel)
                  00001a4e    00000014     ssd1289.obj (.text:LCD_Write_COM_DATA)
                  00001a62    00000002     --HOLE-- [fill = 0]
                  00001a64    00000014     rtsv7M4_T_le_v4SPD16_eabi.lib : _lock.obj (.text)
                  00001a78    00000014     ssd1289.obj (.text:sign)
                  00001a8c    00000012     driverlib.lib : gpio.obj (.text:GPIOPinTypeI2C)
                  00001a9e    00000012                   : gpio.obj (.text:GPIOPinTypeI2CSCL)
                  00001ab0    0000000e     ssd1289.obj (.text:LCD_clrXY)
                  00001abe    0000000e     rtsv7M4_T_le_v4SPD16_eabi.lib : copy_decompress_none.obj (.text:decompress:none)
                  00001acc    0000000c                                   : copy_zero_init.obj (.text:decompress:ZI)
                  00001ad8    0000000a     driverlib.lib : i2c.obj (.text:I2CMasterEnable)
                  00001ae2    00000008                   : i2c.obj (.text:I2CMasterBusy)
                  00001aea    00000008                   : i2c.obj (.text:I2CMasterSlaveAddrSet)
                  00001af2    00000008     bmp280.obj (.text:read8)
                  00001afa    00000006     driverlib.lib : gpio.obj (.text:GPIOPinWrite)
                  00001b00    00000006     tm4c123gh6pm_startup_ccs.obj (.text:ResetISR)
                  00001b06    00000006     driverlib.lib : sysctl.obj (.text:SysCtlDelay)
                  00001b0c    00000006     rtsv7M4_T_le_v4SPD16_eabi.lib : copy_decompress_rle.obj (.text:decompress:rle24)
                  00001b12    00000004     driverlib.lib : i2c.obj (.text:I2CMasterControl)
                  00001b16    00000004                   : i2c.obj (.text:I2CMasterDataGet)
                  00001b1a    00000004                   : i2c.obj (.text:I2CMasterDataPut)
                  00001b1e    00000004     rtsv7M4_T_le_v4SPD16_eabi.lib : pre_init.obj (.text)

.const     0    00001b24    000006f7     
                  00001b24    000005f0     ssd1289.obj (.const:font_ascii)
                  00002114    00000090     driverlib.lib : gpio.obj (.const:g_pui32GPIOBaseAddrs)
                  000021a4    0000006c                   : sysctl.obj (.const:g_pui32Xtals)
                  00002210    0000000b     blinky.obj (.const:.string)

.cinit     0    00002220    00000038     
                  00002220    0000000f     (.cinit..data.load) [load image, compression = rle]
                  0000222f    00000001     --HOLE-- [fill = 0]
                  00002230    0000000c     (__TI_handler_table)
                  0000223c    00000004     --HOLE-- [fill = 0]
                  00002240    00000008     (.cinit..bss.load) [load image, compression = zero_init]
                  00002248    00000010     (__TI_cinit_table)

.init_array 
*          0    00000000    00000000     UNINITIALIZED

.stack     0    20000000    00000200     UNINITIALIZED
                  20000000    00000200     --HOLE--

.bss       0    20000200    0000002b     UNINITIALIZED
                  20000200    00000024     bmp280.obj (.bss:cal_data)
                  20000224    00000004     (.common:t_fine)
                  20000228    00000001     (.common:fcolorb)
                  20000229    00000001     (.common:fcolorg)
                  2000022a    00000001     (.common:fcolorr)

.TI.noinit 
*          0    20000200    00000000     UNINITIALIZED

.data      0    2000022c    00000014     UNINITIALIZED
                  2000022c    00000008     rtsv7M4_T_le_v4SPD16_eabi.lib : _lock.obj (.data)
                  20000234    00000008                                   : exit.obj (.data)
                  2000023c    00000004                                   : stkdepth_vars.obj (.data)

.TI.persistent 
*          0    2000022c    00000000     UNINITIALIZED


LINKER GENERATED COPY TABLES

__TI_cinit_table @ 00002248 records: 2, size/record: 8, table size: 16
	.data: load addr=00002220, load size=0000000f bytes, run addr=2000022c, run size=00000014 bytes, compression=rle
	.bss: load addr=00002240, load size=00000008 bytes, run addr=20000200, run size=0000002b bytes, compression=zero_init


LINKER GENERATED HANDLER TABLE

__TI_handler_table @ 00002230 records: 3, size/record: 4, table size: 12
	index: 0, handler: __TI_decompress_rle24
	index: 1, handler: __TI_decompress_none
	index: 2, handler: __TI_zero_init


GLOBAL SYMBOLS: SORTED ALPHABETICALLY BY Name 

address   name                    
-------   ----                    
000017a5  C$$EXIT                 
000018f9  GPIODirModeSet          
000009e5  GPIOPadConfigSet        
00001715  GPIOPinConfigure        
000019ef  GPIOPinTypeGPIOOutput   
00001a8d  GPIOPinTypeI2C          
00001a9f  GPIOPinTypeI2CSCL       
00001afb  GPIOPinWrite            
00001ae3  I2CMasterBusy           
00001b13  I2CMasterControl        
00001b17  I2CMasterDataGet        
00001b1b  I2CMasterDataPut        
00001ad9  I2CMasterEnable         
00001631  I2CMasterInitExpClk     
00001aeb  I2CMasterSlaveAddrSet   
0000167d  LCD_Writ_Bus            
00001825  LCD_Write_COM           
00001a4f  LCD_Write_COM_DATA      
00001991  LCD_Write_DATA          
00001ab1  LCD_clrXY               
000014d9  LCD_fillScr             
0000048d  LCD_init                
000017e9  LCD_setXY               
00001b01  ResetISR                
UNDEFED   SHT$$INIT_ARRAY$$Base   
UNDEFED   SHT$$INIT_ARRAY$$Limit  
00000b19  SysCtlClockGet          
00000d25  SysCtlClockSet          
00001b07  SysCtlDelay             
00001895  SysCtlPeripheralEnable  
0000185d  SysCtlPeripheralReady   
20000200  __STACK_END             
00000200  __STACK_SIZE            
20000200  __STACK_TOP             
00002248  __TI_CINIT_Base         
00002258  __TI_CINIT_Limit        
00002230  __TI_Handler_Table_Base 
0000223c  __TI_Handler_Table_Limit
0000139d  __TI_auto_init          
20000234  __TI_cleanup_ptr        
00001abf  __TI_decompress_none    
00001b0d  __TI_decompress_rle24   
20000238  __TI_dtors_ptr          
00000000  __TI_static_base__      
00001acd  __TI_zero_init          
0000175d  __aeabi_l2f             
00001473  __aeabi_ldiv0           
0000026d  __aeabi_ldivmod         
00001a21  __aeabi_lmul            
00001249  __aeabi_memclr          
00001249  __aeabi_memclr4         
00001249  __aeabi_memclr8         
000011ad  __aeabi_memcpy          
000011ad  __aeabi_memcpy4         
000011ad  __aeabi_memcpy8         
0000124b  __aeabi_memset          
0000124b  __aeabi_memset4         
0000124b  __aeabi_memset8         
ffffffff  __binit__               
ffffffff  __c_args__              
20000000  __stack                 
00001a09  _args_main              
000015e1  _c_int00                
2000022c  _lock                   
00001a73  _nop                    
00001a6b  _register_lock          
00001a65  _register_unlock        
00001b1f  _system_pre_init        
20000230  _unlock                 
000017a9  abort                   
ffffffff  binit                   
00001475  bmp_i2cRead             
00001065  bmp_i2cReadData         
000012c5  bmp_initI2C             
00001331  bmp_readTemperature     
20000200  cal_data                
00000ef1  calibration             
00001923  concat                  
000016c9  copy_in                 
00000c29  drawChart               
0000110d  drawLine                
000018c9  drawPixel               
000017b1  exit                    
20000228  fcolorb                 
20000229  fcolorg                 
2000022a  fcolorr                 
00001b24  font_ascii              
00000000  g_pfnVectors            
0000158d  itoa                    
0000085d  main                    
2000023c  main_func_sp            
000011ad  memcpy                  
00001251  memset                  
00000e19  print_sensor_data       
000019d1  read16_LE               
00001949  read24                  
00001af3  read8                   
00000fad  readHumidity            
00000685  readPressure            
000019d1  readS16_LE              
000019b1  setColor                
00001a39  setPixel                
00001a79  sign                    
00001535  ssd1289_char            
0000196d  ssd1289_string          
20000224  t_fine                  


GLOBAL SYMBOLS: SORTED BY Symbol Address 

address   name                    
-------   ----                    
00000000  __TI_static_base__      
00000000  g_pfnVectors            
00000200  __STACK_SIZE            
0000026d  __aeabi_ldivmod         
0000048d  LCD_init                
00000685  readPressure            
0000085d  main                    
000009e5  GPIOPadConfigSet        
00000b19  SysCtlClockGet          
00000c29  drawChart               
00000d25  SysCtlClockSet          
00000e19  print_sensor_data       
00000ef1  calibration             
00000fad  readHumidity            
00001065  bmp_i2cReadData         
0000110d  drawLine                
000011ad  __aeabi_memcpy          
000011ad  __aeabi_memcpy4         
000011ad  __aeabi_memcpy8         
000011ad  memcpy                  
00001249  __aeabi_memclr          
00001249  __aeabi_memclr4         
00001249  __aeabi_memclr8         
0000124b  __aeabi_memset          
0000124b  __aeabi_memset4         
0000124b  __aeabi_memset8         
00001251  memset                  
000012c5  bmp_initI2C             
00001331  bmp_readTemperature     
0000139d  __TI_auto_init          
00001473  __aeabi_ldiv0           
00001475  bmp_i2cRead             
000014d9  LCD_fillScr             
00001535  ssd1289_char            
0000158d  itoa                    
000015e1  _c_int00                
00001631  I2CMasterInitExpClk     
0000167d  LCD_Writ_Bus            
000016c9  copy_in                 
00001715  GPIOPinConfigure        
0000175d  __aeabi_l2f             
000017a5  C$$EXIT                 
000017a9  abort                   
000017b1  exit                    
000017e9  LCD_setXY               
00001825  LCD_Write_COM           
0000185d  SysCtlPeripheralReady   
00001895  SysCtlPeripheralEnable  
000018c9  drawPixel               
000018f9  GPIODirModeSet          
00001923  concat                  
00001949  read24                  
0000196d  ssd1289_string          
00001991  LCD_Write_DATA          
000019b1  setColor                
000019d1  read16_LE               
000019d1  readS16_LE              
000019ef  GPIOPinTypeGPIOOutput   
00001a09  _args_main              
00001a21  __aeabi_lmul            
00001a39  setPixel                
00001a4f  LCD_Write_COM_DATA      
00001a65  _register_unlock        
00001a6b  _register_lock          
00001a73  _nop                    
00001a79  sign                    
00001a8d  GPIOPinTypeI2C          
00001a9f  GPIOPinTypeI2CSCL       
00001ab1  LCD_clrXY               
00001abf  __TI_decompress_none    
00001acd  __TI_zero_init          
00001ad9  I2CMasterEnable         
00001ae3  I2CMasterBusy           
00001aeb  I2CMasterSlaveAddrSet   
00001af3  read8                   
00001afb  GPIOPinWrite            
00001b01  ResetISR                
00001b07  SysCtlDelay             
00001b0d  __TI_decompress_rle24   
00001b13  I2CMasterControl        
00001b17  I2CMasterDataGet        
00001b1b  I2CMasterDataPut        
00001b1f  _system_pre_init        
00001b24  font_ascii              
00002230  __TI_Handler_Table_Base 
0000223c  __TI_Handler_Table_Limit
00002248  __TI_CINIT_Base         
00002258  __TI_CINIT_Limit        
20000000  __stack                 
20000200  __STACK_END             
20000200  __STACK_TOP             
20000200  cal_data                
20000224  t_fine                  
20000228  fcolorb                 
20000229  fcolorg                 
2000022a  fcolorr                 
2000022c  _lock                   
20000230  _unlock                 
20000234  __TI_cleanup_ptr        
20000238  __TI_dtors_ptr          
2000023c  main_func_sp            
ffffffff  __binit__               
ffffffff  __c_args__              
ffffffff  binit                   
UNDEFED   SHT$$INIT_ARRAY$$Base   
UNDEFED   SHT$$INIT_ARRAY$$Limit  

[106 symbols]
