<?xml version="1.0"?>
<link_info>
   <banner>TI ARM Linker PC v5.2.6</banner>
   <copyright>Copyright (c) 1996-2015 Texas Instruments Incorporated</copyright>
   <link_time>0x5ae08838</link_time>
   <link_errors>0x0</link_errors>
   <output_file>blinky.out</output_file>
   <entry_point>
      <name>_c_int00</name>
      <address>0x191d</address>
   </entry_point>
   <input_file_list>
      <input_file id="fl-2">
         <path>.\</path>
         <kind>object</kind>
         <file>XPT2046.obj</file>
         <name>XPT2046.obj</name>
      </input_file>
      <input_file id="fl-3">
         <path>.\</path>
         <kind>object</kind>
         <file>blinky.obj</file>
         <name>blinky.obj</name>
      </input_file>
      <input_file id="fl-4">
         <path>.\</path>
         <kind>object</kind>
         <file>rgb.obj</file>
         <name>rgb.obj</name>
      </input_file>
      <input_file id="fl-5">
         <path>.\</path>
         <kind>object</kind>
         <file>ssd1289.obj</file>
         <name>ssd1289.obj</name>
      </input_file>
      <input_file id="fl-6">
         <path>.\</path>
         <kind>object</kind>
         <file>startup_ccs.obj</file>
         <name>startup_ccs.obj</name>
      </input_file>
      <input_file id="fl-7">
         <path>.\</path>
         <kind>object</kind>
         <file>tm4c123gh6pm_startup_ccs.obj</file>
         <name>tm4c123gh6pm_startup_ccs.obj</name>
      </input_file>
      <input_file id="fl-12e">
         <path>C:\ti\ccsv8\tools\compiler\ti-cgt-arm_5.2.6\lib\</path>
         <kind>archive</kind>
         <file>rtsv7M4_T_le_v4SPD16_eabi.lib</file>
         <name>boot.obj</name>
      </input_file>
      <input_file id="fl-12f">
         <path>C:\ti\ccsv8\tools\compiler\ti-cgt-arm_5.2.6\lib\</path>
         <kind>archive</kind>
         <file>rtsv7M4_T_le_v4SPD16_eabi.lib</file>
         <name>copy_decompress_none.obj</name>
      </input_file>
      <input_file id="fl-130">
         <path>C:\ti\ccsv8\tools\compiler\ti-cgt-arm_5.2.6\lib\</path>
         <kind>archive</kind>
         <file>rtsv7M4_T_le_v4SPD16_eabi.lib</file>
         <name>copy_decompress_rle.obj</name>
      </input_file>
      <input_file id="fl-131">
         <path>C:\ti\ccsv8\tools\compiler\ti-cgt-arm_5.2.6\lib\</path>
         <kind>archive</kind>
         <file>rtsv7M4_T_le_v4SPD16_eabi.lib</file>
         <name>copy_zero_init.obj</name>
      </input_file>
      <input_file id="fl-132">
         <path>C:\ti\ccsv8\tools\compiler\ti-cgt-arm_5.2.6\lib\</path>
         <kind>archive</kind>
         <file>rtsv7M4_T_le_v4SPD16_eabi.lib</file>
         <name>cos.obj</name>
      </input_file>
      <input_file id="fl-133">
         <path>C:\ti\ccsv8\tools\compiler\ti-cgt-arm_5.2.6\lib\</path>
         <kind>archive</kind>
         <file>rtsv7M4_T_le_v4SPD16_eabi.lib</file>
         <name>exit.obj</name>
      </input_file>
      <input_file id="fl-134">
         <path>C:\ti\ccsv8\tools\compiler\ti-cgt-arm_5.2.6\lib\</path>
         <kind>archive</kind>
         <file>rtsv7M4_T_le_v4SPD16_eabi.lib</file>
         <name>fd_tos_t2.obj</name>
      </input_file>
      <input_file id="fl-135">
         <path>C:\ti\ccsv8\tools\compiler\ti-cgt-arm_5.2.6\lib\</path>
         <kind>archive</kind>
         <file>rtsv7M4_T_le_v4SPD16_eabi.lib</file>
         <name>fs_tod_t2.obj</name>
      </input_file>
      <input_file id="fl-136">
         <path>C:\ti\ccsv8\tools\compiler\ti-cgt-arm_5.2.6\lib\</path>
         <kind>archive</kind>
         <file>rtsv7M4_T_le_v4SPD16_eabi.lib</file>
         <name>fs_toull_t2.obj</name>
      </input_file>
      <input_file id="fl-137">
         <path>C:\ti\ccsv8\tools\compiler\ti-cgt-arm_5.2.6\lib\</path>
         <kind>archive</kind>
         <file>rtsv7M4_T_le_v4SPD16_eabi.lib</file>
         <name>memcpy_t2.obj</name>
      </input_file>
      <input_file id="fl-138">
         <path>C:\ti\ccsv8\tools\compiler\ti-cgt-arm_5.2.6\lib\</path>
         <kind>archive</kind>
         <file>rtsv7M4_T_le_v4SPD16_eabi.lib</file>
         <name>memset_t2.obj</name>
      </input_file>
      <input_file id="fl-139">
         <path>C:\ti\ccsv8\tools\compiler\ti-cgt-arm_5.2.6\lib\</path>
         <kind>archive</kind>
         <file>rtsv7M4_T_le_v4SPD16_eabi.lib</file>
         <name>pre_init.obj</name>
      </input_file>
      <input_file id="fl-13a">
         <path>C:\ti\ccsv8\tools\compiler\ti-cgt-arm_5.2.6\lib\</path>
         <kind>archive</kind>
         <file>rtsv7M4_T_le_v4SPD16_eabi.lib</file>
         <name>sin.obj</name>
      </input_file>
      <input_file id="fl-13b">
         <path>C:\ti\ccsv8\tools\compiler\ti-cgt-arm_5.2.6\lib\</path>
         <kind>archive</kind>
         <file>rtsv7M4_T_le_v4SPD16_eabi.lib</file>
         <name>stkdepth_vars.obj</name>
      </input_file>
      <input_file id="fl-13c">
         <path>C:\ti\ccsv8\tools\compiler\ti-cgt-arm_5.2.6\lib\</path>
         <kind>archive</kind>
         <file>rtsv7M4_T_le_v4SPD16_eabi.lib</file>
         <name>xsin.obj</name>
      </input_file>
      <input_file id="fl-13d">
         <path>C:\ti\ccsv8\tools\compiler\ti-cgt-arm_5.2.6\lib\</path>
         <kind>archive</kind>
         <file>rtsv7M4_T_le_v4SPD16_eabi.lib</file>
         <name>xvalues.obj</name>
      </input_file>
      <input_file id="fl-13e">
         <path>C:\ti\ccsv8\tools\compiler\ti-cgt-arm_5.2.6\lib\</path>
         <kind>archive</kind>
         <file>rtsv7M4_T_le_v4SPD16_eabi.lib</file>
         <name>_lock.obj</name>
      </input_file>
      <input_file id="fl-13f">
         <path>C:\ti\ccsv8\tools\compiler\ti-cgt-arm_5.2.6\lib\</path>
         <kind>archive</kind>
         <file>rtsv7M4_T_le_v4SPD16_eabi.lib</file>
         <name>args_main.obj</name>
      </input_file>
      <input_file id="fl-140">
         <path>C:\ti\ccsv8\tools\compiler\ti-cgt-arm_5.2.6\lib\</path>
         <kind>archive</kind>
         <file>rtsv7M4_T_le_v4SPD16_eabi.lib</file>
         <name>autoinit.obj</name>
      </input_file>
      <input_file id="fl-141">
         <path>C:\ti\ccsv8\tools\compiler\ti-cgt-arm_5.2.6\lib\</path>
         <kind>archive</kind>
         <file>rtsv7M4_T_le_v4SPD16_eabi.lib</file>
         <name>cpy_tbl.obj</name>
      </input_file>
      <input_file id="fl-142">
         <path>C:\ti\ccsv8\tools\compiler\ti-cgt-arm_5.2.6\lib\</path>
         <kind>archive</kind>
         <file>rtsv7M4_T_le_v4SPD16_eabi.lib</file>
         <name>fd_add_t2.obj</name>
      </input_file>
      <input_file id="fl-143">
         <path>C:\ti\ccsv8\tools\compiler\ti-cgt-arm_5.2.6\lib\</path>
         <kind>archive</kind>
         <file>rtsv7M4_T_le_v4SPD16_eabi.lib</file>
         <name>fd_cmp_t2.obj</name>
      </input_file>
      <input_file id="fl-144">
         <path>C:\ti\ccsv8\tools\compiler\ti-cgt-arm_5.2.6\lib\</path>
         <kind>archive</kind>
         <file>rtsv7M4_T_le_v4SPD16_eabi.lib</file>
         <name>fd_mul_t2.obj</name>
      </input_file>
      <input_file id="fl-145">
         <path>C:\ti\ccsv8\tools\compiler\ti-cgt-arm_5.2.6\lib\</path>
         <kind>archive</kind>
         <file>rtsv7M4_T_le_v4SPD16_eabi.lib</file>
         <name>fd_toi_t2.obj</name>
      </input_file>
      <input_file id="fl-146">
         <path>C:\ti\ccsv8\tools\compiler\ti-cgt-arm_5.2.6\lib\</path>
         <kind>archive</kind>
         <file>rtsv7M4_T_le_v4SPD16_eabi.lib</file>
         <name>fmod.obj</name>
      </input_file>
      <input_file id="fl-147">
         <path>C:\ti\ccsv8\tools\compiler\ti-cgt-arm_5.2.6\lib\</path>
         <kind>archive</kind>
         <file>rtsv7M4_T_le_v4SPD16_eabi.lib</file>
         <name>i_tofd_t2.obj</name>
      </input_file>
      <input_file id="fl-148">
         <path>C:\ti\ccsv8\tools\compiler\ti-cgt-arm_5.2.6\lib\</path>
         <kind>archive</kind>
         <file>rtsv7M4_T_le_v4SPD16_eabi.lib</file>
         <name>xdnorm.obj</name>
      </input_file>
      <input_file id="fl-149">
         <path>C:\ti\ccsv8\tools\compiler\ti-cgt-arm_5.2.6\lib\</path>
         <kind>archive</kind>
         <file>rtsv7M4_T_le_v4SPD16_eabi.lib</file>
         <name>xdscale.obj</name>
      </input_file>
      <input_file id="fl-14a">
         <path>C:\ti\ccsv8\tools\compiler\ti-cgt-arm_5.2.6\lib\</path>
         <kind>archive</kind>
         <file>rtsv7M4_T_le_v4SPD16_eabi.lib</file>
         <name>xferaise.obj</name>
      </input_file>
      <input_file id="fl-14b">
         <path>C:\ti\ccsv8\tools\compiler\ti-cgt-arm_5.2.6\lib\</path>
         <kind>archive</kind>
         <file>rtsv7M4_T_le_v4SPD16_eabi.lib</file>
         <name>errno.obj</name>
      </input_file>
      <input_file id="fl-14c">
         <path>C:\ti\ccsv8\tools\compiler\ti-cgt-arm_5.2.6\lib\</path>
         <kind>archive</kind>
         <file>rtsv7M4_T_le_v4SPD16_eabi.lib</file>
         <name>feraiseexcept.obj</name>
      </input_file>
      <input_file id="fl-14d">
         <path>C:\ti\ccsv8\tools\compiler\ti-cgt-arm_5.2.6\lib\</path>
         <kind>archive</kind>
         <file>rtsv7M4_T_le_v4SPD16_eabi.lib</file>
         <name>raise.obj</name>
      </input_file>
      <input_file id="fl-14e">
         <path>C:\ti\ccsv8\tools\compiler\ti-cgt-arm_5.2.6\lib\</path>
         <kind>archive</kind>
         <file>rtsv7M4_T_le_v4SPD16_eabi.lib</file>
         <name>signal.obj</name>
      </input_file>
      <input_file id="fl-14f">
         <path>C:\ti\TivaWare_C_Series-2.1.4.178\driverlib\ccs\Debug\</path>
         <kind>archive</kind>
         <file>driverlib.lib</file>
         <name>gpio.obj</name>
      </input_file>
      <input_file id="fl-150">
         <path>C:\ti\TivaWare_C_Series-2.1.4.178\driverlib\ccs\Debug\</path>
         <kind>archive</kind>
         <file>driverlib.lib</file>
         <name>interrupt.obj</name>
      </input_file>
      <input_file id="fl-151">
         <path>C:\ti\TivaWare_C_Series-2.1.4.178\driverlib\ccs\Debug\</path>
         <kind>archive</kind>
         <file>driverlib.lib</file>
         <name>ssi.obj</name>
      </input_file>
      <input_file id="fl-152">
         <path>C:\ti\TivaWare_C_Series-2.1.4.178\driverlib\ccs\Debug\</path>
         <kind>archive</kind>
         <file>driverlib.lib</file>
         <name>sysctl.obj</name>
      </input_file>
      <input_file id="fl-153">
         <path>C:\ti\TivaWare_C_Series-2.1.4.178\driverlib\ccs\Debug\</path>
         <kind>archive</kind>
         <file>driverlib.lib</file>
         <name>cpu.obj</name>
      </input_file>
   </input_file_list>
   <object_component_list>
      <object_component id="oc-f">
         <name>.intvecs</name>
         <load_address>0x0</load_address>
         <run_address>0x0</run_address>
         <size>0x26c</size>
         <input_file_ref idref="fl-7"/>
      </object_component>
      <object_component id="oc-1dc">
         <name>.text</name>
         <load_address>0x26c</load_address>
         <run_address>0x26c</run_address>
         <size>0x294</size>
         <input_file_ref idref="fl-13c"/>
      </object_component>
      <object_component id="oc-f0">
         <name>.text:LCD_init</name>
         <load_address>0x500</load_address>
         <run_address>0x500</run_address>
         <size>0x1f8</size>
         <input_file_ref idref="fl-5"/>
      </object_component>
      <object_component id="oc-b2">
         <name>.text:main</name>
         <load_address>0x6f8</load_address>
         <run_address>0x6f8</run_address>
         <size>0x1f4</size>
         <input_file_ref idref="fl-3"/>
      </object_component>
      <object_component id="oc-114">
         <name>.text:ProcessLine</name>
         <load_address>0x8ec</load_address>
         <run_address>0x8ec</run_address>
         <size>0x1e8</size>
         <input_file_ref idref="fl-3"/>
      </object_component>
      <object_component id="oc-204">
         <name>.text</name>
         <load_address>0xad4</load_address>
         <run_address>0xad4</run_address>
         <size>0x1b6</size>
         <input_file_ref idref="fl-142"/>
      </object_component>
      <object_component id="oc-36">
         <name>.text:FaultISR</name>
         <load_address>0xc8a</load_address>
         <run_address>0xc8a</run_address>
         <size>0x2</size>
         <input_file_ref idref="fl-7"/>
      </object_component>
      <object_component id="oc-1f9">
         <name>.text</name>
         <load_address>0xc8c</load_address>
         <run_address>0xc8c</run_address>
         <size>0x174</size>
         <input_file_ref idref="fl-146"/>
      </object_component>
      <object_component id="oc-14d">
         <name>.text:GPIOPadConfigSet</name>
         <load_address>0xe00</load_address>
         <run_address>0xe00</run_address>
         <size>0x132</size>
         <input_file_ref idref="fl-14f"/>
      </object_component>
      <object_component id="oc-3c">
         <name>.text:IntDefaultHandler</name>
         <load_address>0xf32</load_address>
         <run_address>0xf32</run_address>
         <size>0x2</size>
         <input_file_ref idref="fl-7"/>
      </object_component>
      <object_component id="oc-102">
         <name>.text:setup</name>
         <load_address>0xf34</load_address>
         <run_address>0xf34</run_address>
         <size>0x128</size>
         <input_file_ref idref="fl-3"/>
      </object_component>
      <object_component id="oc-108">
         <name>.text:SetVars</name>
         <load_address>0x105c</load_address>
         <run_address>0x105c</run_address>
         <size>0x120</size>
         <input_file_ref idref="fl-3"/>
      </object_component>
      <object_component id="oc-22f">
         <name>.text</name>
         <load_address>0x117c</load_address>
         <run_address>0x117c</run_address>
         <size>0x110</size>
         <input_file_ref idref="fl-149"/>
      </object_component>
      <object_component id="oc-1ff">
         <name>.text</name>
         <load_address>0x128c</load_address>
         <run_address>0x128c</run_address>
         <size>0xfc</size>
         <input_file_ref idref="fl-144"/>
      </object_component>
      <object_component id="oc-d8">
         <name>.text:SysCtlClockSet</name>
         <load_address>0x1388</load_address>
         <run_address>0x1388</run_address>
         <size>0xf4</size>
         <input_file_ref idref="fl-152"/>
      </object_component>
      <object_component id="oc-229">
         <name>.text</name>
         <load_address>0x147c</load_address>
         <run_address>0x147c</run_address>
         <size>0xbe</size>
         <input_file_ref idref="fl-148"/>
      </object_component>
      <object_component id="oc-30">
         <name>.text:NmiSR</name>
         <load_address>0x153a</load_address>
         <run_address>0x153a</run_address>
         <size>0x2</size>
         <input_file_ref idref="fl-7"/>
      </object_component>
      <object_component id="oc-1a6">
         <name>.text:drawLine</name>
         <load_address>0x153c</load_address>
         <run_address>0x153c</run_address>
         <size>0xa0</size>
         <input_file_ref idref="fl-5"/>
      </object_component>
      <object_component id="oc-45">
         <name>.text</name>
         <load_address>0x15dc</load_address>
         <run_address>0x15dc</run_address>
         <size>0x9c</size>
         <input_file_ref idref="fl-137"/>
      </object_component>
      <object_component id="oc-1f4">
         <name>.text:__aeabi_cdcmple</name>
         <load_address>0x1678</load_address>
         <run_address>0x1678</run_address>
         <size>0x86</size>
         <input_file_ref idref="fl-143"/>
      </object_component>
      <object_component id="oc-5e">
         <name>.text</name>
         <load_address>0x16fe</load_address>
         <run_address>0x16fe</run_address>
         <size>0x7a</size>
         <input_file_ref idref="fl-138"/>
      </object_component>
      <object_component id="oc-191">
         <name>.text</name>
         <load_address>0x1778</load_address>
         <run_address>0x1778</run_address>
         <size>0x6e</size>
         <input_file_ref idref="fl-134"/>
      </object_component>
      <object_component id="oc-70">
         <name>.text</name>
         <load_address>0x17e8</load_address>
         <run_address>0x17e8</run_address>
         <size>0x6c</size>
         <input_file_ref idref="fl-140"/>
      </object_component>
      <object_component id="oc-51">
         <name>.text</name>
         <load_address>0x1854</load_address>
         <run_address>0x1854</run_address>
         <size>0x6a</size>
         <input_file_ref idref="fl-130"/>
      </object_component>
      <object_component id="oc-f6">
         <name>.text:LCD_fillScr</name>
         <load_address>0x18c0</load_address>
         <run_address>0x18c0</run_address>
         <size>0x5c</size>
         <input_file_ref idref="fl-5"/>
      </object_component>
      <object_component id="oc-24">
         <name>.text</name>
         <load_address>0x191c</load_address>
         <run_address>0x191c</run_address>
         <size>0x50</size>
         <input_file_ref idref="fl-12e"/>
      </object_component>
      <object_component id="oc-174">
         <name>.text:LCD_Writ_Bus</name>
         <load_address>0x196c</load_address>
         <run_address>0x196c</run_address>
         <size>0x4c</size>
         <input_file_ref idref="fl-5"/>
      </object_component>
      <object_component id="oc-aa">
         <name>.text</name>
         <load_address>0x19b8</load_address>
         <run_address>0x19b8</run_address>
         <size>0x4c</size>
         <input_file_ref idref="fl-141"/>
      </object_component>
      <object_component id="oc-209">
         <name>.text</name>
         <load_address>0x1a04</load_address>
         <run_address>0x1a04</run_address>
         <size>0x48</size>
         <input_file_ref idref="fl-145"/>
      </object_component>
      <object_component id="oc-7c">
         <name>.text</name>
         <load_address>0x1a4c</load_address>
         <run_address>0x1a4c</run_address>
         <size>0x44</size>
         <input_file_ref idref="fl-133"/>
      </object_component>
      <object_component id="oc-269">
         <name>.text</name>
         <load_address>0x1a90</load_address>
         <run_address>0x1a90</run_address>
         <size>0x40</size>
         <input_file_ref idref="fl-14e"/>
      </object_component>
      <object_component id="oc-1d1">
         <name>.text:LCD_setXY</name>
         <load_address>0x1ad0</load_address>
         <run_address>0x1ad0</run_address>
         <size>0x3c</size>
         <input_file_ref idref="fl-5"/>
      </object_component>
      <object_component id="oc-167">
         <name>.text:LCD_Write_COM</name>
         <load_address>0x1b0c</load_address>
         <run_address>0x1b0c</run_address>
         <size>0x38</size>
         <input_file_ref idref="fl-5"/>
      </object_component>
      <object_component id="oc-e4">
         <name>.text:SysCtlPeripheralReady</name>
         <load_address>0x1b44</load_address>
         <run_address>0x1b44</run_address>
         <size>0x38</size>
         <input_file_ref idref="fl-152"/>
      </object_component>
      <object_component id="oc-186">
         <name>.text</name>
         <load_address>0x1b7c</load_address>
         <run_address>0x1b7c</run_address>
         <size>0x38</size>
         <input_file_ref idref="fl-135"/>
      </object_component>
      <object_component id="oc-de">
         <name>.text:SysCtlPeripheralEnable</name>
         <load_address>0x1bb4</load_address>
         <run_address>0x1bb4</run_address>
         <size>0x34</size>
         <input_file_ref idref="fl-152"/>
      </object_component>
      <object_component id="oc-23b">
         <name>.text</name>
         <load_address>0x1be8</load_address>
         <run_address>0x1be8</run_address>
         <size>0x34</size>
         <input_file_ref idref="fl-14c"/>
      </object_component>
      <object_component id="oc-1e5">
         <name>.text:drawPixel</name>
         <load_address>0x1c1c</load_address>
         <run_address>0x1c1c</run_address>
         <size>0x30</size>
         <input_file_ref idref="fl-5"/>
      </object_component>
      <object_component id="oc-213">
         <name>.text</name>
         <load_address>0x1c4c</load_address>
         <run_address>0x1c4c</run_address>
         <size>0x30</size>
         <input_file_ref idref="fl-14a"/>
      </object_component>
      <object_component id="oc-20e">
         <name>.text</name>
         <load_address>0x1c7c</load_address>
         <run_address>0x1c7c</run_address>
         <size>0x2e</size>
         <input_file_ref idref="fl-147"/>
      </object_component>
      <object_component id="oc-257">
         <name>.text</name>
         <load_address>0x1caa</load_address>
         <run_address>0x1caa</run_address>
         <size>0x2e</size>
         <input_file_ref idref="fl-14d"/>
      </object_component>
      <object_component id="oc-153">
         <name>.text:GPIODirModeSet</name>
         <load_address>0x1cd8</load_address>
         <run_address>0x1cd8</run_address>
         <size>0x2a</size>
         <input_file_ref idref="fl-14f"/>
      </object_component>
      <object_component id="oc-10e">
         <name>.text:HideLine</name>
         <load_address>0x1d02</load_address>
         <run_address>0x1d02</run_address>
         <size>0x28</size>
         <input_file_ref idref="fl-3"/>
      </object_component>
      <object_component id="oc-11a">
         <name>.text:RenderLine</name>
         <load_address>0x1d2a</load_address>
         <run_address>0x1d2a</run_address>
         <size>0x28</size>
         <input_file_ref idref="fl-3"/>
      </object_component>
      <object_component id="oc-1c9">
         <name>.text:LCD_Write_DATA</name>
         <load_address>0x1d54</load_address>
         <run_address>0x1d54</run_address>
         <size>0x20</size>
         <input_file_ref idref="fl-5"/>
      </object_component>
      <object_component id="oc-fc">
         <name>.text:setColor</name>
         <load_address>0x1d74</load_address>
         <run_address>0x1d74</run_address>
         <size>0x1c</size>
         <input_file_ref idref="fl-5"/>
      </object_component>
      <object_component id="oc-196">
         <name>.text</name>
         <load_address>0x1d90</load_address>
         <run_address>0x1d90</run_address>
         <size>0x1a</size>
         <input_file_ref idref="fl-132"/>
      </object_component>
      <object_component id="oc-18b">
         <name>.text</name>
         <load_address>0x1daa</load_address>
         <run_address>0x1daa</run_address>
         <size>0x1a</size>
         <input_file_ref idref="fl-13a"/>
      </object_component>
      <object_component id="oc-ea">
         <name>.text:GPIOPinTypeGPIOOutput</name>
         <load_address>0x1dc4</load_address>
         <run_address>0x1dc4</run_address>
         <size>0x18</size>
         <input_file_ref idref="fl-14f"/>
      </object_component>
      <object_component id="oc-76">
         <name>.text</name>
         <load_address>0x1ddc</load_address>
         <run_address>0x1ddc</run_address>
         <size>0x18</size>
         <input_file_ref idref="fl-13f"/>
      </object_component>
      <object_component id="oc-220">
         <name>.text:setPixel</name>
         <load_address>0x1df4</load_address>
         <run_address>0x1df4</run_address>
         <size>0x16</size>
         <input_file_ref idref="fl-5"/>
      </object_component>
      <object_component id="oc-161">
         <name>.text:LCD_Write_COM_DATA</name>
         <load_address>0x1e0a</load_address>
         <run_address>0x1e0a</run_address>
         <size>0x14</size>
         <input_file_ref idref="fl-5"/>
      </object_component>
      <object_component id="oc-133">
         <name>.text</name>
         <load_address>0x1e20</load_address>
         <run_address>0x1e20</run_address>
         <size>0x14</size>
         <input_file_ref idref="fl-13e"/>
      </object_component>
      <object_component id="oc-1eb">
         <name>.text:sign</name>
         <load_address>0x1e34</load_address>
         <run_address>0x1e34</run_address>
         <size>0x14</size>
         <input_file_ref idref="fl-5"/>
      </object_component>
      <object_component id="oc-16e">
         <name>.text:LCD_clrXY</name>
         <load_address>0x1e48</load_address>
         <run_address>0x1e48</run_address>
         <size>0xe</size>
         <input_file_ref idref="fl-5"/>
      </object_component>
      <object_component id="oc-12">
         <name>.text:decompress:none</name>
         <load_address>0x1e56</load_address>
         <run_address>0x1e56</run_address>
         <size>0xe</size>
         <input_file_ref idref="fl-12f"/>
      </object_component>
      <object_component id="oc-1e">
         <name>.text:decompress:ZI</name>
         <load_address>0x1e64</load_address>
         <run_address>0x1e64</run_address>
         <size>0xc</size>
         <input_file_ref idref="fl-131"/>
      </object_component>
      <object_component id="oc-15b">
         <name>.text:GPIOPinWrite</name>
         <load_address>0x1e70</load_address>
         <run_address>0x1e70</run_address>
         <size>0x6</size>
         <input_file_ref idref="fl-14f"/>
      </object_component>
      <object_component id="oc-2a">
         <name>.text:ResetISR</name>
         <load_address>0x1e76</load_address>
         <run_address>0x1e76</run_address>
         <size>0x6</size>
         <input_file_ref idref="fl-7"/>
      </object_component>
      <object_component id="oc-148">
         <name>.text:SysCtlDelay</name>
         <load_address>0x1e7c</load_address>
         <run_address>0x1e7c</run_address>
         <size>0x6</size>
         <input_file_ref idref="fl-152"/>
      </object_component>
      <object_component id="oc-18">
         <name>.text:decompress:rle24</name>
         <load_address>0x1e82</load_address>
         <run_address>0x1e82</run_address>
         <size>0x6</size>
         <input_file_ref idref="fl-130"/>
      </object_component>
      <object_component id="oc-6a">
         <name>.text</name>
         <load_address>0x1e88</load_address>
         <run_address>0x1e88</run_address>
         <size>0x4</size>
         <input_file_ref idref="fl-139"/>
      </object_component>
      <object_component id="oc-21c">
         <name>.const</name>
         <load_address>0x1e90</load_address>
         <run_address>0x1e90</run_address>
         <size>0x80</size>
         <input_file_ref idref="fl-13c"/>
      </object_component>
      <object_component id="oc-2af">
         <name>.cinit..data.load</name>
         <load_address>0x1f10</load_address>
         <run_address>0x1f10</run_address>
         <size>0x41</size>
      </object_component>
      <object_component id="oc-2ad">
         <name>__TI_handler_table</name>
         <load_address>0x1f54</load_address>
         <run_address>0x1f54</run_address>
         <size>0xc</size>
      </object_component>
      <object_component id="oc-2b0">
         <name>.cinit..bss.load</name>
         <load_address>0x1f60</load_address>
         <run_address>0x1f60</run_address>
         <size>0x8</size>
      </object_component>
      <object_component id="oc-2ae">
         <name>__TI_cinit_table</name>
         <load_address>0x1f68</load_address>
         <run_address>0x1f68</run_address>
         <size>0x10</size>
      </object_component>
      <object_component id="oc-29">
         <name>.stack</name>
         <uninitialized>true</uninitialized>
         <run_address>0x20000224</run_address>
         <size>0x0</size>
         <input_file_ref idref="fl-12e"/>
      </object_component>
      <object_component id="oc-2b1">
         <name>.stack</name>
         <uninitialized>true</uninitialized>
         <run_address>0x20000224</run_address>
         <size>0x0</size>
      </object_component>
      <object_component id="oc-125">
         <name>.bss:Lines</name>
         <uninitialized>true</uninitialized>
         <run_address>0x20000000</run_address>
         <size>0x120</size>
         <input_file_ref idref="fl-3"/>
      </object_component>
      <object_component id="oc-128">
         <name>.bss:Render</name>
         <uninitialized>true</uninitialized>
         <run_address>0x20000120</run_address>
         <size>0xc0</size>
         <input_file_ref idref="fl-3"/>
      </object_component>
      <object_component id="oc-17d">
         <name>.common:fcolorr</name>
         <uninitialized>true</uninitialized>
         <run_address>0x20000222</run_address>
         <size>0x1</size>
      </object_component>
      <object_component id="oc-17e">
         <name>.common:fcolorg</name>
         <uninitialized>true</uninitialized>
         <run_address>0x20000221</run_address>
         <size>0x1</size>
      </object_component>
      <object_component id="oc-17f">
         <name>.common:fcolorb</name>
         <uninitialized>true</uninitialized>
         <run_address>0x20000220</run_address>
         <size>0x1</size>
      </object_component>
      <object_component id="oc-19c">
         <name>.common:xx</name>
         <uninitialized>true</uninitialized>
         <run_address>0x200001fc</run_address>
         <size>0x4</size>
      </object_component>
      <object_component id="oc-19d">
         <name>.common:xy</name>
         <uninitialized>true</uninitialized>
         <run_address>0x20000200</run_address>
         <size>0x4</size>
      </object_component>
      <object_component id="oc-19e">
         <name>.common:xz</name>
         <uninitialized>true</uninitialized>
         <run_address>0x20000204</run_address>
         <size>0x4</size>
      </object_component>
      <object_component id="oc-19f">
         <name>.common:yx</name>
         <uninitialized>true</uninitialized>
         <run_address>0x20000208</run_address>
         <size>0x4</size>
      </object_component>
      <object_component id="oc-1a0">
         <name>.common:yy</name>
         <uninitialized>true</uninitialized>
         <run_address>0x2000020c</run_address>
         <size>0x4</size>
      </object_component>
      <object_component id="oc-1a1">
         <name>.common:yz</name>
         <uninitialized>true</uninitialized>
         <run_address>0x20000210</run_address>
         <size>0x4</size>
      </object_component>
      <object_component id="oc-1a2">
         <name>.common:zx</name>
         <uninitialized>true</uninitialized>
         <run_address>0x20000214</run_address>
         <size>0x4</size>
      </object_component>
      <object_component id="oc-1a3">
         <name>.common:zy</name>
         <uninitialized>true</uninitialized>
         <run_address>0x20000218</run_address>
         <size>0x4</size>
      </object_component>
      <object_component id="oc-1a4">
         <name>.common:zz</name>
         <uninitialized>true</uninitialized>
         <run_address>0x2000021c</run_address>
         <size>0x4</size>
      </object_component>
      <object_component id="oc-123">
         <name>.common:Xan</name>
         <uninitialized>true</uninitialized>
         <run_address>0x200001e4</run_address>
         <size>0x4</size>
      </object_component>
      <object_component id="oc-120">
         <name>.common:Yan</name>
         <uninitialized>true</uninitialized>
         <run_address>0x200001ec</run_address>
         <size>0x4</size>
      </object_component>
      <object_component id="oc-181">
         <name>.common:fact</name>
         <uninitialized>true</uninitialized>
         <run_address>0x200001f8</run_address>
         <size>0x4</size>
      </object_component>
      <object_component id="oc-182">
         <name>.common:Xoff</name>
         <uninitialized>true</uninitialized>
         <run_address>0x200001e8</run_address>
         <size>0x4</size>
      </object_component>
      <object_component id="oc-183">
         <name>.common:Yoff</name>
         <uninitialized>true</uninitialized>
         <run_address>0x200001f0</run_address>
         <size>0x4</size>
      </object_component>
      <object_component id="oc-184">
         <name>.common:Zoff</name>
         <uninitialized>true</uninitialized>
         <run_address>0x200001f4</run_address>
         <size>0x4</size>
      </object_component>
      <object_component id="oc-124">
         <name>.common:LinestoRender</name>
         <uninitialized>true</uninitialized>
         <run_address>0x200001e0</run_address>
         <size>0x4</size>
      </object_component>
      <object_component id="oc-bd">
         <name>.data</name>
         <load_address>0x20000560</load_address>
         <run_address>0x20000560</run_address>
         <size>0x8</size>
         <input_file_ref idref="fl-133"/>
      </object_component>
      <object_component id="oc-82">
         <name>.data</name>
         <load_address>0x20000574</load_address>
         <run_address>0x20000574</run_address>
         <size>0x4</size>
         <input_file_ref idref="fl-13b"/>
      </object_component>
      <object_component id="oc-219">
         <name>.data</name>
         <load_address>0x200004d8</load_address>
         <run_address>0x200004d8</run_address>
         <size>0x80</size>
         <input_file_ref idref="fl-13d"/>
      </object_component>
      <object_component id="oc-ba">
         <name>.data</name>
         <load_address>0x20000558</load_address>
         <run_address>0x20000558</run_address>
         <size>0x8</size>
         <input_file_ref idref="fl-13e"/>
      </object_component>
      <object_component id="oc-241">
         <name>.data</name>
         <load_address>0x20000570</load_address>
         <run_address>0x20000570</run_address>
         <size>0x4</size>
         <input_file_ref idref="fl-14b"/>
      </object_component>
      <object_component id="oc-25d">
         <name>.data</name>
         <load_address>0x20000568</load_address>
         <run_address>0x20000568</run_address>
         <size>0x8</size>
         <input_file_ref idref="fl-14c"/>
      </object_component>
      <object_component id="oc-27a">
         <name>.data:sigtable</name>
         <load_address>0x20000428</load_address>
         <run_address>0x20000428</run_address>
         <size>0xb0</size>
         <input_file_ref idref="fl-14e"/>
      </object_component>
      <object_component id="oc-c5">
         <name>.debug_info</name>
         <load_address>0x0</load_address>
         <run_address>0x0</run_address>
         <size>0x8b</size>
         <input_file_ref idref="fl-2"/>
      </object_component>
      <object_component id="oc-91">
         <name>.debug_info</name>
         <load_address>0x8b</load_address>
         <run_address>0x8b</run_address>
         <size>0x18b</size>
         <input_file_ref idref="fl-2"/>
      </object_component>
      <object_component id="oc-121">
         <name>.debug_info</name>
         <load_address>0x216</load_address>
         <run_address>0x216</run_address>
         <size>0x4e8</size>
         <input_file_ref idref="fl-3"/>
      </object_component>
      <object_component id="oc-126">
         <name>.debug_info</name>
         <load_address>0x6fe</load_address>
         <run_address>0x6fe</run_address>
         <size>0xbc</size>
         <input_file_ref idref="fl-3"/>
      </object_component>
      <object_component id="oc-129">
         <name>.debug_info</name>
         <load_address>0x7ba</load_address>
         <run_address>0x7ba</run_address>
         <size>0xbe</size>
         <input_file_ref idref="fl-3"/>
      </object_component>
      <object_component id="oc-103">
         <name>.debug_info</name>
         <load_address>0x878</load_address>
         <run_address>0x878</run_address>
         <size>0xeb</size>
         <input_file_ref idref="fl-3"/>
      </object_component>
      <object_component id="oc-109">
         <name>.debug_info</name>
         <load_address>0x963</load_address>
         <run_address>0x963</run_address>
         <size>0x1cc</size>
         <input_file_ref idref="fl-3"/>
      </object_component>
      <object_component id="oc-10f">
         <name>.debug_info</name>
         <load_address>0xb2f</load_address>
         <run_address>0xb2f</run_address>
         <size>0x123</size>
         <input_file_ref idref="fl-3"/>
      </object_component>
      <object_component id="oc-115">
         <name>.debug_info</name>
         <load_address>0xc52</load_address>
         <run_address>0xc52</run_address>
         <size>0x176</size>
         <input_file_ref idref="fl-3"/>
      </object_component>
      <object_component id="oc-11b">
         <name>.debug_info</name>
         <load_address>0xdc8</load_address>
         <run_address>0xdc8</run_address>
         <size>0x127</size>
         <input_file_ref idref="fl-3"/>
      </object_component>
      <object_component id="oc-b3">
         <name>.debug_info</name>
         <load_address>0xeef</load_address>
         <run_address>0xeef</run_address>
         <size>0x33c</size>
         <input_file_ref idref="fl-3"/>
      </object_component>
      <object_component id="oc-1ad">
         <name>.debug_info</name>
         <load_address>0x122b</load_address>
         <run_address>0x122b</run_address>
         <size>0x119</size>
         <input_file_ref idref="fl-3"/>
      </object_component>
      <object_component id="oc-a1">
         <name>.debug_info</name>
         <load_address>0x1344</load_address>
         <run_address>0x1344</run_address>
         <size>0x2c</size>
         <input_file_ref idref="fl-3"/>
      </object_component>
      <object_component id="oc-8c">
         <name>.debug_info</name>
         <load_address>0x1370</load_address>
         <run_address>0x1370</run_address>
         <size>0x84</size>
         <input_file_ref idref="fl-4"/>
      </object_component>
      <object_component id="oc-17b">
         <name>.debug_info</name>
         <load_address>0x13f4</load_address>
         <run_address>0x13f4</run_address>
         <size>0x1f1</size>
         <input_file_ref idref="fl-5"/>
      </object_component>
      <object_component id="oc-1ec">
         <name>.debug_info</name>
         <load_address>0x15e5</load_address>
         <run_address>0x15e5</run_address>
         <size>0x105</size>
         <input_file_ref idref="fl-5"/>
      </object_component>
      <object_component id="oc-175">
         <name>.debug_info</name>
         <load_address>0x16ea</load_address>
         <run_address>0x16ea</run_address>
         <size>0x181</size>
         <input_file_ref idref="fl-5"/>
      </object_component>
      <object_component id="oc-1cb">
         <name>.debug_info</name>
         <load_address>0x186b</load_address>
         <run_address>0x186b</run_address>
         <size>0x13f</size>
         <input_file_ref idref="fl-5"/>
      </object_component>
      <object_component id="oc-222">
         <name>.debug_info</name>
         <load_address>0x19aa</load_address>
         <run_address>0x19aa</run_address>
         <size>0x145</size>
         <input_file_ref idref="fl-5"/>
      </object_component>
      <object_component id="oc-fd">
         <name>.debug_info</name>
         <load_address>0x1aef</load_address>
         <run_address>0x1aef</run_address>
         <size>0x135</size>
         <input_file_ref idref="fl-5"/>
      </object_component>
      <object_component id="oc-169">
         <name>.debug_info</name>
         <load_address>0x1c24</load_address>
         <run_address>0x1c24</run_address>
         <size>0x163</size>
         <input_file_ref idref="fl-5"/>
      </object_component>
      <object_component id="oc-163">
         <name>.debug_info</name>
         <load_address>0x1d87</load_address>
         <run_address>0x1d87</run_address>
         <size>0x163</size>
         <input_file_ref idref="fl-5"/>
      </object_component>
      <object_component id="oc-1d2">
         <name>.debug_info</name>
         <load_address>0x1eea</load_address>
         <run_address>0x1eea</run_address>
         <size>0x1e1</size>
         <input_file_ref idref="fl-5"/>
      </object_component>
      <object_component id="oc-16f">
         <name>.debug_info</name>
         <load_address>0x20cb</load_address>
         <run_address>0x20cb</run_address>
         <size>0x100</size>
         <input_file_ref idref="fl-5"/>
      </object_component>
      <object_component id="oc-1e6">
         <name>.debug_info</name>
         <load_address>0x21cb</load_address>
         <run_address>0x21cb</run_address>
         <size>0x150</size>
         <input_file_ref idref="fl-5"/>
      </object_component>
      <object_component id="oc-1a7">
         <name>.debug_info</name>
         <load_address>0x231b</load_address>
         <run_address>0x231b</run_address>
         <size>0x202</size>
         <input_file_ref idref="fl-5"/>
      </object_component>
      <object_component id="oc-f1">
         <name>.debug_info</name>
         <load_address>0x251d</load_address>
         <run_address>0x251d</run_address>
         <size>0x5a6</size>
         <input_file_ref idref="fl-5"/>
      </object_component>
      <object_component id="oc-f7">
         <name>.debug_info</name>
         <load_address>0x2ac3</load_address>
         <run_address>0x2ac3</run_address>
         <size>0x1b1</size>
         <input_file_ref idref="fl-5"/>
      </object_component>
      <object_component id="oc-44">
         <name>.debug_info</name>
         <load_address>0x2c74</load_address>
         <run_address>0x2c74</run_address>
         <size>0xf7</size>
         <input_file_ref idref="fl-7"/>
      </object_component>
      <object_component id="oc-10">
         <name>.debug_info</name>
         <load_address>0x2d6b</load_address>
         <run_address>0x2d6b</run_address>
         <size>0xdc</size>
         <input_file_ref idref="fl-7"/>
      </object_component>
      <object_component id="oc-2c">
         <name>.debug_info</name>
         <load_address>0x2e47</load_address>
         <run_address>0x2e47</run_address>
         <size>0x126</size>
         <input_file_ref idref="fl-7"/>
      </object_component>
      <object_component id="oc-33">
         <name>.debug_info</name>
         <load_address>0x2f6d</load_address>
         <run_address>0x2f6d</run_address>
         <size>0x117</size>
         <input_file_ref idref="fl-7"/>
      </object_component>
      <object_component id="oc-3f">
         <name>.debug_info</name>
         <load_address>0x3084</load_address>
         <run_address>0x3084</run_address>
         <size>0x12f</size>
         <input_file_ref idref="fl-7"/>
      </object_component>
      <object_component id="oc-39">
         <name>.debug_info</name>
         <load_address>0x31b3</load_address>
         <run_address>0x31b3</run_address>
         <size>0x11d</size>
         <input_file_ref idref="fl-7"/>
      </object_component>
      <object_component id="oc-27">
         <name>.debug_info</name>
         <load_address>0x32d0</load_address>
         <run_address>0x32d0</run_address>
         <size>0x134</size>
         <input_file_ref idref="fl-12e"/>
      </object_component>
      <object_component id="oc-50">
         <name>.debug_info</name>
         <load_address>0x3404</load_address>
         <run_address>0x3404</run_address>
         <size>0x121</size>
         <input_file_ref idref="fl-12f"/>
      </object_component>
      <object_component id="oc-13">
         <name>.debug_info</name>
         <load_address>0x3525</load_address>
         <run_address>0x3525</run_address>
         <size>0x1c0</size>
         <input_file_ref idref="fl-12f"/>
      </object_component>
      <object_component id="oc-4b">
         <name>.debug_info</name>
         <load_address>0x36e5</load_address>
         <run_address>0x36e5</run_address>
         <size>0x46</size>
         <input_file_ref idref="fl-12f"/>
      </object_component>
      <object_component id="oc-97">
         <name>.debug_info</name>
         <load_address>0x372b</load_address>
         <run_address>0x372b</run_address>
         <size>0x2c</size>
         <input_file_ref idref="fl-12f"/>
      </object_component>
      <object_component id="oc-58">
         <name>.debug_info</name>
         <load_address>0x3757</load_address>
         <run_address>0x3757</run_address>
         <size>0x115</size>
         <input_file_ref idref="fl-130"/>
      </object_component>
      <object_component id="oc-52">
         <name>.debug_info</name>
         <load_address>0x386c</load_address>
         <run_address>0x386c</run_address>
         <size>0x228</size>
         <input_file_ref idref="fl-130"/>
      </object_component>
      <object_component id="oc-19">
         <name>.debug_info</name>
         <load_address>0x3a94</load_address>
         <run_address>0x3a94</run_address>
         <size>0x192</size>
         <input_file_ref idref="fl-130"/>
      </object_component>
      <object_component id="oc-59">
         <name>.debug_info</name>
         <load_address>0x3c26</load_address>
         <run_address>0x3c26</run_address>
         <size>0x39</size>
         <input_file_ref idref="fl-130"/>
      </object_component>
      <object_component id="oc-69">
         <name>.debug_info</name>
         <load_address>0x3c5f</load_address>
         <run_address>0x3c5f</run_address>
         <size>0x110</size>
         <input_file_ref idref="fl-131"/>
      </object_component>
      <object_component id="oc-22">
         <name>.debug_info</name>
         <load_address>0x3d6f</load_address>
         <run_address>0x3d6f</run_address>
         <size>0x18b</size>
         <input_file_ref idref="fl-131"/>
      </object_component>
      <object_component id="oc-64">
         <name>.debug_info</name>
         <load_address>0x3efa</load_address>
         <run_address>0x3efa</run_address>
         <size>0x46</size>
         <input_file_ref idref="fl-131"/>
      </object_component>
      <object_component id="oc-19a">
         <name>.debug_info</name>
         <load_address>0x3f40</load_address>
         <run_address>0x3f40</run_address>
         <size>0x11b</size>
         <input_file_ref idref="fl-132"/>
      </object_component>
      <object_component id="oc-c1">
         <name>.debug_info</name>
         <load_address>0x405b</load_address>
         <run_address>0x405b</run_address>
         <size>0x172</size>
         <input_file_ref idref="fl-133"/>
      </object_component>
      <object_component id="oc-be">
         <name>.debug_info</name>
         <load_address>0x41cd</load_address>
         <run_address>0x41cd</run_address>
         <size>0x117</size>
         <input_file_ref idref="fl-133"/>
      </object_component>
      <object_component id="oc-7e">
         <name>.debug_info</name>
         <load_address>0x42e4</load_address>
         <run_address>0x42e4</run_address>
         <size>0x1ee</size>
         <input_file_ref idref="fl-133"/>
      </object_component>
      <object_component id="oc-192">
         <name>.debug_info</name>
         <load_address>0x44d2</load_address>
         <run_address>0x44d2</run_address>
         <size>0x11b</size>
         <input_file_ref idref="fl-134"/>
      </object_component>
      <object_component id="oc-187">
         <name>.debug_info</name>
         <load_address>0x45ed</load_address>
         <run_address>0x45ed</run_address>
         <size>0x109</size>
         <input_file_ref idref="fl-135"/>
      </object_component>
      <object_component id="oc-46">
         <name>.debug_info</name>
         <load_address>0x46f6</load_address>
         <run_address>0x46f6</run_address>
         <size>0xf6</size>
         <input_file_ref idref="fl-137"/>
      </object_component>
      <object_component id="oc-60">
         <name>.debug_info</name>
         <load_address>0x47ec</load_address>
         <run_address>0x47ec</run_address>
         <size>0x124</size>
         <input_file_ref idref="fl-138"/>
      </object_component>
      <object_component id="oc-6b">
         <name>.debug_info</name>
         <load_address>0x4910</load_address>
         <run_address>0x4910</run_address>
         <size>0x129</size>
         <input_file_ref idref="fl-139"/>
      </object_component>
      <object_component id="oc-18c">
         <name>.debug_info</name>
         <load_address>0x4a39</load_address>
         <run_address>0x4a39</run_address>
         <size>0x11b</size>
         <input_file_ref idref="fl-13a"/>
      </object_component>
      <object_component id="oc-83">
         <name>.debug_info</name>
         <load_address>0x4b54</load_address>
         <run_address>0x4b54</run_address>
         <size>0xea</size>
         <input_file_ref idref="fl-13b"/>
      </object_component>
      <object_component id="oc-24e">
         <name>.debug_info</name>
         <load_address>0x4c3e</load_address>
         <run_address>0x4c3e</run_address>
         <size>0x1a8</size>
         <input_file_ref idref="fl-13c"/>
      </object_component>
      <object_component id="oc-21d">
         <name>.debug_info</name>
         <load_address>0x4de6</load_address>
         <run_address>0x4de6</run_address>
         <size>0x13d</size>
         <input_file_ref idref="fl-13c"/>
      </object_component>
      <object_component id="oc-1de">
         <name>.debug_info</name>
         <load_address>0x4f23</load_address>
         <run_address>0x4f23</run_address>
         <size>0x486</size>
         <input_file_ref idref="fl-13c"/>
      </object_component>
      <object_component id="oc-247">
         <name>.debug_info</name>
         <load_address>0x53a9</load_address>
         <run_address>0x53a9</run_address>
         <size>0x86</size>
         <input_file_ref idref="fl-13c"/>
      </object_component>
      <object_component id="oc-21a">
         <name>.debug_info</name>
         <load_address>0x542f</load_address>
         <run_address>0x542f</run_address>
         <size>0x1b5</size>
         <input_file_ref idref="fl-13d"/>
      </object_component>
      <object_component id="oc-13b">
         <name>.debug_info</name>
         <load_address>0x55e4</load_address>
         <run_address>0x55e4</run_address>
         <size>0x105</size>
         <input_file_ref idref="fl-13e"/>
      </object_component>
      <object_component id="oc-bb">
         <name>.debug_info</name>
         <load_address>0x56e9</load_address>
         <run_address>0x56e9</run_address>
         <size>0xf4</size>
         <input_file_ref idref="fl-13e"/>
      </object_component>
      <object_component id="oc-134">
         <name>.debug_info</name>
         <load_address>0x57dd</load_address>
         <run_address>0x57dd</run_address>
         <size>0x200</size>
         <input_file_ref idref="fl-13e"/>
      </object_component>
      <object_component id="oc-b9">
         <name>.debug_info</name>
         <load_address>0x59dd</load_address>
         <run_address>0x59dd</run_address>
         <size>0x147</size>
         <input_file_ref idref="fl-13f"/>
      </object_component>
      <object_component id="oc-79">
         <name>.debug_info</name>
         <load_address>0x5b24</load_address>
         <run_address>0x5b24</run_address>
         <size>0x148</size>
         <input_file_ref idref="fl-13f"/>
      </object_component>
      <object_component id="oc-12e">
         <name>.debug_info</name>
         <load_address>0x5c6c</load_address>
         <run_address>0x5c6c</run_address>
         <size>0x5e</size>
         <input_file_ref idref="fl-13f"/>
      </object_component>
      <object_component id="oc-b1">
         <name>.debug_info</name>
         <load_address>0x5cca</load_address>
         <run_address>0x5cca</run_address>
         <size>0x29e</size>
         <input_file_ref idref="fl-140"/>
      </object_component>
      <object_component id="oc-73">
         <name>.debug_info</name>
         <load_address>0x5f68</load_address>
         <run_address>0x5f68</run_address>
         <size>0x158</size>
         <input_file_ref idref="fl-140"/>
      </object_component>
      <object_component id="oc-ce">
         <name>.debug_info</name>
         <load_address>0x60c0</load_address>
         <run_address>0x60c0</run_address>
         <size>0x39</size>
         <input_file_ref idref="fl-140"/>
      </object_component>
      <object_component id="oc-d3">
         <name>.debug_info</name>
         <load_address>0x60f9</load_address>
         <run_address>0x60f9</run_address>
         <size>0xcd</size>
         <input_file_ref idref="fl-140"/>
      </object_component>
      <object_component id="oc-cb">
         <name>.debug_info</name>
         <load_address>0x61c6</load_address>
         <run_address>0x61c6</run_address>
         <size>0x1c1</size>
         <input_file_ref idref="fl-141"/>
      </object_component>
      <object_component id="oc-ad">
         <name>.debug_info</name>
         <load_address>0x6387</load_address>
         <run_address>0x6387</run_address>
         <size>0x164</size>
         <input_file_ref idref="fl-141"/>
      </object_component>
      <object_component id="oc-143">
         <name>.debug_info</name>
         <load_address>0x64eb</load_address>
         <run_address>0x64eb</run_address>
         <size>0x2c</size>
         <input_file_ref idref="fl-141"/>
      </object_component>
      <object_component id="oc-205">
         <name>.debug_info</name>
         <load_address>0x6517</load_address>
         <run_address>0x6517</run_address>
         <size>0x129</size>
         <input_file_ref idref="fl-142"/>
      </object_component>
      <object_component id="oc-1f5">
         <name>.debug_info</name>
         <load_address>0x6640</load_address>
         <run_address>0x6640</run_address>
         <size>0x105</size>
         <input_file_ref idref="fl-143"/>
      </object_component>
      <object_component id="oc-201">
         <name>.debug_info</name>
         <load_address>0x6745</load_address>
         <run_address>0x6745</run_address>
         <size>0x117</size>
         <input_file_ref idref="fl-144"/>
      </object_component>
      <object_component id="oc-20b">
         <name>.debug_info</name>
         <load_address>0x685c</load_address>
         <run_address>0x685c</run_address>
         <size>0x10b</size>
         <input_file_ref idref="fl-145"/>
      </object_component>
      <object_component id="oc-236">
         <name>.debug_info</name>
         <load_address>0x6967</load_address>
         <run_address>0x6967</run_address>
         <size>0x18b</size>
         <input_file_ref idref="fl-146"/>
      </object_component>
      <object_component id="oc-1fb">
         <name>.debug_info</name>
         <load_address>0x6af2</load_address>
         <run_address>0x6af2</run_address>
         <size>0x29c</size>
         <input_file_ref idref="fl-146"/>
      </object_component>
      <object_component id="oc-210">
         <name>.debug_info</name>
         <load_address>0x6d8e</load_address>
         <run_address>0x6d8e</run_address>
         <size>0x109</size>
         <input_file_ref idref="fl-147"/>
      </object_component>
      <object_component id="oc-252">
         <name>.debug_info</name>
         <load_address>0x6e97</load_address>
         <run_address>0x6e97</run_address>
         <size>0xc6</size>
         <input_file_ref idref="fl-148"/>
      </object_component>
      <object_component id="oc-22a">
         <name>.debug_info</name>
         <load_address>0x6f5d</load_address>
         <run_address>0x6f5d</run_address>
         <size>0x14d</size>
         <input_file_ref idref="fl-148"/>
      </object_component>
      <object_component id="oc-254">
         <name>.debug_info</name>
         <load_address>0x70aa</load_address>
         <run_address>0x70aa</run_address>
         <size>0x111</size>
         <input_file_ref idref="fl-149"/>
      </object_component>
      <object_component id="oc-232">
         <name>.debug_info</name>
         <load_address>0x71bb</load_address>
         <run_address>0x71bb</run_address>
         <size>0x192</size>
         <input_file_ref idref="fl-149"/>
      </object_component>
      <object_component id="oc-214">
         <name>.debug_info</name>
         <load_address>0x734d</load_address>
         <run_address>0x734d</run_address>
         <size>0x153</size>
         <input_file_ref idref="fl-14a"/>
      </object_component>
      <object_component id="oc-242">
         <name>.debug_info</name>
         <load_address>0x74a0</load_address>
         <run_address>0x74a0</run_address>
         <size>0xd6</size>
         <input_file_ref idref="fl-14b"/>
      </object_component>
      <object_component id="oc-278">
         <name>.debug_info</name>
         <load_address>0x7576</load_address>
         <run_address>0x7576</run_address>
         <size>0x13e</size>
         <input_file_ref idref="fl-14c"/>
      </object_component>
      <object_component id="oc-25e">
         <name>.debug_info</name>
         <load_address>0x76b4</load_address>
         <run_address>0x76b4</run_address>
         <size>0x10e</size>
         <input_file_ref idref="fl-14c"/>
      </object_component>
      <object_component id="oc-23d">
         <name>.debug_info</name>
         <load_address>0x77c2</load_address>
         <run_address>0x77c2</run_address>
         <size>0x16f</size>
         <input_file_ref idref="fl-14c"/>
      </object_component>
      <object_component id="oc-273">
         <name>.debug_info</name>
         <load_address>0x7931</load_address>
         <run_address>0x7931</run_address>
         <size>0x6f</size>
         <input_file_ref idref="fl-14c"/>
      </object_component>
      <object_component id="oc-270">
         <name>.debug_info</name>
         <load_address>0x79a0</load_address>
         <run_address>0x79a0</run_address>
         <size>0xfd</size>
         <input_file_ref idref="fl-14d"/>
      </object_component>
      <object_component id="oc-258">
         <name>.debug_info</name>
         <load_address>0x7a9d</load_address>
         <run_address>0x7a9d</run_address>
         <size>0x154</size>
         <input_file_ref idref="fl-14d"/>
      </object_component>
      <object_component id="oc-281">
         <name>.debug_info</name>
         <load_address>0x7bf1</load_address>
         <run_address>0x7bf1</run_address>
         <size>0x2c</size>
         <input_file_ref idref="fl-14d"/>
      </object_component>
      <object_component id="oc-27e">
         <name>.debug_info</name>
         <load_address>0x7c1d</load_address>
         <run_address>0x7c1d</run_address>
         <size>0x11d</size>
         <input_file_ref idref="fl-14e"/>
      </object_component>
      <object_component id="oc-27b">
         <name>.debug_info</name>
         <load_address>0x7d3a</load_address>
         <run_address>0x7d3a</run_address>
         <size>0xdb</size>
         <input_file_ref idref="fl-14e"/>
      </object_component>
      <object_component id="oc-26c">
         <name>.debug_info</name>
         <load_address>0x7e15</load_address>
         <run_address>0x7e15</run_address>
         <size>0x16a</size>
         <input_file_ref idref="fl-14e"/>
      </object_component>
      <object_component id="oc-15a">
         <name>.debug_info</name>
         <load_address>0x7f7f</load_address>
         <run_address>0x7f7f</run_address>
         <size>0x240</size>
         <input_file_ref idref="fl-14f"/>
      </object_component>
      <object_component id="oc-15c">
         <name>.debug_info</name>
         <load_address>0x81bf</load_address>
         <run_address>0x81bf</run_address>
         <size>0x2a3</size>
         <input_file_ref idref="fl-14f"/>
      </object_component>
      <object_component id="oc-154">
         <name>.debug_info</name>
         <load_address>0x8462</load_address>
         <run_address>0x8462</run_address>
         <size>0x2b3</size>
         <input_file_ref idref="fl-14f"/>
      </object_component>
      <object_component id="oc-14e">
         <name>.debug_info</name>
         <load_address>0x8715</load_address>
         <run_address>0x8715</run_address>
         <size>0x316</size>
         <input_file_ref idref="fl-14f"/>
      </object_component>
      <object_component id="oc-eb">
         <name>.debug_info</name>
         <load_address>0x8a2b</load_address>
         <run_address>0x8a2b</run_address>
         <size>0x2b7</size>
         <input_file_ref idref="fl-14f"/>
      </object_component>
      <object_component id="oc-14a">
         <name>.debug_info</name>
         <load_address>0x8ce2</load_address>
         <run_address>0x8ce2</run_address>
         <size>0x298</size>
         <input_file_ref idref="fl-152"/>
      </object_component>
      <object_component id="oc-e6">
         <name>.debug_info</name>
         <load_address>0x8f7a</load_address>
         <run_address>0x8f7a</run_address>
         <size>0x27f</size>
         <input_file_ref idref="fl-152"/>
      </object_component>
      <object_component id="oc-e0">
         <name>.debug_info</name>
         <load_address>0x91f9</load_address>
         <run_address>0x91f9</run_address>
         <size>0x27d</size>
         <input_file_ref idref="fl-152"/>
      </object_component>
      <object_component id="oc-d9">
         <name>.debug_info</name>
         <load_address>0x9476</load_address>
         <run_address>0x9476</run_address>
         <size>0x2db</size>
         <input_file_ref idref="fl-152"/>
      </object_component>
      <object_component id="oc-1bf">
         <name>.debug_info</name>
         <load_address>0x9751</load_address>
         <run_address>0x9751</run_address>
         <size>0x5f</size>
         <input_file_ref idref="fl-152"/>
      </object_component>
      <object_component id="oc-2b2">
         <name>.debug_info</name>
         <load_address>0x97b0</load_address>
         <run_address>0x97b0</run_address>
         <size>0x96</size>
      </object_component>
      <object_component id="oc-c8">
         <name>.debug_line</name>
         <load_address>0x0</load_address>
         <run_address>0x0</run_address>
         <size>0x20</size>
         <input_file_ref idref="fl-2"/>
      </object_component>
      <object_component id="oc-94">
         <name>.debug_line</name>
         <load_address>0x20</load_address>
         <run_address>0x20</run_address>
         <size>0x60</size>
         <input_file_ref idref="fl-2"/>
      </object_component>
      <object_component id="oc-1b5">
         <name>.debug_line</name>
         <load_address>0x80</load_address>
         <run_address>0x80</run_address>
         <size>0xeb</size>
         <input_file_ref idref="fl-3"/>
      </object_component>
      <object_component id="oc-1b7">
         <name>.debug_line</name>
         <load_address>0x16b</load_address>
         <run_address>0x16b</run_address>
         <size>0x2f</size>
         <input_file_ref idref="fl-3"/>
      </object_component>
      <object_component id="oc-1b9">
         <name>.debug_line</name>
         <load_address>0x19a</load_address>
         <run_address>0x19a</run_address>
         <size>0x2f</size>
         <input_file_ref idref="fl-3"/>
      </object_component>
      <object_component id="oc-107">
         <name>.debug_line</name>
         <load_address>0x1c9</load_address>
         <run_address>0x1c9</run_address>
         <size>0xa8</size>
         <input_file_ref idref="fl-3"/>
      </object_component>
      <object_component id="oc-10d">
         <name>.debug_line</name>
         <load_address>0x271</load_address>
         <run_address>0x271</run_address>
         <size>0x93</size>
         <input_file_ref idref="fl-3"/>
      </object_component>
      <object_component id="oc-113">
         <name>.debug_line</name>
         <load_address>0x304</load_address>
         <run_address>0x304</run_address>
         <size>0x45</size>
         <input_file_ref idref="fl-3"/>
      </object_component>
      <object_component id="oc-119">
         <name>.debug_line</name>
         <load_address>0x349</load_address>
         <run_address>0x349</run_address>
         <size>0xc4</size>
         <input_file_ref idref="fl-3"/>
      </object_component>
      <object_component id="oc-11f">
         <name>.debug_line</name>
         <load_address>0x40d</load_address>
         <run_address>0x40d</run_address>
         <size>0x45</size>
         <input_file_ref idref="fl-3"/>
      </object_component>
      <object_component id="oc-b7">
         <name>.debug_line</name>
         <load_address>0x452</load_address>
         <run_address>0x452</run_address>
         <size>0x9b</size>
         <input_file_ref idref="fl-3"/>
      </object_component>
      <object_component id="oc-1b0">
         <name>.debug_line</name>
         <load_address>0x4ed</load_address>
         <run_address>0x4ed</run_address>
         <size>0x2f</size>
         <input_file_ref idref="fl-3"/>
      </object_component>
      <object_component id="oc-a4">
         <name>.debug_line</name>
         <load_address>0x51c</load_address>
         <run_address>0x51c</run_address>
         <size>0x60</size>
         <input_file_ref idref="fl-3"/>
      </object_component>
      <object_component id="oc-8f">
         <name>.debug_line</name>
         <load_address>0x57c</load_address>
         <run_address>0x57c</run_address>
         <size>0x20</size>
         <input_file_ref idref="fl-4"/>
      </object_component>
      <object_component id="oc-1da">
         <name>.debug_line</name>
         <load_address>0x59c</load_address>
         <run_address>0x59c</run_address>
         <size>0x9e</size>
         <input_file_ref idref="fl-5"/>
      </object_component>
      <object_component id="oc-1ef">
         <name>.debug_line</name>
         <load_address>0x63a</load_address>
         <run_address>0x63a</run_address>
         <size>0x45</size>
         <input_file_ref idref="fl-5"/>
      </object_component>
      <object_component id="oc-178">
         <name>.debug_line</name>
         <load_address>0x67f</load_address>
         <run_address>0x67f</run_address>
         <size>0x4d</size>
         <input_file_ref idref="fl-5"/>
      </object_component>
      <object_component id="oc-1ca">
         <name>.debug_line</name>
         <load_address>0x6cc</load_address>
         <run_address>0x6cc</run_address>
         <size>0x4e</size>
         <input_file_ref idref="fl-5"/>
      </object_component>
      <object_component id="oc-221">
         <name>.debug_line</name>
         <load_address>0x71a</load_address>
         <run_address>0x71a</run_address>
         <size>0x45</size>
         <input_file_ref idref="fl-5"/>
      </object_component>
      <object_component id="oc-100">
         <name>.debug_line</name>
         <load_address>0x75f</load_address>
         <run_address>0x75f</run_address>
         <size>0x47</size>
         <input_file_ref idref="fl-5"/>
      </object_component>
      <object_component id="oc-168">
         <name>.debug_line</name>
         <load_address>0x7a6</load_address>
         <run_address>0x7a6</run_address>
         <size>0x45</size>
         <input_file_ref idref="fl-5"/>
      </object_component>
      <object_component id="oc-162">
         <name>.debug_line</name>
         <load_address>0x7eb</load_address>
         <run_address>0x7eb</run_address>
         <size>0x4a</size>
         <input_file_ref idref="fl-5"/>
      </object_component>
      <object_component id="oc-1d6">
         <name>.debug_line</name>
         <load_address>0x835</load_address>
         <run_address>0x835</run_address>
         <size>0x50</size>
         <input_file_ref idref="fl-5"/>
      </object_component>
      <object_component id="oc-173">
         <name>.debug_line</name>
         <load_address>0x885</load_address>
         <run_address>0x885</run_address>
         <size>0x45</size>
         <input_file_ref idref="fl-5"/>
      </object_component>
      <object_component id="oc-1ea">
         <name>.debug_line</name>
         <load_address>0x8ca</load_address>
         <run_address>0x8ca</run_address>
         <size>0x47</size>
         <input_file_ref idref="fl-5"/>
      </object_component>
      <object_component id="oc-1ab">
         <name>.debug_line</name>
         <load_address>0x911</load_address>
         <run_address>0x911</run_address>
         <size>0x8a</size>
         <input_file_ref idref="fl-5"/>
      </object_component>
      <object_component id="oc-f4">
         <name>.debug_line</name>
         <load_address>0x99b</load_address>
         <run_address>0x99b</run_address>
         <size>0xee</size>
         <input_file_ref idref="fl-5"/>
      </object_component>
      <object_component id="oc-fb">
         <name>.debug_line</name>
         <load_address>0xa89</load_address>
         <run_address>0xa89</run_address>
         <size>0x6e</size>
         <input_file_ref idref="fl-5"/>
      </object_component>
      <object_component id="oc-8b">
         <name>.debug_line</name>
         <load_address>0xaf7</load_address>
         <run_address>0xaf7</run_address>
         <size>0x41</size>
         <input_file_ref idref="fl-7"/>
      </object_component>
      <object_component id="oc-43">
         <name>.debug_line</name>
         <load_address>0xb38</load_address>
         <run_address>0xb38</run_address>
         <size>0x41</size>
         <input_file_ref idref="fl-7"/>
      </object_component>
      <object_component id="oc-2f">
         <name>.debug_line</name>
         <load_address>0xb79</load_address>
         <run_address>0xb79</run_address>
         <size>0x53</size>
         <input_file_ref idref="fl-7"/>
      </object_component>
      <object_component id="oc-32">
         <name>.debug_line</name>
         <load_address>0xbcc</load_address>
         <run_address>0xbcc</run_address>
         <size>0x56</size>
         <input_file_ref idref="fl-7"/>
      </object_component>
      <object_component id="oc-3e">
         <name>.debug_line</name>
         <load_address>0xc22</load_address>
         <run_address>0xc22</run_address>
         <size>0x56</size>
         <input_file_ref idref="fl-7"/>
      </object_component>
      <object_component id="oc-37">
         <name>.debug_line</name>
         <load_address>0xc78</load_address>
         <run_address>0xc78</run_address>
         <size>0x56</size>
         <input_file_ref idref="fl-7"/>
      </object_component>
      <object_component id="oc-25">
         <name>.debug_line</name>
         <load_address>0xcce</load_address>
         <run_address>0xcce</run_address>
         <size>0x52</size>
         <input_file_ref idref="fl-12e"/>
      </object_component>
      <object_component id="oc-9d">
         <name>.debug_line</name>
         <load_address>0xd20</load_address>
         <run_address>0xd20</run_address>
         <size>0x80</size>
         <input_file_ref idref="fl-12f"/>
      </object_component>
      <object_component id="oc-17">
         <name>.debug_line</name>
         <load_address>0xda0</load_address>
         <run_address>0xda0</run_address>
         <size>0x55</size>
         <input_file_ref idref="fl-12f"/>
      </object_component>
      <object_component id="oc-4e">
         <name>.debug_line</name>
         <load_address>0xdf5</load_address>
         <run_address>0xdf5</run_address>
         <size>0x3a</size>
         <input_file_ref idref="fl-12f"/>
      </object_component>
      <object_component id="oc-9a">
         <name>.debug_line</name>
         <load_address>0xe2f</load_address>
         <run_address>0xe2f</run_address>
         <size>0x80</size>
         <input_file_ref idref="fl-12f"/>
      </object_component>
      <object_component id="oc-a0">
         <name>.debug_line</name>
         <load_address>0xeaf</load_address>
         <run_address>0xeaf</run_address>
         <size>0x80</size>
         <input_file_ref idref="fl-130"/>
      </object_component>
      <object_component id="oc-55">
         <name>.debug_line</name>
         <load_address>0xf2f</load_address>
         <run_address>0xf2f</run_address>
         <size>0x98</size>
         <input_file_ref idref="fl-130"/>
      </object_component>
      <object_component id="oc-1c">
         <name>.debug_line</name>
         <load_address>0xfc7</load_address>
         <run_address>0xfc7</run_address>
         <size>0x4b</size>
         <input_file_ref idref="fl-130"/>
      </object_component>
      <object_component id="oc-5c">
         <name>.debug_line</name>
         <load_address>0x1012</load_address>
         <run_address>0x1012</run_address>
         <size>0x39</size>
         <input_file_ref idref="fl-130"/>
      </object_component>
      <object_component id="oc-a8">
         <name>.debug_line</name>
         <load_address>0x104b</load_address>
         <run_address>0x104b</run_address>
         <size>0x80</size>
         <input_file_ref idref="fl-131"/>
      </object_component>
      <object_component id="oc-21">
         <name>.debug_line</name>
         <load_address>0x10cb</load_address>
         <run_address>0x10cb</run_address>
         <size>0x4f</size>
         <input_file_ref idref="fl-131"/>
      </object_component>
      <object_component id="oc-67">
         <name>.debug_line</name>
         <load_address>0x111a</load_address>
         <run_address>0x111a</run_address>
         <size>0x34</size>
         <input_file_ref idref="fl-131"/>
      </object_component>
      <object_component id="oc-197">
         <name>.debug_line</name>
         <load_address>0x114e</load_address>
         <run_address>0x114e</run_address>
         <size>0x3b</size>
         <input_file_ref idref="fl-132"/>
      </object_component>
      <object_component id="oc-140">
         <name>.debug_line</name>
         <load_address>0x1189</load_address>
         <run_address>0x1189</run_address>
         <size>0x7f</size>
         <input_file_ref idref="fl-133"/>
      </object_component>
      <object_component id="oc-13e">
         <name>.debug_line</name>
         <load_address>0x1208</load_address>
         <run_address>0x1208</run_address>
         <size>0x2a</size>
         <input_file_ref idref="fl-133"/>
      </object_component>
      <object_component id="oc-80">
         <name>.debug_line</name>
         <load_address>0x1232</load_address>
         <run_address>0x1232</run_address>
         <size>0x7a</size>
         <input_file_ref idref="fl-133"/>
      </object_component>
      <object_component id="oc-195">
         <name>.debug_line</name>
         <load_address>0x12ac</load_address>
         <run_address>0x12ac</run_address>
         <size>0x67</size>
         <input_file_ref idref="fl-134"/>
      </object_component>
      <object_component id="oc-18a">
         <name>.debug_line</name>
         <load_address>0x1313</load_address>
         <run_address>0x1313</run_address>
         <size>0x57</size>
         <input_file_ref idref="fl-135"/>
      </object_component>
      <object_component id="oc-49">
         <name>.debug_line</name>
         <load_address>0x136a</load_address>
         <run_address>0x136a</run_address>
         <size>0x88</size>
         <input_file_ref idref="fl-137"/>
      </object_component>
      <object_component id="oc-5f">
         <name>.debug_line</name>
         <load_address>0x13f2</load_address>
         <run_address>0x13f2</run_address>
         <size>0x79</size>
         <input_file_ref idref="fl-138"/>
      </object_component>
      <object_component id="oc-6f">
         <name>.debug_line</name>
         <load_address>0x146b</load_address>
         <run_address>0x146b</run_address>
         <size>0x40</size>
         <input_file_ref idref="fl-139"/>
      </object_component>
      <object_component id="oc-18f">
         <name>.debug_line</name>
         <load_address>0x14ab</load_address>
         <run_address>0x14ab</run_address>
         <size>0x3b</size>
         <input_file_ref idref="fl-13a"/>
      </object_component>
      <object_component id="oc-c4">
         <name>.debug_line</name>
         <load_address>0x14e6</load_address>
         <run_address>0x14e6</run_address>
         <size>0x33</size>
         <input_file_ref idref="fl-13b"/>
      </object_component>
      <object_component id="oc-264">
         <name>.debug_line</name>
         <load_address>0x1519</load_address>
         <run_address>0x1519</run_address>
         <size>0xe8</size>
         <input_file_ref idref="fl-13c"/>
      </object_component>
      <object_component id="oc-24d">
         <name>.debug_line</name>
         <load_address>0x1601</load_address>
         <run_address>0x1601</run_address>
         <size>0x2c</size>
         <input_file_ref idref="fl-13c"/>
      </object_component>
      <object_component id="oc-1dd">
         <name>.debug_line</name>
         <load_address>0x162d</load_address>
         <run_address>0x162d</run_address>
         <size>0x119</size>
         <input_file_ref idref="fl-13c"/>
      </object_component>
      <object_component id="oc-24a">
         <name>.debug_line</name>
         <load_address>0x1746</load_address>
         <run_address>0x1746</run_address>
         <size>0x7f</size>
         <input_file_ref idref="fl-13c"/>
      </object_component>
      <object_component id="oc-246">
         <name>.debug_line</name>
         <load_address>0x17c5</load_address>
         <run_address>0x17c5</run_address>
         <size>0x2d</size>
         <input_file_ref idref="fl-13d"/>
      </object_component>
      <object_component id="oc-1bc">
         <name>.debug_line</name>
         <load_address>0x17f2</load_address>
         <run_address>0x17f2</run_address>
         <size>0x20</size>
         <input_file_ref idref="fl-13e"/>
      </object_component>
      <object_component id="oc-13a">
         <name>.debug_line</name>
         <load_address>0x1812</load_address>
         <run_address>0x1812</run_address>
         <size>0x2b</size>
         <input_file_ref idref="fl-13e"/>
[...]
               <logical_group_ref idref="lg-28e"/>
            </allocated_space>
            <available_space>
               <start_address>0x20000578</start_address>
               <size>0x7a88</size>
            </available_space>
         </usage_details>
      </memory_area>
   </placement_map>
   <cptbl_list>
      <cptbl>
         <name>__TI_cinit_table</name>
         <cprec>
            <name>.data</name>
            <load_address>0x1f10</load_address>
            <load_size>0x41</load_size>
            <run_address>0x20000428</run_address>
            <run_size>0x150</run_size>
            <compression>rle</compression>
         </cprec>
         <cprec>
            <name>.bss</name>
            <load_address>0x1f60</load_address>
            <load_size>0x8</load_size>
            <run_address>0x20000000</run_address>
            <run_size>0x223</run_size>
            <compression>zero_init</compression>
         </cprec>
      </cptbl>
   </cptbl_list>
   <handler_table>
      <handler_table_name>__TI_handler_table</handler_table_name>
      <handler>
         <index>0x0</index>
         <name>__TI_decompress_rle24</name>
      </handler>
      <handler>
         <index>0x1</index>
         <name>__TI_decompress_none</name>
      </handler>
      <handler>
         <index>0x2</index>
         <name>__TI_zero_init</name>
      </handler>
   </handler_table>
   <symbol_table>
      <symbol id="sm-1">
         <name>__STACK_TOP</name>
         <value>0x20000424</value>
      </symbol>
      <symbol id="sm-2">
         <name>__TI_CINIT_Base</name>
         <value>0x1f68</value>
      </symbol>
      <symbol id="sm-3">
         <name>__TI_CINIT_Limit</name>
         <value>0x1f78</value>
      </symbol>
      <symbol id="sm-4">
         <name>__TI_Handler_Table_Base</name>
         <value>0x1f54</value>
      </symbol>
      <symbol id="sm-5">
         <name>__TI_Handler_Table_Limit</name>
         <value>0x1f60</value>
      </symbol>
      <symbol id="sm-6">
         <name>binit</name>
         <value>0xffffffff</value>
      </symbol>
      <symbol id="sm-7">
         <name>__binit__</name>
         <value>0xffffffff</value>
      </symbol>
      <symbol id="sm-8">
         <name>__STACK_SIZE</name>
         <value>0x200</value>
      </symbol>
      <symbol id="sm-9">
         <name>__STACK_END</name>
         <value>0x20000424</value>
      </symbol>
      <symbol id="sm-a">
         <name>__c_args__</name>
         <value>0xffffffff</value>
      </symbol>
      <symbol id="sm-b8">
         <name>fcolorr</name>
         <value>0x20000222</value>
      </symbol>
      <symbol id="sm-b9">
         <name>fcolorg</name>
         <value>0x20000221</value>
      </symbol>
      <symbol id="sm-ba">
         <name>fcolorb</name>
         <value>0x20000220</value>
      </symbol>
      <symbol id="sm-bb">
         <name>xx</name>
         <value>0x200001fc</value>
      </symbol>
      <symbol id="sm-bc">
         <name>xy</name>
         <value>0x20000200</value>
      </symbol>
      <symbol id="sm-bd">
         <name>xz</name>
         <value>0x20000204</value>
      </symbol>
      <symbol id="sm-be">
         <name>yx</name>
         <value>0x20000208</value>
      </symbol>
      <symbol id="sm-bf">
         <name>yy</name>
         <value>0x2000020c</value>
      </symbol>
      <symbol id="sm-c0">
         <name>yz</name>
         <value>0x20000210</value>
      </symbol>
      <symbol id="sm-c1">
         <name>zx</name>
         <value>0x20000214</value>
      </symbol>
      <symbol id="sm-c2">
         <name>zy</name>
         <value>0x20000218</value>
      </symbol>
      <symbol id="sm-c3">
         <name>zz</name>
         <value>0x2000021c</value>
      </symbol>
      <symbol id="sm-c4">
         <name>Xan</name>
         <value>0x200001e4</value>
      </symbol>
      <symbol id="sm-c5">
         <name>Yan</name>
         <value>0x200001ec</value>
      </symbol>
      <symbol id="sm-c6">
         <name>fact</name>
         <value>0x200001f8</value>
      </symbol>
      <symbol id="sm-c7">
         <name>Xoff</name>
         <value>0x200001e8</value>
      </symbol>
      <symbol id="sm-c8">
         <name>Yoff</name>
         <value>0x200001f0</value>
      </symbol>
      <symbol id="sm-c9">
         <name>Zoff</name>
         <value>0x200001f4</value>
      </symbol>
      <symbol id="sm-ca">
         <name>LinestoRender</name>
         <value>0x200001e0</value>
      </symbol>
      <symbol id="sm-cb">
         <name>SetVars</name>
         <value>0x105d</value>
         <object_component_ref idref="oc-108"/>
      </symbol>
      <symbol id="sm-cc">
         <name>Render</name>
         <value>0x20000120</value>
         <object_component_ref idref="oc-128"/>
      </symbol>
      <symbol id="sm-cd">
         <name>HideLine</name>
         <value>0x1d03</value>
         <object_component_ref idref="oc-10e"/>
      </symbol>
      <symbol id="sm-ce">
         <name>main</name>
         <value>0x6f9</value>
         <object_component_ref idref="oc-b2"/>
      </symbol>
      <symbol id="sm-cf">
         <name>ProcessLine</name>
         <value>0x8ed</value>
         <object_component_ref idref="oc-114"/>
      </symbol>
      <symbol id="sm-d0">
         <name>setup</name>
         <value>0xf35</value>
         <object_component_ref idref="oc-102"/>
      </symbol>
      <symbol id="sm-d1">
         <name>RenderLine</name>
         <value>0x1d2b</value>
         <object_component_ref idref="oc-11a"/>
      </symbol>
      <symbol id="sm-d2">
         <name>Lines</name>
         <value>0x20000000</value>
         <object_component_ref idref="oc-125"/>
      </symbol>
      <symbol id="sm-16b">
         <name>drawPixel</name>
         <value>0x1c1d</value>
         <object_component_ref idref="oc-1e5"/>
      </symbol>
      <symbol id="sm-16c">
         <name>setColor</name>
         <value>0x1d75</value>
         <object_component_ref idref="oc-fc"/>
      </symbol>
      <symbol id="sm-16d">
         <name>LCD_setXY</name>
         <value>0x1ad1</value>
         <object_component_ref idref="oc-1d1"/>
      </symbol>
      <symbol id="sm-16e">
         <name>LCD_clrXY</name>
         <value>0x1e49</value>
         <object_component_ref idref="oc-16e"/>
      </symbol>
      <symbol id="sm-16f">
         <name>LCD_Write_COM</name>
         <value>0x1b0d</value>
         <object_component_ref idref="oc-167"/>
      </symbol>
      <symbol id="sm-170">
         <name>sign</name>
         <value>0x1e35</value>
         <object_component_ref idref="oc-1eb"/>
      </symbol>
      <symbol id="sm-171">
         <name>drawLine</name>
         <value>0x153d</value>
         <object_component_ref idref="oc-1a6"/>
      </symbol>
      <symbol id="sm-172">
         <name>LCD_Write_DATA</name>
         <value>0x1d55</value>
         <object_component_ref idref="oc-1c9"/>
      </symbol>
      <symbol id="sm-173">
         <name>LCD_init</name>
         <value>0x501</value>
         <object_component_ref idref="oc-f0"/>
      </symbol>
      <symbol id="sm-174">
         <name>LCD_Writ_Bus</name>
         <value>0x196d</value>
         <object_component_ref idref="oc-174"/>
      </symbol>
      <symbol id="sm-175">
         <name>setPixel</name>
         <value>0x1df5</value>
         <object_component_ref idref="oc-220"/>
      </symbol>
      <symbol id="sm-176">
         <name>LCD_Write_COM_DATA</name>
         <value>0x1e0b</value>
         <object_component_ref idref="oc-161"/>
      </symbol>
      <symbol id="sm-177">
         <name>LCD_fillScr</name>
         <value>0x18c1</value>
         <object_component_ref idref="oc-f6"/>
      </symbol>
      <symbol id="sm-1a9">
         <name>ResetISR</name>
         <value>0x1e77</value>
         <object_component_ref idref="oc-2a"/>
      </symbol>
      <symbol id="sm-1aa">
         <name>g_pfnVectors</name>
         <value>0x0</value>
         <object_component_ref idref="oc-f"/>
      </symbol>
      <symbol id="sm-1bc">
         <name>_c_int00</name>
         <value>0x191d</value>
         <object_component_ref idref="oc-24"/>
      </symbol>
      <symbol id="sm-1bd">
         <name>__stack</name>
         <value>0x20000224</value>
         <object_component_ref idref="oc-29"/>
      </symbol>
      <symbol id="sm-1d4">
         <name>__TI_decompress_none</name>
         <value>0x1e57</value>
         <object_component_ref idref="oc-12"/>
      </symbol>
      <symbol id="sm-1f7">
         <name>__TI_decompress_rle24</name>
         <value>0x1e83</value>
         <object_component_ref idref="oc-18"/>
      </symbol>
      <symbol id="sm-209">
         <name>__TI_zero_init</name>
         <value>0x1e65</value>
         <object_component_ref idref="oc-1e"/>
      </symbol>
      <symbol id="sm-213">
         <name>cos</name>
         <value>0x1d91</value>
         <object_component_ref idref="oc-196"/>
      </symbol>
      <symbol id="sm-232">
         <name>C$$EXIT</name>
         <value>0x1a4d</value>
         <object_component_ref idref="oc-7c"/>
      </symbol>
      <symbol id="sm-233">
         <name>abort</name>
         <value>0x1a51</value>
         <object_component_ref idref="oc-7c"/>
      </symbol>
      <symbol id="sm-234">
         <name>exit</name>
         <value>0x1a59</value>
         <object_component_ref idref="oc-7c"/>
      </symbol>
      <symbol id="sm-235">
         <name>__TI_dtors_ptr</name>
         <value>0x20000564</value>
         <object_component_ref idref="oc-bd"/>
      </symbol>
      <symbol id="sm-236">
         <name>__TI_cleanup_ptr</name>
         <value>0x20000560</value>
         <object_component_ref idref="oc-bd"/>
      </symbol>
      <symbol id="sm-246">
         <name>__aeabi_d2f</name>
         <value>0x1779</value>
         <object_component_ref idref="oc-191"/>
      </symbol>
      <symbol id="sm-254">
         <name>__aeabi_f2d</name>
         <value>0x1b7d</value>
         <object_component_ref idref="oc-186"/>
      </symbol>
      <symbol id="sm-272">
         <name>memcpy</name>
         <value>0x15dd</value>
         <object_component_ref idref="oc-45"/>
      </symbol>
      <symbol id="sm-273">
         <name>__aeabi_memcpy</name>
         <value>0x15dd</value>
         <object_component_ref idref="oc-45"/>
      </symbol>
      <symbol id="sm-274">
         <name>__aeabi_memcpy8</name>
         <value>0x15dd</value>
         <object_component_ref idref="oc-45"/>
      </symbol>
      <symbol id="sm-275">
         <name>__aeabi_memcpy4</name>
         <value>0x15dd</value>
         <object_component_ref idref="oc-45"/>
      </symbol>
      <symbol id="sm-284">
         <name>__aeabi_memset</name>
         <value>0x1701</value>
         <object_component_ref idref="oc-5e"/>
      </symbol>
      <symbol id="sm-285">
         <name>memset</name>
         <value>0x1707</value>
         <object_component_ref idref="oc-5e"/>
      </symbol>
      <symbol id="sm-286">
         <name>__aeabi_memset8</name>
         <value>0x1701</value>
         <object_component_ref idref="oc-5e"/>
      </symbol>
      <symbol id="sm-287">
         <name>__aeabi_memset4</name>
         <value>0x1701</value>
         <object_component_ref idref="oc-5e"/>
      </symbol>
      <symbol id="sm-288">
         <name>__aeabi_memclr8</name>
         <value>0x16ff</value>
         <object_component_ref idref="oc-5e"/>
      </symbol>
      <symbol id="sm-289">
         <name>__aeabi_memclr4</name>
         <value>0x16ff</value>
         <object_component_ref idref="oc-5e"/>
      </symbol>
      <symbol id="sm-28a">
         <name>__aeabi_memclr</name>
         <value>0x16ff</value>
         <object_component_ref idref="oc-5e"/>
      </symbol>
      <symbol id="sm-294">
         <name>_system_pre_init</name>
         <value>0x1e89</value>
         <object_component_ref idref="oc-6a"/>
      </symbol>
      <symbol id="sm-29e">
         <name>sin</name>
         <value>0x1dab</value>
         <object_component_ref idref="oc-18b"/>
      </symbol>
      <symbol id="sm-2a6">
         <name>main_func_sp</name>
         <value>0x20000574</value>
         <object_component_ref idref="oc-82"/>
      </symbol>
      <symbol id="sm-2e5">
         <name>_Sin</name>
         <value>0x26d</value>
         <object_component_ref idref="oc-1dc"/>
      </symbol>
      <symbol id="sm-2f5">
         <name>_Rteps</name>
         <value>0x20000538</value>
         <object_component_ref idref="oc-219"/>
      </symbol>
      <symbol id="sm-2f6">
         <name>_Zero</name>
         <value>0x20000550</value>
         <object_component_ref idref="oc-219"/>
      </symbol>
      <symbol id="sm-2f7">
         <name>_Hugeval</name>
         <value>0x200004f8</value>
         <object_component_ref idref="oc-219"/>
      </symbol>
      <symbol id="sm-2f8">
         <name>_Snan</name>
         <value>0x20000528</value>
         <object_component_ref idref="oc-219"/>
      </symbol>
      <symbol id="sm-2f9">
         <name>_Nan</name>
         <value>0x20000518</value>
         <object_component_ref idref="oc-219"/>
      </symbol>
      <symbol id="sm-2fa">
         <name>_Inf</name>
         <value>0x20000508</value>
         <object_component_ref idref="oc-219"/>
      </symbol>
      <symbol id="sm-2fb">
         <name>_Xbig</name>
         <value>0x20000548</value>
         <object_component_ref idref="oc-219"/>
      </symbol>
      <symbol id="sm-2fc">
         <name>_Eps</name>
         <value>0x200004e8</value>
         <object_component_ref idref="oc-219"/>
      </symbol>
      <symbol id="sm-2fd">
         <name>_Denorm</name>
         <value>0x200004d8</value>
         <object_component_ref idref="oc-219"/>
      </symbol>
      <symbol id="sm-316">
         <name>_nop</name>
         <value>0x1e2f</value>
         <object_component_ref idref="oc-133"/>
      </symbol>
      <symbol id="sm-317">
         <name>_lock</name>
         <value>0x20000558</value>
         <object_component_ref idref="oc-ba"/>
      </symbol>
      <symbol id="sm-318">
         <name>_unlock</name>
         <value>0x2000055c</value>
         <object_component_ref idref="oc-ba"/>
      </symbol>
      <symbol id="sm-319">
         <name>_register_lock</name>
         <value>0x1e27</value>
         <object_component_ref idref="oc-133"/>
      </symbol>
      <symbol id="sm-31a">
         <name>_register_unlock</name>
         <value>0x1e21</value>
         <object_component_ref idref="oc-133"/>
      </symbol>
      <symbol id="sm-32f">
         <name>_args_main</name>
         <value>0x1ddd</value>
         <object_component_ref idref="oc-76"/>
      </symbol>
      <symbol id="sm-355">
         <name>__TI_auto_init</name>
         <value>0x17e9</value>
         <object_component_ref idref="oc-70"/>
      </symbol>
      <symbol id="sm-36f">
         <name>copy_in</name>
         <value>0x19b9</value>
         <object_component_ref idref="oc-aa"/>
      </symbol>
      <symbol id="sm-393">
         <name>__aeabi_dsub</name>
         <value>0xad5</value>
         <object_component_ref idref="oc-204"/>
      </symbol>
      <symbol id="sm-394">
         <name>__aeabi_dadd</name>
         <value>0xadf</value>
         <object_component_ref idref="oc-204"/>
      </symbol>
      <symbol id="sm-3ab">
         <name>__aeabi_cdcmpeq</name>
         <value>0x1679</value>
         <object_component_ref idref="oc-1f4"/>
      </symbol>
      <symbol id="sm-3ac">
         <name>__aeabi_cdcmple</name>
         <value>0x1679</value>
         <object_component_ref idref="oc-1f4"/>
      </symbol>
      <symbol id="sm-3c3">
         <name>__aeabi_dmul</name>
         <value>0x128d</value>
         <object_component_ref idref="oc-1ff"/>
      </symbol>
      <symbol id="sm-3d1">
         <name>__aeabi_d2iz</name>
         <value>0x1a05</value>
         <object_component_ref idref="oc-209"/>
      </symbol>
      <symbol id="sm-3f5">
         <name>fmod</name>
         <value>0xc8d</value>
         <object_component_ref idref="oc-1f9"/>
      </symbol>
      <symbol id="sm-401">
         <name>__aeabi_i2d</name>
         <value>0x1c7d</value>
         <object_component_ref idref="oc-20e"/>
      </symbol>
      <symbol id="sm-416">
         <name>_Dnorm</name>
         <value>0x147d</value>
         <object_component_ref idref="oc-229"/>
      </symbol>
      <symbol id="sm-432">
         <name>_Dscale</name>
         <value>0x117d</value>
         <object_component_ref idref="oc-22f"/>
      </symbol>
      <symbol id="sm-441">
         <name>_Feraise</name>
         <value>0x1c4d</value>
         <object_component_ref idref="oc-213"/>
      </symbol>
      <symbol id="sm-449">
         <name>_Errno</name>
         <value>0x20000570</value>
         <object_component_ref idref="oc-241"/>
      </symbol>
      <symbol id="sm-467">
         <name>feraiseexcept</name>
         <value>0x1be9</value>
         <object_component_ref idref="oc-23b"/>
      </symbol>
      <symbol id="sm-468">
         <name>_Tls_setup__Fenv</name>
         <value>0x2000056c</value>
         <object_component_ref idref="oc-25d"/>
      </symbol>
      <symbol id="sm-469">
         <name>_Fenv</name>
         <value>0x20000568</value>
         <object_component_ref idref="oc-25d"/>
      </symbol>
      <symbol id="sm-47d">
         <name>raise</name>
         <value>0x1cab</value>
         <object_component_ref idref="oc-257"/>
      </symbol>
      <symbol id="sm-497">
         <name>signal</name>
         <value>0x1a91</value>
         <object_component_ref idref="oc-269"/>
      </symbol>
      <symbol id="sm-4be">
         <name>GPIOPinTypeGPIOOutput</name>
         <value>0x1dc5</value>
         <object_component_ref idref="oc-ea"/>
      </symbol>
      <symbol id="sm-4bf">
         <name>GPIODirModeSet</name>
         <value>0x1cd9</value>
         <object_component_ref idref="oc-153"/>
      </symbol>
      <symbol id="sm-4c0">
         <name>GPIOPinWrite</name>
         <value>0x1e71</value>
         <object_component_ref idref="oc-15b"/>
      </symbol>
      <symbol id="sm-4c1">
         <name>GPIOPadConfigSet</name>
         <value>0xe01</value>
         <object_component_ref idref="oc-14d"/>
      </symbol>
      <symbol id="sm-4fa">
         <name>SysCtlClockSet</name>
         <value>0x1389</value>
         <object_component_ref idref="oc-d8"/>
      </symbol>
      <symbol id="sm-4fb">
         <name>SysCtlDelay</name>
         <value>0x1e7d</value>
         <object_component_ref idref="oc-148"/>
      </symbol>
      <symbol id="sm-4fc">
         <name>SysCtlPeripheralEnable</name>
         <value>0x1bb5</value>
         <object_component_ref idref="oc-de"/>
      </symbol>
      <symbol id="sm-4fd">
         <name>SysCtlPeripheralReady</name>
         <value>0x1b45</value>
         <object_component_ref idref="oc-e4"/>
      </symbol>
      <symbol id="sm-4ff">
         <name>__TI_static_base__</name>
         <value>0x0</value>
      </symbol>
      <symbol id="sm-502">
         <name>SHT$$INIT_ARRAY$$Limit</name>
         <value>0x0</value>
      </symbol>
      <symbol id="sm-503">
         <name>SHT$$INIT_ARRAY$$Base</name>
         <value>0x0</value>
      </symbol>
   </symbol_table>
   <title>Link successful</title>
</link_info>
