<?xml version="1.0"?>
<link_info>
   <banner>TI ARM Linker PC v5.2.6</banner>
   <copyright>Copyright (c) 1996-2015 Texas Instruments Incorporated</copyright>
   <link_time>0x5af0ad3d</link_time>
   <link_errors>0x0</link_errors>
   <output_file>blinkyAlien.out</output_file>
   <entry_point>
      <name>_c_int00</name>
      <address>0x1519</address>
   </entry_point>
   <input_file_list>
      <input_file id="fl-2">
         <path>.\</path>
         <kind>object</kind>
         <file>XPT2046.obj</file>
         <name>XPT2046.obj</name>
      </input_file>
      <input_file id="fl-3">
         <path>.\</path>
         <kind>object</kind>
         <file>blinky.obj</file>
         <name>blinky.obj</name>
      </input_file>
      <input_file id="fl-4">
         <path>.\</path>
         <kind>object</kind>
         <file>bme280.obj</file>
         <name>bme280.obj</name>
      </input_file>
      <input_file id="fl-5">
         <path>.\</path>
         <kind>object</kind>
         <file>bme280_old.obj</file>
         <name>bme280_old.obj</name>
      </input_file>
      <input_file id="fl-6">
         <path>.\</path>
         <kind>object</kind>
         <file>bmp280.obj</file>
         <name>bmp280.obj</name>
      </input_file>
      <input_file id="fl-7">
         <path>.\</path>
         <kind>object</kind>
         <file>rgb.obj</file>
         <name>rgb.obj</name>
      </input_file>
      <input_file id="fl-8">
         <path>.\</path>
         <kind>object</kind>
         <file>ssd1289.obj</file>
         <name>ssd1289.obj</name>
      </input_file>
      <input_file id="fl-9">
         <path>.\</path>
         <kind>object</kind>
         <file>startup_ccs.obj</file>
         <name>startup_ccs.obj</name>
      </input_file>
      <input_file id="fl-a">
         <path>.\</path>
         <kind>object</kind>
         <file>tm4c123gh6pm_startup_ccs.obj</file>
         <name>tm4c123gh6pm_startup_ccs.obj</name>
      </input_file>
      <input_file id="fl-131">
         <path>C:\ti\ccsv8\tools\compiler\ti-cgt-arm_5.2.6\lib\</path>
         <kind>archive</kind>
         <file>rtsv7M4_T_le_v4SPD16_eabi.lib</file>
         <name>boot.obj</name>
      </input_file>
      <input_file id="fl-132">
         <path>C:\ti\ccsv8\tools\compiler\ti-cgt-arm_5.2.6\lib\</path>
         <kind>archive</kind>
         <file>rtsv7M4_T_le_v4SPD16_eabi.lib</file>
         <name>copy_decompress_none.obj</name>
      </input_file>
      <input_file id="fl-133">
         <path>C:\ti\ccsv8\tools\compiler\ti-cgt-arm_5.2.6\lib\</path>
         <kind>archive</kind>
         <file>rtsv7M4_T_le_v4SPD16_eabi.lib</file>
         <name>copy_decompress_rle.obj</name>
      </input_file>
      <input_file id="fl-134">
         <path>C:\ti\ccsv8\tools\compiler\ti-cgt-arm_5.2.6\lib\</path>
         <kind>archive</kind>
         <file>rtsv7M4_T_le_v4SPD16_eabi.lib</file>
         <name>copy_zero_init.obj</name>
      </input_file>
      <input_file id="fl-135">
         <path>C:\ti\ccsv8\tools\compiler\ti-cgt-arm_5.2.6\lib\</path>
         <kind>archive</kind>
         <file>rtsv7M4_T_le_v4SPD16_eabi.lib</file>
         <name>exit.obj</name>
      </input_file>
      <input_file id="fl-136">
         <path>C:\ti\ccsv8\tools\compiler\ti-cgt-arm_5.2.6\lib\</path>
         <kind>archive</kind>
         <file>rtsv7M4_T_le_v4SPD16_eabi.lib</file>
         <name>fs_toull_t2.obj</name>
      </input_file>
      <input_file id="fl-137">
         <path>C:\ti\ccsv8\tools\compiler\ti-cgt-arm_5.2.6\lib\</path>
         <kind>archive</kind>
         <file>rtsv7M4_T_le_v4SPD16_eabi.lib</file>
         <name>ll_div_t2.obj</name>
      </input_file>
      <input_file id="fl-138">
         <path>C:\ti\ccsv8\tools\compiler\ti-cgt-arm_5.2.6\lib\</path>
         <kind>archive</kind>
         <file>rtsv7M4_T_le_v4SPD16_eabi.lib</file>
         <name>ll_mul_t2.obj</name>
      </input_file>
      <input_file id="fl-139">
         <path>C:\ti\ccsv8\tools\compiler\ti-cgt-arm_5.2.6\lib\</path>
         <kind>archive</kind>
         <file>rtsv7M4_T_le_v4SPD16_eabi.lib</file>
         <name>ll_tofs_t2.obj</name>
      </input_file>
      <input_file id="fl-13a">
         <path>C:\ti\ccsv8\tools\compiler\ti-cgt-arm_5.2.6\lib\</path>
         <kind>archive</kind>
         <file>rtsv7M4_T_le_v4SPD16_eabi.lib</file>
         <name>memcpy_t2.obj</name>
      </input_file>
      <input_file id="fl-13b">
         <path>C:\ti\ccsv8\tools\compiler\ti-cgt-arm_5.2.6\lib\</path>
         <kind>archive</kind>
         <file>rtsv7M4_T_le_v4SPD16_eabi.lib</file>
         <name>memset_t2.obj</name>
      </input_file>
      <input_file id="fl-13c">
         <path>C:\ti\ccsv8\tools\compiler\ti-cgt-arm_5.2.6\lib\</path>
         <kind>archive</kind>
         <file>rtsv7M4_T_le_v4SPD16_eabi.lib</file>
         <name>pre_init.obj</name>
      </input_file>
      <input_file id="fl-13d">
         <path>C:\ti\ccsv8\tools\compiler\ti-cgt-arm_5.2.6\lib\</path>
         <kind>archive</kind>
         <file>rtsv7M4_T_le_v4SPD16_eabi.lib</file>
         <name>stkdepth_vars.obj</name>
      </input_file>
      <input_file id="fl-13e">
         <path>C:\ti\ccsv8\tools\compiler\ti-cgt-arm_5.2.6\lib\</path>
         <kind>archive</kind>
         <file>rtsv7M4_T_le_v4SPD16_eabi.lib</file>
         <name>_lock.obj</name>
      </input_file>
      <input_file id="fl-13f">
         <path>C:\ti\ccsv8\tools\compiler\ti-cgt-arm_5.2.6\lib\</path>
         <kind>archive</kind>
         <file>rtsv7M4_T_le_v4SPD16_eabi.lib</file>
         <name>args_main.obj</name>
      </input_file>
      <input_file id="fl-140">
         <path>C:\ti\ccsv8\tools\compiler\ti-cgt-arm_5.2.6\lib\</path>
         <kind>archive</kind>
         <file>rtsv7M4_T_le_v4SPD16_eabi.lib</file>
         <name>autoinit.obj</name>
      </input_file>
      <input_file id="fl-141">
         <path>C:\ti\ccsv8\tools\compiler\ti-cgt-arm_5.2.6\lib\</path>
         <kind>archive</kind>
         <file>rtsv7M4_T_le_v4SPD16_eabi.lib</file>
         <name>cpy_tbl.obj</name>
      </input_file>
      <input_file id="fl-142">
         <path>C:\ti\ccsv8\tools\compiler\ti-cgt-arm_5.2.6\lib\</path>
         <kind>archive</kind>
         <file>rtsv7M4_T_le_v4SPD16_eabi.lib</file>
         <name>l_div0.obj</name>
      </input_file>
      <input_file id="fl-143">
         <path>C:\ti\TivaWare_C_Series-2.1.4.178\driverlib\ccs\Debug\</path>
         <kind>archive</kind>
         <file>driverlib.lib</file>
         <name>gpio.obj</name>
      </input_file>
      <input_file id="fl-144">
         <path>C:\ti\TivaWare_C_Series-2.1.4.178\driverlib\ccs\Debug\</path>
         <kind>archive</kind>
         <file>driverlib.lib</file>
         <name>i2c.obj</name>
      </input_file>
      <input_file id="fl-145">
         <path>C:\ti\TivaWare_C_Series-2.1.4.178\driverlib\ccs\Debug\</path>
         <kind>archive</kind>
         <file>driverlib.lib</file>
         <name>interrupt.obj</name>
      </input_file>
      <input_file id="fl-146">
         <path>C:\ti\TivaWare_C_Series-2.1.4.178\driverlib\ccs\Debug\</path>
         <kind>archive</kind>
         <file>driverlib.lib</file>
         <name>ssi.obj</name>
      </input_file>
      <input_file id="fl-147">
         <path>C:\ti\TivaWare_C_Series-2.1.4.178\driverlib\ccs\Debug\</path>
         <kind>archive</kind>
         <file>driverlib.lib</file>
         <name>sysctl.obj</name>
      </input_file>
      <input_file id="fl-148">
         <path>C:\ti\TivaWare_C_Series-2.1.4.178\driverlib\ccs\Debug\</path>
         <kind>archive</kind>
         <file>driverlib.lib</file>
         <name>cpu.obj</name>
      </input_file>
   </input_file_list>
   <object_component_list>
      <object_component id="oc-f">
         <name>.intvecs</name>
         <load_address>0x0</load_address>
         <run_address>0x0</run_address>
         <size>0x26c</size>
         <input_file_ref idref="fl-a"/>
      </object_component>
      <object_component id="oc-1c2">
         <name>.text</name>
         <load_address>0x26c</load_address>
         <run_address>0x26c</run_address>
         <size>0x21e</size>
         <input_file_ref idref="fl-137"/>
      </object_component>
      <object_component id="oc-36">
         <name>.text:FaultISR</name>
         <load_address>0x48a</load_address>
         <run_address>0x48a</run_address>
         <size>0x2</size>
         <input_file_ref idref="fl-a"/>
      </object_component>
      <object_component id="oc-f0">
         <name>.text:LCD_init</name>
         <load_address>0x48c</load_address>
         <run_address>0x48c</run_address>
         <size>0x1f8</size>
         <input_file_ref idref="fl-8"/>
      </object_component>
      <object_component id="oc-11a">
         <name>.text:readPressure</name>
         <load_address>0x684</load_address>
         <run_address>0x684</run_address>
         <size>0x1d8</size>
         <input_file_ref idref="fl-6"/>
      </object_component>
      <object_component id="oc-b2">
         <name>.text:main</name>
         <load_address>0x85c</load_address>
         <run_address>0x85c</run_address>
         <size>0x188</size>
         <input_file_ref idref="fl-3"/>
      </object_component>
      <object_component id="oc-14f">
         <name>.text:GPIOPadConfigSet</name>
         <load_address>0x9e4</load_address>
         <run_address>0x9e4</run_address>
         <size>0x132</size>
         <input_file_ref idref="fl-143"/>
      </object_component>
      <object_component id="oc-3c">
         <name>.text:IntDefaultHandler</name>
         <load_address>0xb16</load_address>
         <run_address>0xb16</run_address>
         <size>0x2</size>
         <input_file_ref idref="fl-a"/>
      </object_component>
      <object_component id="oc-195">
         <name>.text:SysCtlClockGet</name>
         <load_address>0xb18</load_address>
         <run_address>0xb18</run_address>
         <size>0x110</size>
         <input_file_ref idref="fl-147"/>
      </object_component>
      <object_component id="oc-120">
         <name>.text:print_sensor_data</name>
         <load_address>0xc28</load_address>
         <run_address>0xc28</run_address>
         <size>0x10a</size>
         <input_file_ref idref="fl-3"/>
      </object_component>
      <object_component id="oc-30">
         <name>.text:NmiSR</name>
         <load_address>0xd32</load_address>
         <run_address>0xd32</run_address>
         <size>0x2</size>
         <input_file_ref idref="fl-a"/>
      </object_component>
      <object_component id="oc-d8">
         <name>.text:SysCtlClockSet</name>
         <load_address>0xd34</load_address>
         <run_address>0xd34</run_address>
         <size>0xf4</size>
         <input_file_ref idref="fl-147"/>
      </object_component>
      <object_component id="oc-108">
         <name>.text:calibration</name>
         <load_address>0xe28</load_address>
         <run_address>0xe28</run_address>
         <size>0xbc</size>
         <input_file_ref idref="fl-6"/>
      </object_component>
      <object_component id="oc-114">
         <name>.text:readHumidity</name>
         <load_address>0xee4</load_address>
         <run_address>0xee4</run_address>
         <size>0xb8</size>
         <input_file_ref idref="fl-6"/>
      </object_component>
      <object_component id="oc-229">
         <name>.text:bmp_i2cReadData</name>
         <load_address>0xf9c</load_address>
         <run_address>0xf9c</run_address>
         <size>0xa8</size>
         <input_file_ref idref="fl-6"/>
      </object_component>
      <object_component id="oc-1df">
         <name>.text:drawLine</name>
         <load_address>0x1044</load_address>
         <run_address>0x1044</run_address>
         <size>0xa0</size>
         <input_file_ref idref="fl-8"/>
      </object_component>
      <object_component id="oc-45">
         <name>.text</name>
         <load_address>0x10e4</load_address>
         <run_address>0x10e4</run_address>
         <size>0x9c</size>
         <input_file_ref idref="fl-13a"/>
      </object_component>
      <object_component id="oc-5e">
         <name>.text</name>
         <load_address>0x1180</load_address>
         <run_address>0x1180</run_address>
         <size>0x7a</size>
         <input_file_ref idref="fl-13b"/>
      </object_component>
      <object_component id="oc-239">
         <name>.text</name>
         <load_address>0x11fa</load_address>
         <run_address>0x11fa</run_address>
         <size>0x2</size>
         <input_file_ref idref="fl-142"/>
      </object_component>
      <object_component id="oc-102">
         <name>.text:bmp_initI2C</name>
         <load_address>0x11fc</load_address>
         <run_address>0x11fc</run_address>
         <size>0x6c</size>
         <input_file_ref idref="fl-6"/>
      </object_component>
      <object_component id="oc-10e">
         <name>.text:bmp_readTemperature</name>
         <load_address>0x1268</load_address>
         <run_address>0x1268</run_address>
         <size>0x6c</size>
         <input_file_ref idref="fl-6"/>
      </object_component>
      <object_component id="oc-70">
         <name>.text</name>
         <load_address>0x12d4</load_address>
         <run_address>0x12d4</run_address>
         <size>0x6c</size>
         <input_file_ref idref="fl-140"/>
      </object_component>
      <object_component id="oc-51">
         <name>.text</name>
         <load_address>0x1340</load_address>
         <run_address>0x1340</run_address>
         <size>0x6a</size>
         <input_file_ref idref="fl-133"/>
      </object_component>
      <object_component id="oc-220">
         <name>.text:bmp_i2cRead</name>
         <load_address>0x13ac</load_address>
         <run_address>0x13ac</run_address>
         <size>0x64</size>
         <input_file_ref idref="fl-6"/>
      </object_component>
      <object_component id="oc-f6">
         <name>.text:LCD_fillScr</name>
         <load_address>0x1410</load_address>
         <run_address>0x1410</run_address>
         <size>0x5c</size>
         <input_file_ref idref="fl-8"/>
      </object_component>
      <object_component id="oc-246">
         <name>.text:ssd1289_char</name>
         <load_address>0x146c</load_address>
         <run_address>0x146c</run_address>
         <size>0x58</size>
         <input_file_ref idref="fl-8"/>
      </object_component>
      <object_component id="oc-1cd">
         <name>.text:itoa</name>
         <load_address>0x14c4</load_address>
         <run_address>0x14c4</run_address>
         <size>0x54</size>
         <input_file_ref idref="fl-3"/>
      </object_component>
      <object_component id="oc-24">
         <name>.text</name>
         <load_address>0x1518</load_address>
         <run_address>0x1518</run_address>
         <size>0x50</size>
         <input_file_ref idref="fl-131"/>
      </object_component>
      <object_component id="oc-19b">
         <name>.text:I2CMasterInitExpClk</name>
         <load_address>0x1568</load_address>
         <run_address>0x1568</run_address>
         <size>0x4c</size>
         <input_file_ref idref="fl-144"/>
      </object_component>
      <object_component id="oc-176">
         <name>.text:LCD_Writ_Bus</name>
         <load_address>0x15b4</load_address>
         <run_address>0x15b4</run_address>
         <size>0x4c</size>
         <input_file_ref idref="fl-8"/>
      </object_component>
      <object_component id="oc-aa">
         <name>.text</name>
         <load_address>0x1600</load_address>
         <run_address>0x1600</run_address>
         <size>0x4c</size>
         <input_file_ref idref="fl-141"/>
      </object_component>
      <object_component id="oc-183">
         <name>.text:GPIOPinConfigure</name>
         <load_address>0x164c</load_address>
         <run_address>0x164c</run_address>
         <size>0x48</size>
         <input_file_ref idref="fl-143"/>
      </object_component>
      <object_component id="oc-1c7">
         <name>.text</name>
         <load_address>0x1694</load_address>
         <run_address>0x1694</run_address>
         <size>0x48</size>
         <input_file_ref idref="fl-139"/>
      </object_component>
      <object_component id="oc-7c">
         <name>.text</name>
         <load_address>0x16dc</load_address>
         <run_address>0x16dc</run_address>
         <size>0x44</size>
         <input_file_ref idref="fl-135"/>
      </object_component>
      <object_component id="oc-204">
         <name>.text:LCD_setXY</name>
         <load_address>0x1720</load_address>
         <run_address>0x1720</run_address>
         <size>0x3c</size>
         <input_file_ref idref="fl-8"/>
      </object_component>
      <object_component id="oc-169">
         <name>.text:LCD_Write_COM</name>
         <load_address>0x175c</load_address>
         <run_address>0x175c</run_address>
         <size>0x38</size>
         <input_file_ref idref="fl-8"/>
      </object_component>
      <object_component id="oc-e4">
         <name>.text:SysCtlPeripheralReady</name>
         <load_address>0x1794</load_address>
         <run_address>0x1794</run_address>
         <size>0x38</size>
         <input_file_ref idref="fl-147"/>
      </object_component>
      <object_component id="oc-de">
         <name>.text:SysCtlPeripheralEnable</name>
         <load_address>0x17cc</load_address>
         <run_address>0x17cc</run_address>
         <size>0x34</size>
         <input_file_ref idref="fl-147"/>
      </object_component>
      <object_component id="oc-24d">
         <name>.text:drawPixel</name>
         <load_address>0x1800</load_address>
         <run_address>0x1800</run_address>
         <size>0x30</size>
         <input_file_ref idref="fl-8"/>
      </object_component>
      <object_component id="oc-155">
         <name>.text:GPIODirModeSet</name>
         <load_address>0x1830</load_address>
         <run_address>0x1830</run_address>
         <size>0x2a</size>
         <input_file_ref idref="fl-143"/>
      </object_component>
      <object_component id="oc-1d3">
         <name>.text:concat</name>
         <load_address>0x185a</load_address>
         <run_address>0x185a</run_address>
         <size>0x26</size>
         <input_file_ref idref="fl-3"/>
      </object_component>
      <object_component id="oc-1b4">
         <name>.text:read24</name>
         <load_address>0x1880</load_address>
         <run_address>0x1880</run_address>
         <size>0x24</size>
         <input_file_ref idref="fl-6"/>
      </object_component>
      <object_component id="oc-1d9">
         <name>.text:ssd1289_string</name>
         <load_address>0x18a4</load_address>
         <run_address>0x18a4</run_address>
         <size>0x24</size>
         <input_file_ref idref="fl-8"/>
      </object_component>
      <object_component id="oc-1fc">
         <name>.text:LCD_Write_DATA</name>
         <load_address>0x18c8</load_address>
         <run_address>0x18c8</run_address>
         <size>0x20</size>
         <input_file_ref idref="fl-8"/>
      </object_component>
      <object_component id="oc-fc">
         <name>.text:setColor</name>
         <load_address>0x18e8</load_address>
         <run_address>0x18e8</run_address>
         <size>0x20</size>
         <input_file_ref idref="fl-8"/>
      </object_component>
      <object_component id="oc-1aa">
         <name>.text:read16_LE</name>
         <load_address>0x1908</load_address>
         <run_address>0x1908</run_address>
         <size>0x1e</size>
         <input_file_ref idref="fl-6"/>
      </object_component>
      <object_component id="oc-ea">
         <name>.text:GPIOPinTypeGPIOOutput</name>
         <load_address>0x1926</load_address>
         <run_address>0x1926</run_address>
         <size>0x18</size>
         <input_file_ref idref="fl-143"/>
      </object_component>
      <object_component id="oc-76">
         <name>.text</name>
         <load_address>0x1940</load_address>
         <run_address>0x1940</run_address>
         <size>0x18</size>
         <input_file_ref idref="fl-13f"/>
      </object_component>
      <object_component id="oc-1bd">
         <name>.text</name>
         <load_address>0x1958</load_address>
         <run_address>0x1958</run_address>
         <size>0x18</size>
         <input_file_ref idref="fl-138"/>
      </object_component>
      <object_component id="oc-28a">
         <name>.text:setPixel</name>
         <load_address>0x1970</load_address>
         <run_address>0x1970</run_address>
         <size>0x16</size>
         <input_file_ref idref="fl-8"/>
      </object_component>
      <object_component id="oc-163">
         <name>.text:LCD_Write_COM_DATA</name>
         <load_address>0x1986</load_address>
         <run_address>0x1986</run_address>
         <size>0x14</size>
         <input_file_ref idref="fl-8"/>
      </object_component>
      <object_component id="oc-136">
         <name>.text</name>
         <load_address>0x199c</load_address>
         <run_address>0x199c</run_address>
         <size>0x14</size>
         <input_file_ref idref="fl-13e"/>
      </object_component>
      <object_component id="oc-253">
         <name>.text:sign</name>
         <load_address>0x19b0</load_address>
         <run_address>0x19b0</run_address>
         <size>0x14</size>
         <input_file_ref idref="fl-8"/>
      </object_component>
      <object_component id="oc-18f">
         <name>.text:GPIOPinTypeI2C</name>
         <load_address>0x19c4</load_address>
         <run_address>0x19c4</run_address>
         <size>0x12</size>
         <input_file_ref idref="fl-143"/>
      </object_component>
      <object_component id="oc-189">
         <name>.text:GPIOPinTypeI2CSCL</name>
         <load_address>0x19d6</load_address>
         <run_address>0x19d6</run_address>
         <size>0x12</size>
         <input_file_ref idref="fl-143"/>
      </object_component>
      <object_component id="oc-170">
         <name>.text:LCD_clrXY</name>
         <load_address>0x19e8</load_address>
         <run_address>0x19e8</run_address>
         <size>0xe</size>
         <input_file_ref idref="fl-8"/>
      </object_component>
      <object_component id="oc-12">
         <name>.text:decompress:none</name>
         <load_address>0x19f6</load_address>
         <run_address>0x19f6</run_address>
         <size>0xe</size>
         <input_file_ref idref="fl-132"/>
      </object_component>
      <object_component id="oc-1e">
         <name>.text:decompress:ZI</name>
         <load_address>0x1a04</load_address>
         <run_address>0x1a04</run_address>
         <size>0xc</size>
         <input_file_ref idref="fl-134"/>
      </object_component>
      <object_component id="oc-218">
         <name>.text:I2CMasterEnable</name>
         <load_address>0x1a10</load_address>
         <run_address>0x1a10</run_address>
         <size>0xa</size>
         <input_file_ref idref="fl-144"/>
      </object_component>
      <object_component id="oc-275">
         <name>.text:I2CMasterBusy</name>
         <load_address>0x1a1a</load_address>
         <run_address>0x1a1a</run_address>
         <size>0x8</size>
         <input_file_ref idref="fl-144"/>
      </object_component>
      <object_component id="oc-263">
         <name>.text:I2CMasterSlaveAddrSet</name>
         <load_address>0x1a22</load_address>
         <run_address>0x1a22</run_address>
         <size>0x8</size>
         <input_file_ref idref="fl-144"/>
      </object_component>
      <object_component id="oc-1a1">
         <name>.text:read8</name>
         <load_address>0x1a2a</load_address>
         <run_address>0x1a2a</run_address>
         <size>0x8</size>
         <input_file_ref idref="fl-6"/>
      </object_component>
      <object_component id="oc-15d">
         <name>.text:GPIOPinWrite</name>
         <load_address>0x1a32</load_address>
         <run_address>0x1a32</run_address>
         <size>0x6</size>
         <input_file_ref idref="fl-143"/>
      </object_component>
      <object_component id="oc-2a">
         <name>.text:ResetISR</name>
         <load_address>0x1a38</load_address>
         <run_address>0x1a38</run_address>
         <size>0x6</size>
         <input_file_ref idref="fl-a"/>
      </object_component>
      <object_component id="oc-126">
         <name>.text:SysCtlDelay</name>
         <load_address>0x1a3e</load_address>
         <run_address>0x1a3e</run_address>
         <size>0x6</size>
         <input_file_ref idref="fl-147"/>
      </object_component>
      <object_component id="oc-18">
         <name>.text:decompress:rle24</name>
         <load_address>0x1a44</load_address>
         <run_address>0x1a44</run_address>
         <size>0x6</size>
         <input_file_ref idref="fl-133"/>
      </object_component>
      <object_component id="oc-26f">
         <name>.text:I2CMasterControl</name>
         <load_address>0x1a4a</load_address>
         <run_address>0x1a4a</run_address>
         <size>0x4</size>
         <input_file_ref idref="fl-144"/>
      </object_component>
      <object_component id="oc-27b">
         <name>.text:I2CMasterDataGet</name>
         <load_address>0x1a4e</load_address>
         <run_address>0x1a4e</run_address>
         <size>0x4</size>
         <input_file_ref idref="fl-144"/>
      </object_component>
      <object_component id="oc-269">
         <name>.text:I2CMasterDataPut</name>
         <load_address>0x1a52</load_address>
         <run_address>0x1a52</run_address>
         <size>0x4</size>
         <input_file_ref idref="fl-144"/>
      </object_component>
      <object_component id="oc-6a">
         <name>.text</name>
         <load_address>0x1a56</load_address>
         <run_address>0x1a56</run_address>
         <size>0x4</size>
         <input_file_ref idref="fl-13c"/>
      </object_component>
      <object_component id="oc-286">
         <name>.const:font_ascii</name>
         <load_address>0x1a5c</load_address>
         <run_address>0x1a5c</run_address>
         <size>0x5f0</size>
         <input_file_ref idref="fl-8"/>
      </object_component>
      <object_component id="oc-20e">
         <name>.const:g_pui32GPIOBaseAddrs</name>
         <load_address>0x204c</load_address>
         <run_address>0x204c</run_address>
         <size>0x90</size>
         <input_file_ref idref="fl-143"/>
      </object_component>
      <object_component id="oc-214">
         <name>.const:g_pui32Xtals</name>
         <load_address>0x20dc</load_address>
         <run_address>0x20dc</run_address>
         <size>0x6c</size>
         <input_file_ref idref="fl-147"/>
      </object_component>
      <object_component id="oc-241">
         <name>.const:.string</name>
         <load_address>0x2148</load_address>
         <run_address>0x2148</run_address>
         <size>0xb</size>
         <input_file_ref idref="fl-3"/>
      </object_component>
      <object_component id="oc-2bd">
         <name>.cinit..data.load</name>
         <load_address>0x2158</load_address>
         <run_address>0x2158</run_address>
         <size>0xf</size>
      </object_component>
      <object_component id="oc-2bb">
         <name>__TI_handler_table</name>
         <load_address>0x2168</load_address>
         <run_address>0x2168</run_address>
         <size>0xc</size>
      </object_component>
      <object_component id="oc-2be">
         <name>.cinit..bss.load</name>
         <load_address>0x2178</load_address>
         <run_address>0x2178</run_address>
         <size>0x8</size>
      </object_component>
      <object_component id="oc-2bc">
         <name>__TI_cinit_table</name>
         <load_address>0x2180</load_address>
         <run_address>0x2180</run_address>
         <size>0x10</size>
      </object_component>
      <object_component id="oc-29">
         <name>.stack</name>
         <uninitialized>true</uninitialized>
         <run_address>0x20000000</run_address>
         <size>0x0</size>
         <input_file_ref idref="fl-131"/>
      </object_component>
      <object_component id="oc-2bf">
         <name>.stack</name>
         <uninitialized>true</uninitialized>
         <run_address>0x20000000</run_address>
         <size>0x0</size>
      </object_component>
      <object_component id="oc-1b0">
         <name>.bss:cal_data</name>
         <uninitialized>true</uninitialized>
         <run_address>0x20000200</run_address>
         <size>0x24</size>
         <input_file_ref idref="fl-6"/>
      </object_component>
      <object_component id="oc-17f">
         <name>.common:fcolorr</name>
         <uninitialized>true</uninitialized>
         <run_address>0x2000022a</run_address>
         <size>0x1</size>
      </object_component>
      <object_component id="oc-180">
         <name>.common:fcolorg</name>
         <uninitialized>true</uninitialized>
         <run_address>0x20000229</run_address>
         <size>0x1</size>
      </object_component>
      <object_component id="oc-181">
         <name>.common:fcolorb</name>
         <uninitialized>true</uninitialized>
         <run_address>0x20000228</run_address>
         <size>0x1</size>
      </object_component>
      <object_component id="oc-1ba">
         <name>.common:t_fine</name>
         <uninitialized>true</uninitialized>
         <run_address>0x20000224</run_address>
         <size>0x4</size>
      </object_component>
      <object_component id="oc-bd">
         <name>.data</name>
         <load_address>0x20000234</load_address>
         <run_address>0x20000234</run_address>
         <size>0x8</size>
         <input_file_ref idref="fl-135"/>
      </object_component>
      <object_component id="oc-82">
         <name>.data</name>
         <load_address>0x2000023c</load_address>
         <run_address>0x2000023c</run_address>
         <size>0x4</size>
         <input_file_ref idref="fl-13d"/>
      </object_component>
      <object_component id="oc-ba">
         <name>.data</name>
         <load_address>0x2000022c</load_address>
         <run_address>0x2000022c</run_address>
         <size>0x8</size>
         <input_file_ref idref="fl-13e"/>
      </object_component>
      <object_component id="oc-c5">
         <name>.debug_info</name>
         <load_address>0x0</load_address>
         <run_address>0x0</run_address>
         <size>0x8b</size>
         <input_file_ref idref="fl-2"/>
      </object_component>
      <object_component id="oc-91">
         <name>.debug_info</name>
         <load_address>0x8b</load_address>
         <run_address>0x8b</run_address>
         <size>0x18b</size>
         <input_file_ref idref="fl-2"/>
      </object_component>
      <object_component id="oc-128">
         <name>.debug_info</name>
         <load_address>0x216</load_address>
         <run_address>0x216</run_address>
         <size>0x542</size>
         <input_file_ref idref="fl-3"/>
      </object_component>
      <object_component id="oc-242">
         <name>.debug_info</name>
         <load_address>0x758</load_address>
         <run_address>0x758</run_address>
         <size>0xc4</size>
         <input_file_ref idref="fl-3"/>
      </object_component>
      <object_component id="oc-1d4">
         <name>.debug_info</name>
         <load_address>0x81c</load_address>
         <run_address>0x81c</run_address>
         <size>0x139</size>
         <input_file_ref idref="fl-3"/>
      </object_component>
      <object_component id="oc-1ce">
         <name>.debug_info</name>
         <load_address>0x955</load_address>
         <run_address>0x955</run_address>
         <size>0x160</size>
         <input_file_ref idref="fl-3"/>
      </object_component>
      <object_component id="oc-121">
         <name>.debug_info</name>
         <load_address>0xab5</load_address>
         <run_address>0xab5</run_address>
         <size>0x263</size>
         <input_file_ref idref="fl-3"/>
      </object_component>
      <object_component id="oc-b3">
         <name>.debug_info</name>
         <load_address>0xd18</load_address>
         <run_address>0xd18</run_address>
         <size>0x3a7</size>
         <input_file_ref idref="fl-3"/>
      </object_component>
      <object_component id="oc-12a">
         <name>.debug_info</name>
         <load_address>0x10bf</load_address>
         <run_address>0x10bf</run_address>
         <size>0x3c2</size>
         <input_file_ref idref="fl-3"/>
      </object_component>
      <object_component id="oc-1e8">
         <name>.debug_info</name>
         <load_address>0x1481</load_address>
         <run_address>0x1481</run_address>
         <size>0x53</size>
         <input_file_ref idref="fl-3"/>
      </object_component>
      <object_component id="oc-a1">
         <name>.debug_info</name>
         <load_address>0x14d4</load_address>
         <run_address>0x14d4</run_address>
         <size>0x2c</size>
         <input_file_ref idref="fl-3"/>
      </object_component>
      <object_component id="oc-8c">
         <name>.debug_info</name>
         <load_address>0x1500</load_address>
         <run_address>0x1500</run_address>
         <size>0x84</size>
         <input_file_ref idref="fl-5"/>
      </object_component>
      <object_component id="oc-1a8">
         <name>.debug_info</name>
         <load_address>0x1584</load_address>
         <run_address>0x1584</run_address>
         <size>0x396</size>
         <input_file_ref idref="fl-6"/>
      </object_component>
      <object_component id="oc-1b1">
         <name>.debug_info</name>
         <load_address>0x191a</load_address>
         <run_address>0x191a</run_address>
         <size>0xc7</size>
         <input_file_ref idref="fl-6"/>
      </object_component>
      <object_component id="oc-22a">
         <name>.debug_info</name>
         <load_address>0x19e1</load_address>
         <run_address>0x19e1</run_address>
         <size>0x2cb</size>
         <input_file_ref idref="fl-6"/>
      </object_component>
      <object_component id="oc-1ab">
         <name>.debug_info</name>
         <load_address>0x1cac</load_address>
         <run_address>0x1cac</run_address>
         <size>0x137</size>
         <input_file_ref idref="fl-6"/>
      </object_component>
      <object_component id="oc-1b5">
         <name>.debug_info</name>
         <load_address>0x1de3</load_address>
         <run_address>0x1de3</run_address>
         <size>0x131</size>
         <input_file_ref idref="fl-6"/>
      </object_component>
      <object_component id="oc-11b">
         <name>.debug_info</name>
         <load_address>0x1f14</load_address>
         <run_address>0x1f14</run_address>
         <size>0x259</size>
         <input_file_ref idref="fl-6"/>
      </object_component>
      <object_component id="oc-115">
         <name>.debug_info</name>
         <load_address>0x216d</load_address>
         <run_address>0x216d</run_address>
         <size>0x15c</size>
         <input_file_ref idref="fl-6"/>
      </object_component>
      <object_component id="oc-222">
         <name>.debug_info</name>
         <load_address>0x22c9</load_address>
         <run_address>0x22c9</run_address>
         <size>0x1fd</size>
         <input_file_ref idref="fl-6"/>
      </object_component>
      <object_component id="oc-1a2">
         <name>.debug_info</name>
         <load_address>0x24c6</load_address>
         <run_address>0x24c6</run_address>
         <size>0x11a</size>
         <input_file_ref idref="fl-6"/>
      </object_component>
      <object_component id="oc-10a">
         <name>.debug_info</name>
         <load_address>0x25e0</load_address>
         <run_address>0x25e0</run_address>
         <size>0x22a</size>
         <input_file_ref idref="fl-6"/>
      </object_component>
      <object_component id="oc-10f">
         <name>.debug_info</name>
         <load_address>0x280a</load_address>
         <run_address>0x280a</run_address>
         <size>0x14f</size>
         <input_file_ref idref="fl-6"/>
      </object_component>
      <object_component id="oc-103">
         <name>.debug_info</name>
         <load_address>0x2959</load_address>
         <run_address>0x2959</run_address>
         <size>0x213</size>
         <input_file_ref idref="fl-6"/>
      </object_component>
      <object_component id="oc-232">
         <name>.debug_info</name>
         <load_address>0x2b6c</load_address>
         <run_address>0x2b6c</run_address>
         <size>0x1ac</size>
         <input_file_ref idref="fl-6"/>
      </object_component>
      <object_component id="oc-17d">
         <name>.debug_info</name>
         <load_address>0x2d18</load_address>
         <run_address>0x2d18</run_address>
         <size>0x224</size>
         <input_file_ref idref="fl-8"/>
      </object_component>
      <object_component id="oc-287">
         <name>.debug_info</name>
         <load_address>0x2f3c</load_address>
         <run_address>0x2f3c</run_address>
         <size>0xcd</size>
         <input_file_ref idref="fl-8"/>
      </object_component>
      <object_component id="oc-177">
         <name>.debug_info</name>
         <load_address>0x3009</load_address>
         <run_address>0x3009</run_address>
         <size>0x186</size>
         <input_file_ref idref="fl-8"/>
      </object_component>
      <object_component id="oc-16a">
         <name>.debug_info</name>
         <load_address>0x318f</load_address>
         <run_address>0x318f</run_address>
         <size>0x168</size>
         <input_file_ref idref="fl-8"/>
      </object_component>
      <object_component id="oc-1fd">
         <name>.debug_info</name>
         <load_address>0x32f7</load_address>
         <run_address>0x32f7</run_address>
         <size>0x144</size>
         <input_file_ref idref="fl-8"/>
      </object_component>
      <object_component id="oc-164">
         <name>.debug_info</name>
         <load_address>0x343b</load_address>
         <run_address>0x343b</run_address>
         <size>0x168</size>
         <input_file_ref idref="fl-8"/>
      </object_component>
      <object_component id="oc-205">
         <name>.debug_info</name>
         <load_address>0x35a3</load_address>
         <run_address>0x35a3</run_address>
         <size>0x1e6</size>
         <input_file_ref idref="fl-8"/>
      </object_component>
      <object_component id="oc-28b">
         <name>.debug_info</name>
         <load_address>0x3789</load_address>
         <run_address>0x3789</run_address>
         <size>0x14a</size>
         <input_file_ref idref="fl-8"/>
      </object_component>
      <object_component id="oc-171">
         <name>.debug_info</name>
         <load_address>0x38d3</load_address>
         <run_address>0x38d3</run_address>
         <size>0x105</size>
         <input_file_ref idref="fl-8"/>
      </object_component>
      <object_component id="oc-24e">
         <name>.debug_info</name>
         <load_address>0x39d8</load_address>
         <run_address>0x39d8</run_address>
         <size>0x155</size>
         <input_file_ref idref="fl-8"/>
      </object_component>
      <object_component id="oc-247">
         <name>.debug_info</name>
         <load_address>0x3b2d</load_address>
         <run_address>0x3b2d</run_address>
         <size>0x191</size>
         <input_file_ref idref="fl-8"/>
      </object_component>
      <object_component id="oc-1da">
         <name>.debug_info</name>
         <load_address>0x3cbe</load_address>
         <run_address>0x3cbe</run_address>
         <size>0x190</size>
         <input_file_ref idref="fl-8"/>
      </object_component>
      <object_component id="oc-254">
         <name>.debug_info</name>
         <load_address>0x3e4e</load_address>
         <run_address>0x3e4e</run_address>
         <size>0x10a</size>
         <input_file_ref idref="fl-8"/>
      </object_component>
      <object_component id="oc-fd">
         <name>.debug_info</name>
         <load_address>0x3f58</load_address>
         <run_address>0x3f58</run_address>
         <size>0x13a</size>
         <input_file_ref idref="fl-8"/>
      </object_component>
      <object_component id="oc-1e0">
         <name>.debug_info</name>
         <load_address>0x4092</load_address>
         <run_address>0x4092</run_address>
         <size>0x207</size>
         <input_file_ref idref="fl-8"/>
      </object_component>
      <object_component id="oc-f1">
         <name>.debug_info</name>
         <load_address>0x4299</load_address>
         <run_address>0x4299</run_address>
         <size>0x5ab</size>
         <input_file_ref idref="fl-8"/>
      </object_component>
      <object_component id="oc-f7">
         <name>.debug_info</name>
         <load_address>0x4844</load_address>
         <run_address>0x4844</run_address>
         <size>0x1b6</size>
         <input_file_ref idref="fl-8"/>
      </object_component>
      <object_component id="oc-44">
         <name>.debug_info</name>
         <load_address>0x49fa</load_address>
         <run_address>0x49fa</run_address>
         <size>0xfc</size>
         <input_file_ref idref="fl-a"/>
      </object_component>
      <object_component id="oc-10">
         <name>.debug_info</name>
         <load_address>0x4af6</load_address>
         <run_address>0x4af6</run_address>
         <size>0xe1</size>
         <input_file_ref idref="fl-a"/>
      </object_component>
      <object_component id="oc-2b">
         <name>.debug_info</name>
         <load_address>0x4bd7</load_address>
         <run_address>0x4bd7</run_address>
         <size>0x12b</size>
         <input_file_ref idref="fl-a"/>
      </object_component>
      <object_component id="oc-31">
         <name>.debug_info</name>
         <load_address>0x4d02</load_address>
         <run_address>0x4d02</run_address>
         <size>0x11c</size>
         <input_file_ref idref="fl-a"/>
      </object_component>
      <object_component id="oc-3d">
         <name>.debug_info</name>
         <load_address>0x4e1e</load_address>
         <run_address>0x4e1e</run_address>
         <size>0x134</size>
         <input_file_ref idref="fl-a"/>
      </object_component>
      <object_component id="oc-37">
         <name>.debug_info</name>
         <load_address>0x4f52</load_address>
         <run_address>0x4f52</run_address>
         <size>0x122</size>
         <input_file_ref idref="fl-a"/>
      </object_component>
      <object_component id="oc-27">
         <name>.debug_info</name>
         <load_address>0x5074</load_address>
         <run_address>0x5074</run_address>
         <size>0x134</size>
         <input_file_ref idref="fl-131"/>
      </object_component>
      <object_component id="oc-50">
         <name>.debug_info</name>
         <load_address>0x51a8</load_address>
         <run_address>0x51a8</run_address>
         <size>0x121</size>
         <input_file_ref idref="fl-132"/>
      </object_component>
      <object_component id="oc-13">
         <name>.debug_info</name>
         <load_address>0x52c9</load_address>
         <run_address>0x52c9</run_address>
         <size>0x1c0</size>
         <input_file_ref idref="fl-132"/>
      </object_component>
      <object_component id="oc-4b">
         <name>.debug_info</name>
         <load_address>0x5489</load_address>
         <run_address>0x5489</run_address>
         <size>0x46</size>
         <input_file_ref idref="fl-132"/>
      </object_component>
      <object_component id="oc-97">
         <name>.debug_info</name>
         <load_address>0x54cf</load_address>
         <run_address>0x54cf</run_address>
         <size>0x2c</size>
         <input_file_ref idref="fl-132"/>
      </object_component>
      <object_component id="oc-58">
         <name>.debug_info</name>
         <load_address>0x54fb</load_address>
         <run_address>0x54fb</run_address>
         <size>0x115</size>
         <input_file_ref idref="fl-133"/>
      </object_component>
      <object_component id="oc-55">
         <name>.debug_info</name>
         <load_address>0x5610</load_address>
         <run_address>0x5610</run_address>
         <size>0x228</size>
         <input_file_ref idref="fl-133"/>
      </object_component>
      <object_component id="oc-1a">
         <name>.debug_info</name>
         <load_address>0x5838</load_address>
         <run_address>0x5838</run_address>
         <size>0x192</size>
         <input_file_ref idref="fl-133"/>
      </object_component>
      <object_component id="oc-59">
         <name>.debug_info</name>
         <load_address>0x59ca</load_address>
         <run_address>0x59ca</run_address>
         <size>0x39</size>
         <input_file_ref idref="fl-133"/>
      </object_component>
      <object_component id="oc-69">
         <name>.debug_info</name>
         <load_address>0x5a03</load_address>
         <run_address>0x5a03</run_address>
         <size>0x110</size>
         <input_file_ref idref="fl-134"/>
      </object_component>
      <object_component id="oc-22">
         <name>.debug_info</name>
         <load_address>0x5b13</load_address>
         <run_address>0x5b13</run_address>
         <size>0x18b</size>
         <input_file_ref idref="fl-134"/>
      </object_component>
      <object_component id="oc-64">
         <name>.debug_info</name>
         <load_address>0x5c9e</load_address>
         <run_address>0x5c9e</run_address>
         <size>0x46</size>
         <input_file_ref idref="fl-134"/>
      </object_component>
      <object_component id="oc-c1">
         <name>.debug_info</name>
         <load_address>0x5ce4</load_address>
         <run_address>0x5ce4</run_address>
         <size>0x172</size>
         <input_file_ref idref="fl-135"/>
      </object_component>
      <object_component id="oc-be">
         <name>.debug_info</name>
         <load_address>0x5e56</load_address>
         <run_address>0x5e56</run_address>
         <size>0x117</size>
         <input_file_ref idref="fl-135"/>
      </object_component>
      <object_component id="oc-7e">
         <name>.debug_info</name>
         <load_address>0x5f6d</load_address>
         <run_address>0x5f6d</run_address>
         <size>0x1ee</size>
         <input_file_ref idref="fl-135"/>
      </object_component>
      <object_component id="oc-1c3">
         <name>.debug_info</name>
         <load_address>0x615b</load_address>
         <run_address>0x615b</run_address>
         <size>0x11f</size>
         <input_file_ref idref="fl-137"/>
      </object_component>
      <object_component id="oc-1be">
         <name>.debug_info</name>
         <load_address>0x627a</load_address>
         <run_address>0x627a</run_address>
         <size>0xff</size>
         <input_file_ref idref="fl-138"/>
      </object_component>
      <object_component id="oc-1ca">
         <name>.debug_info</name>
         <load_address>0x6379</load_address>
         <run_address>0x6379</run_address>
         <size>0x107</size>
         <input_file_ref idref="fl-139"/>
      </object_component>
      <object_component id="oc-48">
         <name>.debug_info</name>
         <load_address>0x6480</load_address>
         <run_address>0x6480</run_address>
         <size>0xf6</size>
         <input_file_ref idref="fl-13a"/>
      </object_component>
      <object_component id="oc-61">
         <name>.debug_info</name>
         <load_address>0x6576</load_address>
         <run_address>0x6576</run_address>
         <size>0x124</size>
         <input_file_ref idref="fl-13b"/>
      </object_component>
      <object_component id="oc-6d">
         <name>.debug_info</name>
         <load_address>0x669a</load_address>
         <run_address>0x669a</run_address>
         <size>0x129</size>
         <input_file_ref idref="fl-13c"/>
      </object_component>
      <object_component id="oc-83">
         <name>.debug_info</name>
         <load_address>0x67c3</load_address>
         <run_address>0x67c3</run_address>
         <size>0xea</size>
         <input_file_ref idref="fl-13d"/>
      </object_component>
      <object_component id="oc-13e">
         <name>.debug_info</name>
         <load_address>0x68ad</load_address>
         <run_address>0x68ad</run_address>
         <size>0x105</size>
         <input_file_ref idref="fl-13e"/>
      </object_component>
      <object_component id="oc-bb">
         <name>.debug_info</name>
         <load_address>0x69b2</load_address>
         <run_address>0x69b2</run_address>
         <size>0xf4</size>
         <input_file_ref idref="fl-13e"/>
      </object_component>
      <object_component id="oc-138">
         <name>.debug_info</name>
         <load_address>0x6aa6</load_address>
         <run_address>0x6aa6</run_address>
         <size>0x200</size>
         <input_file_ref idref="fl-13e"/>
      </object_component>
      <object_component id="oc-b9">
         <name>.debug_info</name>
         <load_address>0x6ca6</load_address>
         <run_address>0x6ca6</run_address>
         <size>0x147</size>
         <input_file_ref idref="fl-13f"/>
      </object_component>
      <object_component id="oc-77">
         <name>.debug_info</name>
         <load_address>0x6ded</load_address>
         <run_address>0x6ded</run_address>
         <size>0x148</size>
         <input_file_ref idref="fl-13f"/>
      </object_component>
      <object_component id="oc-131">
         <name>.debug_info</name>
         <load_address>0x6f35</load_address>
         <run_address>0x6f35</run_address>
         <size>0x5e</size>
         <input_file_ref idref="fl-13f"/>
      </object_component>
      <object_component id="oc-b1">
         <name>.debug_info</name>
         <load_address>0x6f93</load_address>
         <run_address>0x6f93</run_address>
         <size>0x29e</size>
         <input_file_ref idref="fl-140"/>
      </object_component>
      <object_component id="oc-71">
         <name>.debug_info</name>
         <load_address>0x7231</load_address>
         <run_address>0x7231</run_address>
         <size>0x158</size>
         <input_file_ref idref="fl-140"/>
      </object_component>
      <object_component id="oc-ce">
         <name>.debug_info</name>
         <load_address>0x7389</load_address>
         <run_address>0x7389</run_address>
         <size>0x39</size>
         <input_file_ref idref="fl-140"/>
      </object_component>
      <object_component id="oc-d3">
         <name>.debug_info</name>
         <load_address>0x73c2</load_address>
         <run_address>0x73c2</run_address>
         <size>0xcd</size>
         <input_file_ref idref="fl-140"/>
      </object_component>
      <object_component id="oc-cb">
         <name>.debug_info</name>
         <load_address>0x748f</load_address>
         <run_address>0x748f</run_address>
         <size>0x1c1</size>
         <input_file_ref idref="fl-141"/>
      </object_component>
      <object_component id="oc-ab">
         <name>.debug_info</name>
         <load_address>0x7650</load_address>
         <run_address>0x7650</run_address>
         <size>0x164</size>
         <input_file_ref idref="fl-141"/>
      </object_component>
      <object_component id="oc-146">
         <name>.debug_info</name>
         <load_address>0x77b4</load_address>
         <run_address>0x77b4</run_address>
         <size>0x2c</size>
         <input_file_ref idref="fl-141"/>
      </object_component>
      <object_component id="oc-23c">
         <name>.debug_info</name>
         <load_address>0x77e0</load_address>
         <run_address>0x77e0</run_address>
         <size>0x128</size>
         <input_file_ref idref="fl-142"/>
      </object_component>
      <object_component id="oc-15c">
         <name>.debug_info</name>
         <load_address>0x7908</load_address>
         <run_address>0x7908</run_address>
         <size>0x240</size>
         <input_file_ref idref="fl-143"/>
      </object_component>
      <object_component id="oc-20f">
         <name>.debug_info</name>
         <load_address>0x7b48</load_address>
         <run_address>0x7b48</run_address>
         <size>0x15b</size>
         <input_file_ref idref="fl-143"/>
      </object_component>
      <object_component id="oc-15e">
         <name>.debug_info</name>
         <load_address>0x7ca3</load_address>
         <run_address>0x7ca3</run_address>
         <size>0x2a3</size>
         <input_file_ref idref="fl-143"/>
      </object_component>
      <object_component id="oc-156">
         <name>.debug_info</name>
         <load_address>0x7f46</load_address>
         <run_address>0x7f46</run_address>
         <size>0x2b3</size>
         <input_file_ref idref="fl-143"/>
      </object_component>
      <object_component id="oc-150">
         <name>.debug_info</name>
         <load_address>0x81f9</load_address>
         <run_address>0x81f9</run_address>
         <size>0x316</size>
         <input_file_ref idref="fl-143"/>
      </object_component>
      <object_component id="oc-18a">
         <name>.debug_info</name>
         <load_address>0x850f</load_address>
         <run_address>0x850f</run_address>
         <size>0x27f</size>
         <input_file_ref idref="fl-143"/>
      </object_component>
      <object_component id="oc-190">
         <name>.debug_info</name>
         <load_address>0x878e</load_address>
         <run_address>0x878e</run_address>
         <size>0x279</size>
         <input_file_ref idref="fl-143"/>
      </object_component>
      <object_component id="oc-eb">
         <name>.debug_info</name>
         <load_address>0x8a07</load_address>
         <run_address>0x8a07</run_address>
         <size>0x2b7</size>
         <input_file_ref idref="fl-143"/>
      </object_component>
      <object_component id="oc-184">
         <name>.debug_info</name>
         <load_address>0x8cbe</load_address>
         <run_address>0x8cbe</run_address>
         <size>0x280</size>
         <input_file_ref idref="fl-143"/>
      </object_component>
      <object_component id="oc-21f">
         <name>.debug_info</name>
         <load_address>0x8f3e</load_address>
         <run_address>0x8f3e</run_address>
         <size>0x231</size>
         <input_file_ref idref="fl-144"/>
      </object_component>
      <object_component id="oc-264">
         <name>.debug_info</name>
         <load_address>0x916f</load_address>
         <run_address>0x916f</run_address>
         <size>0x2ce</size>
         <input_file_ref idref="fl-144"/>
      </object_component>
      <object_component id="oc-219">
         <name>.debug_info</name>
         <load_address>0x943d</load_address>
         <run_address>0x943d</run_address>
         <size>0x24e</size>
         <input_file_ref idref="fl-144"/>
      </object_component>
      <object_component id="oc-19c">
         <name>.debug_info</name>
         <load_address>0x968b</load_address>
         <run_address>0x968b</run_address>
         <size>0x2d5</size>
         <input_file_ref idref="fl-144"/>
      </object_component>
      <object_component id="oc-26a">
         <name>.debug_info</name>
         <load_address>0x9960</load_address>
         <run_address>0x9960</run_address>
         <size>0x27e</size>
         <input_file_ref idref="fl-144"/>
      </object_component>
      <object_component id="oc-27c">
         <name>.debug_info</name>
         <load_address>0x9bde</load_address>
         <run_address>0x9bde</run_address>
         <size>0x254</size>
         <input_file_ref idref="fl-144"/>
      </object_component>
      <object_component id="oc-270">
         <name>.debug_info</name>
         <load_address>0x9e32</load_address>
         <run_address>0x9e32</run_address>
         <size>0x27e</size>
         <input_file_ref idref="fl-144"/>
      </object_component>
      <object_component id="oc-276">
         <name>.debug_info</name>
         <load_address>0xa0b0</load_address>
         <run_address>0xa0b0</run_address>
         <size>0x24e</size>
         <input_file_ref idref="fl-144"/>
      </object_component>
      <object_component id="oc-14c">
         <name>.debug_info</name>
         <load_address>0xa2fe</load_address>
         <run_address>0xa2fe</run_address>
         <size>0x298</size>
         <input_file_ref idref="fl-147"/>
      </object_component>
      <object_component id="oc-215">
         <name>.debug_info</name>
         <load_address>0xa596</load_address>
         <run_address>0xa596</run_address>
         <size>0x14d</size>
         <input_file_ref idref="fl-147"/>
      </object_component>
      <object_component id="oc-e5">
         <name>.debug_info</name>
         <load_address>0xa6e3</load_address>
         <run_address>0xa6e3</run_address>
         <size>0x27f</size>
         <input_file_ref idref="fl-147"/>
      </object_component>
      <object_component id="oc-df">
         <name>.debug_info</name>
         <load_address>0xa962</load_address>
         <run_address>0xa962</run_address>
         <size>0x27d</size>
         <input_file_ref idref="fl-147"/>
      </object_component>
      <object_component id="oc-d9">
         <name>.debug_info</name>
         <load_address>0xabdf</load_address>
         <run_address>0xabdf</run_address>
         <size>0x2db</size>
         <input_file_ref idref="fl-147"/>
      </object_component>
      <object_component id="oc-196">
         <name>.debug_info</name>
         <load_address>0xaeba</load_address>
         <run_address>0xaeba</run_address>
         <size>0x2b5</size>
         <input_file_ref idref="fl-147"/>
      </object_component>
      <object_component id="oc-1f2">
         <name>.debug_info</name>
         <load_address>0xb16f</load_address>
         <run_address>0xb16f</run_address>
         <size>0x5f</size>
         <input_file_ref idref="fl-147"/>
      </object_component>
      <object_component id="oc-2c0">
         <name>.debug_info</name>
         <load_address>0xb1ce</load_address>
         <run_address>0xb1ce</run_address>
         <size>0x9b</size>
      </object_component>
      <object_component id="oc-c8">
         <name>.debug_line</name>
         <load_address>0x0</load_address>
         <run_address>0x0</run_address>
         <size>0x20</size>
         <input_file_ref idref="fl-2"/>
      </object_component>
      <object_component id="oc-94">
         <name>.debug_line</name>
         <load_address>0x20</load_address>
         <run_address>0x20</run_address>
         <size>0x60</size>
         <input_file_ref idref="fl-2"/>
      </object_component>
      <object_component id="oc-1e7">
         <name>.debug_line</name>
         <load_address>0x80</load_address>
         <run_address>0x80</run_address>
         <size>0xad</size>
         <input_file_ref idref="fl-3"/>
      </object_component>
      <object_component id="oc-285">
         <name>.debug_line</name>
         <load_address>0x12d</load_address>
         <run_address>0x12d</run_address>
         <size>0x2f</size>
         <input_file_ref idref="fl-3"/>
      </object_component>
      <object_component id="oc-1d7">
         <name>.debug_line</name>
         <load_address>0x15c</load_address>
         <run_address>0x15c</run_address>
         <size>0x5f</size>
         <input_file_ref idref="fl-3"/>
      </object_component>
      <object_component id="oc-1d1">
         <name>.debug_line</name>
         <load_address>0x1bb</load_address>
         <run_address>0x1bb</run_address>
         <size>0x6e</size>
         <input_file_ref idref="fl-3"/>
      </object_component>
      <object_component id="oc-124">
         <name>.debug_line</name>
         <load_address>0x229</load_address>
         <run_address>0x229</run_address>
         <size>0x4e</size>
         <input_file_ref idref="fl-3"/>
      </object_component>
      <object_component id="oc-b6">
         <name>.debug_line</name>
         <load_address>0x277</load_address>
         <run_address>0x277</run_address>
         <size>0x79</size>
         <input_file_ref idref="fl-3"/>
      </object_component>
      <object_component id="oc-12d">
         <name>.debug_line</name>
         <load_address>0x2f0</load_address>
         <run_address>0x2f0</run_address>
         <size>0x34</size>
         <input_file_ref idref="fl-3"/>
      </object_component>
      <object_component id="oc-1eb">
         <name>.debug_line</name>
         <load_address>0x324</load_address>
         <run_address>0x324</run_address>
         <size>0x30</size>
         <input_file_ref idref="fl-3"/>
      </object_component>
      <object_component id="oc-a4">
         <name>.debug_line</name>
         <load_address>0x354</load_address>
         <run_address>0x354</run_address>
         <size>0x60</size>
         <input_file_ref idref="fl-3"/>
      </object_component>
      <object_component id="oc-8f">
         <name>.debug_line</name>
         <load_address>0x3b4</load_address>
         <run_address>0x3b4</run_address>
         <size>0x20</size>
         <input_file_ref idref="fl-5"/>
      </object_component>
      <object_component id="oc-228">
         <name>.debug_line</name>
         <load_address>0x3d4</load_address>
         <run_address>0x3d4</run_address>
         <size>0xd2</size>
         <input_file_ref idref="fl-6"/>
      </object_component>
      <object_component id="oc-231">
         <name>.debug_line</name>
         <load_address>0x4a6</load_address>
         <run_address>0x4a6</run_address>
         <size>0x2f</size>
         <input_file_ref idref="fl-6"/>
      </object_component>
      <object_component id="oc-22d">
         <name>.debug_line</name>
         <load_address>0x4d5</load_address>
         <run_address>0x4d5</run_address>
         <size>0x7c</size>
         <input_file_ref idref="fl-6"/>
      </object_component>
      <object_component id="oc-1ae">
         <name>.debug_line</name>
         <load_address>0x551</load_address>
         <run_address>0x551</run_address>
         <size>0x45</size>
         <input_file_ref idref="fl-6"/>
      </object_component>
      <object_component id="oc-1b8">
         <name>.debug_line</name>
         <load_address>0x596</load_address>
         <run_address>0x596</run_address>
         <size>0x45</size>
         <input_file_ref idref="fl-6"/>
      </object_component>
      <object_component id="oc-11e">
         <name>.debug_line</name>
         <load_address>0x5db</load_address>
         <run_address>0x5db</run_address>
         <size>0x6a</size>
         <input_file_ref idref="fl-6"/>
      </object_component>
      <object_component id="oc-118">
         <name>.debug_line</name>
         <load_address>0x645</load_address>
         <run_address>0x645</run_address>
         <size>0x52</size>
         <input_file_ref idref="fl-6"/>
      </object_component>
      <object_component id="oc-221">
         <name>.debug_line</name>
         <load_address>0x697</load_address>
         <run_address>0x697</run_address>
         <size>0x5e</size>
         <input_file_ref idref="fl-6"/>
      </object_component>
      <object_component id="oc-1a5">
         <name>.debug_line</name>
         <load_address>0x6f5</load_address>
         <run_address>0x6f5</run_address>
         <size>0x44</size>
         <input_file_ref idref="fl-6"/>
      </object_component>
      <object_component id="oc-109">
         <name>.debug_line</name>
         <load_address>0x739</load_address>
         <run_address>0x739</run_address>
         <size>0x55</size>
         <input_file_ref idref="fl-6"/>
      </object_component>
      <object_component id="oc-112">
         <name>.debug_line</name>
         <load_address>0x78e</load_address>
         <run_address>0x78e</run_address>
         <size>0x53</size>
         <input_file_ref idref="fl-6"/>
      </object_component>
      <object_component id="oc-106">
         <name>.debug_line</name>
         <load_address>0x7e1</load_address>
         <run_address>0x7e1</run_address>
         <size>0x56</size>
         <input_file_ref idref="fl-6"/>
      </object_component>
      <object_component id="oc-235">
         <name>.debug_line</name>
         <load_address>0x837</load_address>
         <run_address>0x837</run_address>
         <size>0x2f</size>
         <input_file_ref idref="fl-6"/>
      </object_component>
      <object_component id="oc-20d">
         <name>.debug_line</name>
         <load_address>0x866</load_address>
         <run_address>0x866</run_address>
         <size>0x9e</size>
         <input_file_ref idref="fl-8"/>
      </object_component>
      <object_component id="oc-298">
         <name>.debug_line</name>
         <load_address>0x904</load_address>
         <run_address>0x904</run_address>
         <size>0x30</size>
         <input_file_ref idref="fl-8"/>
      </object_component>
      <object_component id="oc-17a">
         <name>.debug_line</name>
         <load_address>0x934</load_address>
         <run_address>0x934</run_address>
         <size>0x4d</size>
         <input_file_ref idref="fl-8"/>
      </object_component>
      <object_component id="oc-16d">
         <name>.debug_line</name>
         <load_address>0x981</load_address>
         <run_address>0x981</run_address>
         <size>0x45</size>
         <input_file_ref idref="fl-8"/>
      </object_component>
      <object_component id="oc-200">
         <name>.debug_line</name>
         <load_address>0x9c6</load_address>
         <run_address>0x9c6</run_address>
         <size>0x4e</size>
         <input_file_ref idref="fl-8"/>
      </object_component>
      <object_component id="oc-167">
         <name>.debug_line</name>
         <load_address>0xa14</load_address>
         <run_address>0xa14</run_address>
         <size>0x4a</size>
         <input_file_ref idref="fl-8"/>
      </object_component>
      <object_component id="oc-208">
         <name>.debug_line</name>
         <load_address>0xa5e</load_address>
         <run_address>0xa5e</run_address>
         <size>0x50</size>
         <input_file_ref idref="fl-8"/>
      </object_component>
      <object_component id="oc-28e">
         <name>.debug_line</name>
         <load_address>0xaae</load_address>
         <run_address>0xaae</run_address>
         <size>0x45</size>
         <input_file_ref idref="fl-8"/>
      </object_component>
      <object_component id="oc-174">
         <name>.debug_line</name>
         <load_address>0xaf3</load_address>
         <run_address>0xaf3</run_address>
         <size>0x45</size>
         <input_file_ref idref="fl-8"/>
      </object_component>
      <object_component id="oc-251">
         <name>.debug_line</name>
         <load_address>0xb38</load_address>
         <run_address>0xb38</run_address>
         <size>0x47</size>
         <input_file_ref idref="fl-8"/>
      </object_component>
      <object_component id="oc-24a">
         <name>.debug_line</name>
         <load_address>0xb7f</load_address>
         <run_address>0xb7f</run_address>
         <size>0x61</size>
         <input_file_ref idref="fl-8"/>
      </object_component>
      <object_component id="oc-1dd">
         <name>.debug_line</name>
         <load_address>0xbe0</load_address>
         <run_address>0xbe0</run_address>
         <size>0x55</size>
         <input_file_ref idref="fl-8"/>
      </object_component>
      <object_component id="oc-257">
         <name>.debug_line</name>
         <load_address>0xc35</load_address>
         <run_address>0xc35</run_address>
         <size>0x45</size>
         <input_file_ref idref="fl-8"/>
      </object_component>
      <object_component id="oc-100">
         <name>.debug_line</name>
         <load_address>0xc7a</load_address>
         <run_address>0xc7a</run_address>
         <size>0x4a</size>
         <input_file_ref idref="fl-8"/>
      </object_component>
      <object_component id="oc-1e3">
         <name>.debug_line</name>
         <load_address>0xcc4</load_address>
         <run_address>0xcc4</run_address>
         <size>0x8a</size>
         <input_file_ref idref="fl-8"/>
      </object_component>
      <object_component id="oc-f4">
         <name>.debug_line</name>
         <load_address>0xd4e</load_address>
         <run_address>0xd4e</run_address>
         <size>0xee</size>
         <input_file_ref idref="fl-8"/>
      </object_component>
      <object_component id="oc-fa">
         <name>.debug_line</name>
         <load_address>0xe3c</load_address>
         <run_address>0xe3c</run_address>
         <size>0x6e</size>
         <input_file_ref idref="fl-8"/>
      </object_component>
      <object_component id="oc-8b">
         <name>.debug_line</name>
         <load_address>0xeaa</load_address>
         <run_address>0xeaa</run_address>
         <size>0x41</size>
         <input_file_ref idref="fl-a"/>
      </object_component>
      <object_component id="oc-43">
         <name>.debug_line</name>
         <load_address>0xeeb</load_address>
         <run_address>0xeeb</run_address>
         <size>0x41</size>
         <input_file_ref idref="fl-a"/>
      </object_component>
      <object_component id="oc-2f">
         <name>.debug_line</name>
         <load_address>0xf2c</load_address>
         <run_address>0xf2c</run_address>
         <size>0x53</size>
         <input_file_ref idref="fl-a"/>
      </object_component>
      <object_component id="oc-35">
         <name>.debug_line</name>
         <load_address>0xf7f</load_address>
         <run_address>0xf7f</run_address>
         <size>0x56</size>
         <input_file_ref idref="fl-a"/>
      </object_component>
      <object_component id="oc-41">
         <name>.debug_line</name>
         <load_address>0xfd5</load_address>
         <run_address>0xfd5</run_address>
         <size>0x56</size>
         <input_file_ref idref="fl-a"/>
      </object_component>
      <object_component id="oc-3b">
         <name>.debug_line</name>
         <load_address>0x102b</load_address>
         <run_address>0x102b</run_address>
         <size>0x56</size>
         <input_file_ref idref="fl-a"/>
      </object_component>
      <object_component id="oc-25">
         <name>.debug_line</name>
         <load_address>0x1081</load_address>
         <run_address>0x1081</run_address>
         <size>0x52</size>
         <input_file_ref idref="fl-131"/>
      </object_component>
      <object_component id="oc-9d">
         <name>.debug_line</name>
         <load_address>0x10d3</load_address>
         <run_address>0x10d3</run_address>
         <size>0x80</size>
         <input_file_ref idref="fl-132"/>
      </object_component>
      <object_component id="oc-16">
         <name>.debug_line</name>
         <load_address>0x1153</load_address>
         <run_address>0x1153</run_address>
         <size>0x55</size>
         <input_file_ref idref="fl-132"/>
      </object_component>
      <object_component id="oc-4e">
         <name>.debug_line</name>
         <load_address>0x11a8</load_address>
         <run_address>0x11a8</run_address>
         <size>0x3a</size>
         <input_file_ref idref="fl-132"/>
      </object_component>
      <object_component id="oc-9a">
         <name>.debug_line</name>
         <load_address>0x11e2</load_address>
         <run_address>0x11e2</run_address>
         <size>0x80</size>
         <input_file_ref idref="fl-132"/>
      </object_component>
      <object_component id="oc-a0">
         <name>.debug_line</name>
         <load_address>0x1262</load_address>
         <run_address>0x1262</run_address>
         <size>0x80</size>
         <input_file_ref idref="fl-133"/>
      </object_component>
      <object_component id="oc-54">
         <name>.debug_line</name>
         <load_address>0x12e2</load_address>
         <run_address>0x12e2</run_address>
         <size>0x98</size>
         <input_file_ref idref="fl-133"/>
      </object_component>
      <object_component id="oc-1c">
         <name>.debug_line</name>
         <load_address>0x137a</load_address>
         <run_address>0x137a</run_address>
         <size>0x4b</size>
         <input_file_ref idref="fl-133"/>
      </object_component>
      <object_component id="oc-5c">
         <name>.debug_line</name>
         <load_address>0x13c5</load_address>
         <run_address>0x13c5</run_address>
         <size>0x39</size>
         <input_file_ref idref="fl-133"/>
      </object_component>
      <object_component id="oc-a8">
         <name>.debug_line</name>
         <load_address>0x13fe</load_address>
         <run_address>0x13fe</run_address>
         <size>0x80</size>
         <input_file_ref idref="fl-134"/>
      </object_component>
      <object_component id="oc-1f">
         <name>.debug_line</name>
         <load_address>0x147e</load_address>
         <run_address>0x147e</run_address>
         <size>0x4f</size>
         <input_file_ref idref="fl-134"/>
      </object_component>
      <object_component id="oc-67">
         <name>.debug_line</name>
         <load_address>0x14cd</load_address>
         <run_address>0x14cd</run_address>
         <size>0x34</size>
         <input_file_ref idref="fl-134"/>
      </object_component>
      <object_component id="oc-143">
         <name>.debug_line</name>
         <load_address>0x1501</load_address>
         <run_address>0x1501</run_address>
         <size>0x7f</size>
         <input_file_ref idref="fl-135"/>
      </object_component>
      <object_component id="oc-141">
         <name>.debug_line</name>
         <load_address>0x1580</load_address>
         <run_address>0x1580</run_address>
         <size>0x2a</size>
         <input_file_ref idref="fl-135"/>
      </object_component>
      <object_component id="oc-81">
         <name>.debug_line</name>
         <load_address>0x15aa</load_address>
         <run_address>0x15aa</run_address>
         <size>0x7a</size>
         <input_file_ref idref="fl-135"/>
      </object_component>
      <object_component id="oc-1c6">
         <name>.debug_line</name>
         <load_address>0x1624</load_address>
         <run_address>0x1624</run_address>
         <size>0x117</size>
         <input_file_ref idref="fl-137"/>
      </object_component>
      <object_component id="oc-1c1">
         <name>.debug_line</name>
         <load_address>0x173b</load_address>
         <run_address>0x173b</run_address>
         <size>0x43</size>
         <input_file_ref idref="fl-138"/>
      </object_component>
      <object_component id="oc-1c9">
         <name>.debug_line</name>
         <load_address>0x177e</load_address>
         <run_address>0x177e</run_address>
         <size>0x5e</size>
         <input_file_ref idref="fl-139"/>
      </object_component>
      <object_component id="oc-46">
         <name>.debug_line</name>
         <load_address>0x17dc</load_address>
         <run_address>0x17dc</run_address>
         <size>0x88</size>
         <input_file_ref idref="fl-13a"/>
      </object_component>
      <object_component id="oc-60">
         <name>.debug_line</name>
         <load_address>0x1864</load_address>
         <run_address>0x1864</run_address>
         <size>0x79</size>
         <input_file_ref idref="fl-13b"/>
      </object_component>
      <object_component id="oc-6f">
         <name>.debug_line</name>
         <load_address>0x18dd</load_address>
         <run_address>0x18dd</run_address>
         <size>0x40</size>
         <input_file_ref idref="fl-13c"/>
      </object_component>
      <object_component id="oc-c4">
         <name>.debug_line</name>
         <load_address>0x191d</load_address>
         <run_address>0x191d</run_address>
         <size>0x33</size>
         <input_file_ref idref="fl-13d"/>
      </object_component>
      <object_component id="oc-1ef">
         <name>.debug_line</name>
         <load_address>0x1950</load_address>
         <run_address>0x1950</run_address>
         <size>0x20</size>
         <input_file_ref idref="fl-13e"/>
      </object_component>
      <object_component id="oc-13d">
         <name>.debug_line</name>
         <load_address>0x1970</load_address>
         <run_address>0x1970</run_address>
         <size>0x2b</size>
         <input_file_ref idref="fl-13e"/>
      </object_component>
      <object_component id="oc-13b">
         <name>.debug_line</name>
         <load_address>0x199b</load_address>
         <run_address>0x199b</run_address>
         <size>0x68</size>
         <input_file_ref idref="fl-13e"/>
      </object_component>
      <object_component id="oc-130">
         <name>.debug_line</name>
         <load_address>0x1a03</load_address>
         <run_address>0x1a03</run_address>
         <size>0x2b</size>
         <input_file_ref idref="fl-13f"/>
      </object_component>
      <object_component id="oc-7a">
         <name>.debug_line</name>
         <load_address>0x1a2e</load_address>
         <run_address>0x1a2e</run_address>
         <size>0x50</size>
         <input_file_ref idref="fl-13f"/>
      </object_component>
      <object_component id="oc-134">
         <name>.debug_line</name>
         <load_address>0x1a7e</load_address>
         <run_address>0x1a7e</run_address>
         <size>0x2b</size>
         <input_file_ref idref="fl-13f"/>
      </object_component>
      <object_component id="oc-cd">
         <name>.debug_line</name>
         <load_address>0x1aa9</load_address>
         <run_address>0x1aa9</run_address>
         <size>0x8f</size>
         <input_file_ref idref="fl-140"/>
      </object_component>
      <object_component id="oc-74">
         <name>.debug_line</name>
         <load_address>0x1b38</load_address>
         <run_address>0x1b38</run_address>
         <size>0x79</size>
         <input_file_ref idref="fl-140"/>
      </object_component>
      <object_component id="oc-d1">
         <name>.debug_line</name>
         <load_address>0x1bb1</load_address>
         <run_address>0x1bb1</run_address>
         <size>0x2e</size>
         <input_file_ref idref="fl-140"/>
      </object_component>
      <object_component id="oc-d6">
         <name>.debug_line</name>
         <load_address>0x1bdf</load_address>
         <run_address>0x1bdf</run_address>
         <size>0x81</size>
         <input_file_ref idref="fl-140"/>
      </object_component>
      <object_component id="oc-145">
         <name>.debug_line</name>
         <load_address>0x1c60</load_address>
         <run_address>0x1c60</run_address>
         <size>0x8e</size>
         <input_file_ref idref="fl-141"/>
      </object_component>
[...]
               <size>0x26c</size>
               <logical_group_ref idref="lg-3"/>
            </allocated_space>
            <allocated_space>
               <start_address>0x26c</start_address>
               <size>0x17ee</size>
               <logical_group_ref idref="lg-4"/>
            </allocated_space>
            <available_space>
               <start_address>0x1a5a</start_address>
               <size>0x2</size>
            </available_space>
            <allocated_space>
               <start_address>0x1a5c</start_address>
               <size>0x6f7</size>
               <logical_group_ref idref="lg-5"/>
            </allocated_space>
            <available_space>
               <start_address>0x2153</start_address>
               <size>0x5</size>
            </available_space>
            <allocated_space>
               <start_address>0x2158</start_address>
               <size>0x38</size>
               <logical_group_ref idref="lg-6"/>
            </allocated_space>
            <available_space>
               <start_address>0x2190</start_address>
               <size>0x3de70</size>
            </available_space>
         </usage_details>
      </memory_area>
      <memory_area display="yes" color="green">
         <name>SRAM</name>
         <page_id>0x0</page_id>
         <origin>0x20000000</origin>
         <length>0x8000</length>
         <used_space>0x23f</used_space>
         <unused_space>0x7dc1</unused_space>
         <attributes>RWX</attributes>
         <usage_details>
            <allocated_space>
               <start_address>0x20000000</start_address>
               <size>0x200</size>
               <logical_group_ref idref="lg-d"/>
            </allocated_space>
            <allocated_space>
               <start_address>0x20000200</start_address>
               <size>0x2b</size>
               <logical_group_ref idref="lg-29a"/>
            </allocated_space>
            <available_space>
               <start_address>0x2000022b</start_address>
               <size>0x1</size>
            </available_space>
            <allocated_space>
               <start_address>0x2000022c</start_address>
               <size>0x14</size>
               <logical_group_ref idref="lg-29c"/>
            </allocated_space>
            <available_space>
               <start_address>0x20000240</start_address>
               <size>0x7dc0</size>
            </available_space>
         </usage_details>
      </memory_area>
   </placement_map>
   <cptbl_list>
      <cptbl>
         <name>__TI_cinit_table</name>
         <cprec>
            <name>.data</name>
            <load_address>0x2158</load_address>
            <load_size>0xf</load_size>
            <run_address>0x2000022c</run_address>
            <run_size>0x14</run_size>
            <compression>rle</compression>
         </cprec>
         <cprec>
            <name>.bss</name>
            <load_address>0x2178</load_address>
            <load_size>0x8</load_size>
            <run_address>0x20000200</run_address>
            <run_size>0x2b</run_size>
            <compression>zero_init</compression>
         </cprec>
      </cptbl>
   </cptbl_list>
   <handler_table>
      <handler_table_name>__TI_handler_table</handler_table_name>
      <handler>
         <index>0x0</index>
         <name>__TI_decompress_rle24</name>
      </handler>
      <handler>
         <index>0x1</index>
         <name>__TI_decompress_none</name>
      </handler>
      <handler>
         <index>0x2</index>
         <name>__TI_zero_init</name>
      </handler>
   </handler_table>
   <symbol_table>
      <symbol id="sm-1">
         <name>__STACK_TOP</name>
         <value>0x20000200</value>
      </symbol>
      <symbol id="sm-2">
         <name>__TI_CINIT_Base</name>
         <value>0x2180</value>
      </symbol>
      <symbol id="sm-3">
         <name>__TI_CINIT_Limit</name>
         <value>0x2190</value>
      </symbol>
      <symbol id="sm-4">
         <name>__TI_Handler_Table_Base</name>
         <value>0x2168</value>
      </symbol>
      <symbol id="sm-5">
         <name>__TI_Handler_Table_Limit</name>
         <value>0x2174</value>
      </symbol>
      <symbol id="sm-6">
         <name>binit</name>
         <value>0xffffffff</value>
      </symbol>
      <symbol id="sm-7">
         <name>__binit__</name>
         <value>0xffffffff</value>
      </symbol>
      <symbol id="sm-8">
         <name>__STACK_SIZE</name>
         <value>0x200</value>
      </symbol>
      <symbol id="sm-9">
         <name>__STACK_END</name>
         <value>0x20000200</value>
      </symbol>
      <symbol id="sm-a">
         <name>__c_args__</name>
         <value>0xffffffff</value>
      </symbol>
      <symbol id="sm-87">
         <name>fcolorr</name>
         <value>0x2000022a</value>
      </symbol>
      <symbol id="sm-88">
         <name>fcolorg</name>
         <value>0x20000229</value>
      </symbol>
      <symbol id="sm-89">
         <name>fcolorb</name>
         <value>0x20000228</value>
      </symbol>
      <symbol id="sm-8a">
         <name>concat</name>
         <value>0x185b</value>
         <object_component_ref idref="oc-1d3"/>
      </symbol>
      <symbol id="sm-8b">
         <name>main</name>
         <value>0x85d</value>
         <object_component_ref idref="oc-b2"/>
      </symbol>
      <symbol id="sm-8c">
         <name>print_sensor_data</name>
         <value>0xc29</value>
         <object_component_ref idref="oc-120"/>
      </symbol>
      <symbol id="sm-8d">
         <name>itoa</name>
         <value>0x14c5</value>
         <object_component_ref idref="oc-1cd"/>
      </symbol>
      <symbol id="sm-11c">
         <name>t_fine</name>
         <value>0x20000224</value>
      </symbol>
      <symbol id="sm-11d">
         <name>calibration</name>
         <value>0xe29</value>
         <object_component_ref idref="oc-108"/>
      </symbol>
      <symbol id="sm-11e">
         <name>read8</name>
         <value>0x1a2b</value>
         <object_component_ref idref="oc-1a1"/>
      </symbol>
      <symbol id="sm-11f">
         <name>cal_data</name>
         <value>0x20000200</value>
         <object_component_ref idref="oc-1b0"/>
      </symbol>
      <symbol id="sm-120">
         <name>readPressure</name>
         <value>0x685</value>
         <object_component_ref idref="oc-11a"/>
      </symbol>
      <symbol id="sm-121">
         <name>read16_LE</name>
         <value>0x1909</value>
         <object_component_ref idref="oc-1aa"/>
      </symbol>
      <symbol id="sm-122">
         <name>bmp_i2cReadData</name>
         <value>0xf9d</value>
         <object_component_ref idref="oc-229"/>
      </symbol>
      <symbol id="sm-123">
         <name>readHumidity</name>
         <value>0xee5</value>
         <object_component_ref idref="oc-114"/>
      </symbol>
      <symbol id="sm-124">
         <name>bmp_initI2C</name>
         <value>0x11fd</value>
         <object_component_ref idref="oc-102"/>
      </symbol>
      <symbol id="sm-125">
         <name>read24</name>
         <value>0x1881</value>
         <object_component_ref idref="oc-1b4"/>
      </symbol>
      <symbol id="sm-126">
         <name>readS16_LE</name>
         <value>0x1909</value>
         <object_component_ref idref="oc-1aa"/>
      </symbol>
      <symbol id="sm-127">
         <name>bmp_readTemperature</name>
         <value>0x1269</value>
         <object_component_ref idref="oc-10e"/>
      </symbol>
      <symbol id="sm-128">
         <name>bmp_i2cRead</name>
         <value>0x13ad</value>
         <object_component_ref idref="oc-220"/>
      </symbol>
      <symbol id="sm-1da">
         <name>ssd1289_string</name>
         <value>0x18a5</value>
         <object_component_ref idref="oc-1d9"/>
      </symbol>
      <symbol id="sm-1db">
         <name>drawPixel</name>
         <value>0x1801</value>
         <object_component_ref idref="oc-24d"/>
      </symbol>
      <symbol id="sm-1dc">
         <name>setColor</name>
         <value>0x18e9</value>
         <object_component_ref idref="oc-fc"/>
      </symbol>
      <symbol id="sm-1dd">
         <name>LCD_setXY</name>
         <value>0x1721</value>
         <object_component_ref idref="oc-204"/>
      </symbol>
      <symbol id="sm-1de">
         <name>LCD_clrXY</name>
         <value>0x19e9</value>
         <object_component_ref idref="oc-170"/>
      </symbol>
      <symbol id="sm-1df">
         <name>LCD_Write_COM</name>
         <value>0x175d</value>
         <object_component_ref idref="oc-169"/>
      </symbol>
      <symbol id="sm-1e0">
         <name>sign</name>
         <value>0x19b1</value>
         <object_component_ref idref="oc-253"/>
      </symbol>
      <symbol id="sm-1e1">
         <name>font_ascii</name>
         <value>0x1a5c</value>
         <object_component_ref idref="oc-286"/>
      </symbol>
      <symbol id="sm-1e2">
         <name>drawLine</name>
         <value>0x1045</value>
         <object_component_ref idref="oc-1df"/>
      </symbol>
      <symbol id="sm-1e3">
         <name>LCD_Write_DATA</name>
         <value>0x18c9</value>
         <object_component_ref idref="oc-1fc"/>
      </symbol>
      <symbol id="sm-1e4">
         <name>ssd1289_char</name>
         <value>0x146d</value>
         <object_component_ref idref="oc-246"/>
      </symbol>
      <symbol id="sm-1e5">
         <name>LCD_init</name>
         <value>0x48d</value>
         <object_component_ref idref="oc-f0"/>
      </symbol>
      <symbol id="sm-1e6">
         <name>LCD_Writ_Bus</name>
         <value>0x15b5</value>
         <object_component_ref idref="oc-176"/>
      </symbol>
      <symbol id="sm-1e7">
         <name>setPixel</name>
         <value>0x1971</value>
         <object_component_ref idref="oc-28a"/>
      </symbol>
      <symbol id="sm-1e8">
         <name>LCD_Write_COM_DATA</name>
         <value>0x1987</value>
         <object_component_ref idref="oc-163"/>
      </symbol>
      <symbol id="sm-1e9">
         <name>LCD_fillScr</name>
         <value>0x1411</value>
         <object_component_ref idref="oc-f6"/>
      </symbol>
      <symbol id="sm-21b">
         <name>ResetISR</name>
         <value>0x1a39</value>
         <object_component_ref idref="oc-2a"/>
      </symbol>
      <symbol id="sm-21c">
         <name>g_pfnVectors</name>
         <value>0x0</value>
         <object_component_ref idref="oc-f"/>
      </symbol>
      <symbol id="sm-22e">
         <name>_c_int00</name>
         <value>0x1519</value>
         <object_component_ref idref="oc-24"/>
      </symbol>
      <symbol id="sm-22f">
         <name>__stack</name>
         <value>0x20000000</value>
         <object_component_ref idref="oc-29"/>
      </symbol>
      <symbol id="sm-246">
         <name>__TI_decompress_none</name>
         <value>0x19f7</value>
         <object_component_ref idref="oc-12"/>
      </symbol>
      <symbol id="sm-269">
         <name>__TI_decompress_rle24</name>
         <value>0x1a45</value>
         <object_component_ref idref="oc-18"/>
      </symbol>
      <symbol id="sm-27b">
         <name>__TI_zero_init</name>
         <value>0x1a05</value>
         <object_component_ref idref="oc-1e"/>
      </symbol>
      <symbol id="sm-29a">
         <name>C$$EXIT</name>
         <value>0x16dd</value>
         <object_component_ref idref="oc-7c"/>
      </symbol>
      <symbol id="sm-29b">
         <name>abort</name>
         <value>0x16e1</value>
         <object_component_ref idref="oc-7c"/>
      </symbol>
      <symbol id="sm-29c">
         <name>exit</name>
         <value>0x16e9</value>
         <object_component_ref idref="oc-7c"/>
      </symbol>
      <symbol id="sm-29d">
         <name>__TI_dtors_ptr</name>
         <value>0x20000238</value>
         <object_component_ref idref="oc-bd"/>
      </symbol>
      <symbol id="sm-29e">
         <name>__TI_cleanup_ptr</name>
         <value>0x20000234</value>
         <object_component_ref idref="oc-bd"/>
      </symbol>
      <symbol id="sm-2cf">
         <name>__aeabi_ldivmod</name>
         <value>0x26d</value>
         <object_component_ref idref="oc-1c2"/>
      </symbol>
      <symbol id="sm-2dc">
         <name>__aeabi_lmul</name>
         <value>0x1959</value>
         <object_component_ref idref="oc-1bd"/>
      </symbol>
      <symbol id="sm-2e9">
         <name>__aeabi_l2f</name>
         <value>0x1695</value>
         <object_component_ref idref="oc-1c7"/>
      </symbol>
      <symbol id="sm-304">
         <name>memcpy</name>
         <value>0x10e5</value>
         <object_component_ref idref="oc-45"/>
      </symbol>
      <symbol id="sm-305">
         <name>__aeabi_memcpy</name>
         <value>0x10e5</value>
         <object_component_ref idref="oc-45"/>
      </symbol>
      <symbol id="sm-306">
         <name>__aeabi_memcpy8</name>
         <value>0x10e5</value>
         <object_component_ref idref="oc-45"/>
      </symbol>
      <symbol id="sm-307">
         <name>__aeabi_memcpy4</name>
         <value>0x10e5</value>
         <object_component_ref idref="oc-45"/>
      </symbol>
      <symbol id="sm-316">
         <name>__aeabi_memset</name>
         <value>0x1183</value>
         <object_component_ref idref="oc-5e"/>
      </symbol>
      <symbol id="sm-317">
         <name>memset</name>
         <value>0x1189</value>
         <object_component_ref idref="oc-5e"/>
      </symbol>
      <symbol id="sm-318">
         <name>__aeabi_memset8</name>
         <value>0x1183</value>
         <object_component_ref idref="oc-5e"/>
      </symbol>
      <symbol id="sm-319">
         <name>__aeabi_memset4</name>
         <value>0x1183</value>
         <object_component_ref idref="oc-5e"/>
      </symbol>
      <symbol id="sm-31a">
         <name>__aeabi_memclr8</name>
         <value>0x1181</value>
         <object_component_ref idref="oc-5e"/>
      </symbol>
      <symbol id="sm-31b">
         <name>__aeabi_memclr4</name>
         <value>0x1181</value>
         <object_component_ref idref="oc-5e"/>
      </symbol>
      <symbol id="sm-31c">
         <name>__aeabi_memclr</name>
         <value>0x1181</value>
         <object_component_ref idref="oc-5e"/>
      </symbol>
      <symbol id="sm-326">
         <name>_system_pre_init</name>
         <value>0x1a57</value>
         <object_component_ref idref="oc-6a"/>
      </symbol>
      <symbol id="sm-32e">
         <name>main_func_sp</name>
         <value>0x2000023c</value>
         <object_component_ref idref="oc-82"/>
      </symbol>
      <symbol id="sm-347">
         <name>_nop</name>
         <value>0x19ab</value>
         <object_component_ref idref="oc-136"/>
      </symbol>
      <symbol id="sm-348">
         <name>_lock</name>
         <value>0x2000022c</value>
         <object_component_ref idref="oc-ba"/>
      </symbol>
      <symbol id="sm-349">
         <name>_unlock</name>
         <value>0x20000230</value>
         <object_component_ref idref="oc-ba"/>
      </symbol>
      <symbol id="sm-34a">
         <name>_register_lock</name>
         <value>0x19a3</value>
         <object_component_ref idref="oc-136"/>
      </symbol>
      <symbol id="sm-34b">
         <name>_register_unlock</name>
         <value>0x199d</value>
         <object_component_ref idref="oc-136"/>
      </symbol>
      <symbol id="sm-360">
         <name>_args_main</name>
         <value>0x1941</value>
         <object_component_ref idref="oc-76"/>
      </symbol>
      <symbol id="sm-386">
         <name>__TI_auto_init</name>
         <value>0x12d5</value>
         <object_component_ref idref="oc-70"/>
      </symbol>
      <symbol id="sm-3a0">
         <name>copy_in</name>
         <value>0x1601</value>
         <object_component_ref idref="oc-aa"/>
      </symbol>
      <symbol id="sm-3aa">
         <name>__aeabi_ldiv0</name>
         <value>0x11fb</value>
         <object_component_ref idref="oc-239"/>
      </symbol>
      <symbol id="sm-3f4">
         <name>GPIOPinConfigure</name>
         <value>0x164d</value>
         <object_component_ref idref="oc-183"/>
      </symbol>
      <symbol id="sm-3f5">
         <name>GPIOPinTypeI2CSCL</name>
         <value>0x19d7</value>
         <object_component_ref idref="oc-189"/>
      </symbol>
      <symbol id="sm-3f6">
         <name>GPIOPinTypeI2C</name>
         <value>0x19c5</value>
         <object_component_ref idref="oc-18f"/>
      </symbol>
      <symbol id="sm-3f7">
         <name>GPIOPinTypeGPIOOutput</name>
         <value>0x1927</value>
         <object_component_ref idref="oc-ea"/>
      </symbol>
      <symbol id="sm-3f8">
         <name>GPIODirModeSet</name>
         <value>0x1831</value>
         <object_component_ref idref="oc-155"/>
      </symbol>
      <symbol id="sm-3f9">
         <name>GPIOPinWrite</name>
         <value>0x1a33</value>
         <object_component_ref idref="oc-15d"/>
      </symbol>
      <symbol id="sm-3fa">
         <name>GPIOPadConfigSet</name>
         <value>0x9e5</value>
         <object_component_ref idref="oc-14f"/>
      </symbol>
      <symbol id="sm-43b">
         <name>I2CMasterDataPut</name>
         <value>0x1a53</value>
         <object_component_ref idref="oc-269"/>
      </symbol>
      <symbol id="sm-43c">
         <name>I2CMasterInitExpClk</name>
         <value>0x1569</value>
         <object_component_ref idref="oc-19b"/>
      </symbol>
      <symbol id="sm-43d">
         <name>I2CMasterSlaveAddrSet</name>
         <value>0x1a23</value>
         <object_component_ref idref="oc-263"/>
      </symbol>
      <symbol id="sm-43e">
         <name>I2CMasterDataGet</name>
         <value>0x1a4f</value>
         <object_component_ref idref="oc-27b"/>
      </symbol>
      <symbol id="sm-43f">
         <name>I2CMasterControl</name>
         <value>0x1a4b</value>
         <object_component_ref idref="oc-26f"/>
      </symbol>
      <symbol id="sm-440">
         <name>I2CMasterBusy</name>
         <value>0x1a1b</value>
         <object_component_ref idref="oc-275"/>
      </symbol>
      <symbol id="sm-441">
         <name>I2CMasterEnable</name>
         <value>0x1a11</value>
         <object_component_ref idref="oc-218"/>
      </symbol>
      <symbol id="sm-4a0">
         <name>SysCtlClockSet</name>
         <value>0xd35</value>
         <object_component_ref idref="oc-d8"/>
      </symbol>
      <symbol id="sm-4a1">
         <name>SysCtlDelay</name>
         <value>0x1a3f</value>
         <object_component_ref idref="oc-126"/>
      </symbol>
      <symbol id="sm-4a2">
         <name>SysCtlPeripheralEnable</name>
         <value>0x17cd</value>
         <object_component_ref idref="oc-de"/>
      </symbol>
      <symbol id="sm-4a3">
         <name>SysCtlClockGet</name>
         <value>0xb19</value>
         <object_component_ref idref="oc-195"/>
      </symbol>
      <symbol id="sm-4a4">
         <name>SysCtlPeripheralReady</name>
         <value>0x1795</value>
         <object_component_ref idref="oc-e4"/>
      </symbol>
      <symbol id="sm-4a6">
         <name>__TI_static_base__</name>
         <value>0x0</value>
      </symbol>
      <symbol id="sm-4a9">
         <name>SHT$$INIT_ARRAY$$Limit</name>
         <value>0x0</value>
      </symbol>
      <symbol id="sm-4aa">
         <name>SHT$$INIT_ARRAY$$Base</name>
         <value>0x0</value>
      </symbol>
   </symbol_table>
   <title>Link successful</title>
</link_info>
